Apache Maven 3.9.4 (dfbb324ad4a7c8fb0bf182e6d91b0ae20e3d2dd9)
Maven home: C:\Users\naidu\.m2\wrapper\dists\apache-maven-3.9.4-bin\32a55694\apache-maven-3.9.4
Java version: 17.0.18, vendor: Microsoft, runtime: C:\Program Files\Microsoft\jdk-17.0.18.8-hotspot
Default locale: en_US, platform encoding: Cp1252
OS name: "windows 11", version: "10.0", arch: "amd64", family: "windows"
[DEBUG] Created new class realm maven.api
[DEBUG] Importing foreign packages into class realm maven.api
[DEBUG]   Imported: javax.annotation.* < plexus.core
[DEBUG]   Imported: javax.annotation.security.* < plexus.core
[DEBUG]   Imported: javax.inject.* < plexus.core
[DEBUG]   Imported: org.apache.maven.* < plexus.core
[DEBUG]   Imported: org.apache.maven.artifact < plexus.core
[DEBUG]   Imported: org.apache.maven.classrealm < plexus.core
[DEBUG]   Imported: org.apache.maven.cli < plexus.core
[DEBUG]   Imported: org.apache.maven.configuration < plexus.core
[DEBUG]   Imported: org.apache.maven.exception < plexus.core
[DEBUG]   Imported: org.apache.maven.execution < plexus.core
[DEBUG]   Imported: org.apache.maven.execution.scope < plexus.core
[DEBUG]   Imported: org.apache.maven.graph < plexus.core
[DEBUG]   Imported: org.apache.maven.lifecycle < plexus.core
[DEBUG]   Imported: org.apache.maven.model < plexus.core
[DEBUG]   Imported: org.apache.maven.monitor < plexus.core
[DEBUG]   Imported: org.apache.maven.plugin < plexus.core
[DEBUG]   Imported: org.apache.maven.profiles < plexus.core
[DEBUG]   Imported: org.apache.maven.project < plexus.core
[DEBUG]   Imported: org.apache.maven.reporting < plexus.core
[DEBUG]   Imported: org.apache.maven.repository < plexus.core
[DEBUG]   Imported: org.apache.maven.rtinfo < plexus.core
[DEBUG]   Imported: org.apache.maven.settings < plexus.core
[DEBUG]   Imported: org.apache.maven.toolchain < plexus.core
[DEBUG]   Imported: org.apache.maven.usability < plexus.core
[DEBUG]   Imported: org.apache.maven.wagon.* < plexus.core
[DEBUG]   Imported: org.apache.maven.wagon.authentication < plexus.core
[DEBUG]   Imported: org.apache.maven.wagon.authorization < plexus.core
[DEBUG]   Imported: org.apache.maven.wagon.events < plexus.core
[DEBUG]   Imported: org.apache.maven.wagon.observers < plexus.core
[DEBUG]   Imported: org.apache.maven.wagon.proxy < plexus.core
[DEBUG]   Imported: org.apache.maven.wagon.repository < plexus.core
[DEBUG]   Imported: org.apache.maven.wagon.resource < plexus.core
[DEBUG]   Imported: org.codehaus.classworlds < plexus.core
[DEBUG]   Imported: org.codehaus.plexus.* < plexus.core
[DEBUG]   Imported: org.codehaus.plexus.classworlds < plexus.core
[DEBUG]   Imported: org.codehaus.plexus.component < plexus.core
[DEBUG]   Imported: org.codehaus.plexus.configuration < plexus.core
[DEBUG]   Imported: org.codehaus.plexus.container < plexus.core
[DEBUG]   Imported: org.codehaus.plexus.context < plexus.core
[DEBUG]   Imported: org.codehaus.plexus.lifecycle < plexus.core
[DEBUG]   Imported: org.codehaus.plexus.logging < plexus.core
[DEBUG]   Imported: org.codehaus.plexus.personality < plexus.core
[DEBUG]   Imported: org.codehaus.plexus.util.xml.Xpp3Dom < plexus.core
[DEBUG]   Imported: org.codehaus.plexus.util.xml.pull.XmlPullParser < plexus.core
[DEBUG]   Imported: org.codehaus.plexus.util.xml.pull.XmlPullParserException < plexus.core
[DEBUG]   Imported: org.codehaus.plexus.util.xml.pull.XmlSerializer < plexus.core
[DEBUG]   Imported: org.eclipse.aether.* < plexus.core
[DEBUG]   Imported: org.eclipse.aether.artifact < plexus.core
[DEBUG]   Imported: org.eclipse.aether.collection < plexus.core
[DEBUG]   Imported: org.eclipse.aether.deployment < plexus.core
[DEBUG]   Imported: org.eclipse.aether.graph < plexus.core
[DEBUG]   Imported: org.eclipse.aether.impl < plexus.core
[DEBUG]   Imported: org.eclipse.aether.installation < plexus.core
[DEBUG]   Imported: org.eclipse.aether.internal.impl < plexus.core
[DEBUG]   Imported: org.eclipse.aether.metadata < plexus.core
[DEBUG]   Imported: org.eclipse.aether.repository < plexus.core
[DEBUG]   Imported: org.eclipse.aether.resolution < plexus.core
[DEBUG]   Imported: org.eclipse.aether.spi < plexus.core
[DEBUG]   Imported: org.eclipse.aether.transfer < plexus.core
[DEBUG]   Imported: org.eclipse.aether.util < plexus.core
[DEBUG]   Imported: org.eclipse.aether.version < plexus.core
[DEBUG]   Imported: org.fusesource.jansi.* < plexus.core
[DEBUG]   Imported: org.slf4j.* < plexus.core
[DEBUG]   Imported: org.slf4j.event.* < plexus.core
[DEBUG]   Imported: org.slf4j.helpers.* < plexus.core
[DEBUG]   Imported: org.slf4j.spi.* < plexus.core
[DEBUG] Populating class realm maven.api
[DEBUG] Created adapter factory; available factories [file-lock, rwlock-local, semaphore-local, noop]; available name mappers [discriminating, file-gav, file-hgav, file-static, gav, static]
[INFO] Error stacktraces are turned on.
[DEBUG] Message scheme: color
[DEBUG] Message styles: debug info warning error success failure strong mojo project
[DEBUG] Reading global settings from C:\Users\naidu\.m2\wrapper\dists\apache-maven-3.9.4-bin\32a55694\apache-maven-3.9.4\conf\settings.xml
[DEBUG] Reading user settings from C:\Users\naidu\.m2\settings.xml
[DEBUG] Reading global toolchains from C:\Users\naidu\.m2\wrapper\dists\apache-maven-3.9.4-bin\32a55694\apache-maven-3.9.4\conf\toolchains.xml
[DEBUG] Reading user toolchains from C:\Users\naidu\.m2\toolchains.xml
[DEBUG] Using local repository at C:\Users\naidu\.m2\repository
[DEBUG] Using manager EnhancedLocalRepositoryManager with priority 10.0 for C:\Users\naidu\.m2\repository
[INFO] Scanning for projects...
[DEBUG] Creating adapter using nameMapper 'gav' and factory 'rwlock-local'
[DEBUG] Extension realms for project com.naidugudivada:ecommerce-extension:jar:0.0.1-SNAPSHOT: (none)
[DEBUG] Looking up lifecycle mappings for packaging jar from ClassRealm[plexus.core, parent: null]
[DEBUG] Extension realms for project org.springframework.boot:spring-boot-starter-parent:pom:3.5.3: (none)
[DEBUG] Looking up lifecycle mappings for packaging pom from ClassRealm[plexus.core, parent: null]
[DEBUG] Extension realms for project org.springframework.boot:spring-boot-dependencies:pom:3.5.3: (none)
[DEBUG] Looking up lifecycle mappings for packaging pom from ClassRealm[plexus.core, parent: null]
[DEBUG] === REACTOR BUILD PLAN ================================================
[DEBUG] Project: com.naidugudivada:ecommerce-extension:jar:0.0.1-SNAPSHOT
[DEBUG] Tasks:   [clean, test]
[DEBUG] Style:   Regular
[DEBUG] =======================================================================
[INFO] 
[INFO] ---------------< com.naidugudivada:ecommerce-extension >----------------
[INFO] Building ecommerce-extension 0.0.1-SNAPSHOT
[INFO]   from pom.xml
[INFO] --------------------------------[ jar ]---------------------------------
[DEBUG] Lifecycle clean -> [pre-clean, clean, post-clean]
[DEBUG] Lifecycle default -> [validate, initialize, generate-sources, process-sources, generate-resources, process-resources, compile, process-classes, generate-test-sources, process-test-sources, generate-test-resources, process-test-resources, test-compile, process-test-classes, test, prepare-package, package, pre-integration-test, integration-test, post-integration-test, verify, install, deploy]
[DEBUG] Lifecycle site -> [pre-site, site, post-site, site-deploy]
[DEBUG] Lifecycle clean -> [pre-clean, clean, post-clean]
[DEBUG] Lifecycle default -> [validate, initialize, generate-sources, process-sources, generate-resources, process-resources, compile, process-classes, generate-test-sources, process-test-sources, generate-test-resources, process-test-resources, test-compile, process-test-classes, test, prepare-package, package, pre-integration-test, integration-test, post-integration-test, verify, install, deploy]
[DEBUG] Lifecycle site -> [pre-site, site, post-site, site-deploy]
[DEBUG] Lifecycle clean -> [pre-clean, clean, post-clean]
[DEBUG] Lifecycle default -> [validate, initialize, generate-sources, process-sources, generate-resources, process-resources, compile, process-classes, generate-test-sources, process-test-sources, generate-test-resources, process-test-resources, test-compile, process-test-classes, test, prepare-package, package, pre-integration-test, integration-test, post-integration-test, verify, install, deploy]
[DEBUG] Lifecycle site -> [pre-site, site, post-site, site-deploy]
[DEBUG] Lifecycle clean -> [pre-clean, clean, post-clean]
[DEBUG] Lifecycle default -> [validate, initialize, generate-sources, process-sources, generate-resources, process-resources, compile, process-classes, generate-test-sources, process-test-sources, generate-test-resources, process-test-resources, test-compile, process-test-classes, test, prepare-package, package, pre-integration-test, integration-test, post-integration-test, verify, install, deploy]
[DEBUG] Lifecycle site -> [pre-site, site, post-site, site-deploy]
[DEBUG] Lifecycle clean -> [pre-clean, clean, post-clean]
[DEBUG] Lifecycle default -> [validate, initialize, generate-sources, process-sources, generate-resources, process-resources, compile, process-classes, generate-test-sources, process-test-sources, generate-test-resources, process-test-resources, test-compile, process-test-classes, test, prepare-package, package, pre-integration-test, integration-test, post-integration-test, verify, install, deploy]
[DEBUG] Lifecycle site -> [pre-site, site, post-site, site-deploy]
[DEBUG] Lifecycle clean -> [pre-clean, clean, post-clean]
[DEBUG] Lifecycle default -> [validate, initialize, generate-sources, process-sources, generate-resources, process-resources, compile, process-classes, generate-test-sources, process-test-sources, generate-test-resources, process-test-resources, test-compile, process-test-classes, test, prepare-package, package, pre-integration-test, integration-test, post-integration-test, verify, install, deploy]
[DEBUG] Lifecycle site -> [pre-site, site, post-site, site-deploy]
[DEBUG] Lifecycle clean -> [pre-clean, clean, post-clean]
[DEBUG] Lifecycle default -> [validate, initialize, generate-sources, process-sources, generate-resources, process-resources, compile, process-classes, generate-test-sources, process-test-sources, generate-test-resources, process-test-resources, test-compile, process-test-classes, test, prepare-package, package, pre-integration-test, integration-test, post-integration-test, verify, install, deploy]
[DEBUG] Lifecycle site -> [pre-site, site, post-site, site-deploy]
[DEBUG] Lifecycle clean -> [pre-clean, clean, post-clean]
[DEBUG] Lifecycle default -> [validate, initialize, generate-sources, process-sources, generate-resources, process-resources, compile, process-classes, generate-test-sources, process-test-sources, generate-test-resources, process-test-resources, test-compile, process-test-classes, test, prepare-package, package, pre-integration-test, integration-test, post-integration-test, verify, install, deploy]
[DEBUG] Lifecycle site -> [pre-site, site, post-site, site-deploy]
[DEBUG] === PROJECT BUILD PLAN ================================================
[DEBUG] Project:       com.naidugudivada:ecommerce-extension:0.0.1-SNAPSHOT
[DEBUG] Dependencies (collect): []
[DEBUG] Dependencies (resolve): [compile, test]
[DEBUG] Repositories (dependencies): [central (https://repo.maven.apache.org/maven2, default, releases)]
[DEBUG] Repositories (plugins)     : [central (https://repo.maven.apache.org/maven2, default, releases)]
[DEBUG] -----------------------------------------------------------------------
[DEBUG] Goal:          org.apache.maven.plugins:maven-clean-plugin:3.4.1:clean (default-clean)
[DEBUG] Style:         Regular
[DEBUG] Configuration: <?xml version="1.0" encoding="UTF-8"?>
<configuration>
  <directory default-value="${project.build.directory}"/>
  <excludeDefaultDirectories default-value="false">${maven.clean.excludeDefaultDirectories}</excludeDefaultDirectories>
  <failOnError default-value="true">${maven.clean.failOnError}</failOnError>
  <fast default-value="false">${maven.clean.fast}</fast>
  <fastDir>${maven.clean.fastDir}</fastDir>
  <fastMode default-value="background">${maven.clean.fastMode}</fastMode>
  <followSymLinks default-value="false">${maven.clean.followSymLinks}</followSymLinks>
  <outputDirectory default-value="${project.build.outputDirectory}"/>
  <reportDirectory default-value="${project.build.outputDirectory}"/>
  <retryOnError default-value="true">${maven.clean.retryOnError}</retryOnError>
  <session default-value="${session}"/>
  <skip default-value="false">${maven.clean.skip}</skip>
  <testOutputDirectory default-value="${project.build.testOutputDirectory}"/>
  <verbose>${maven.clean.verbose}</verbose>
</configuration>
[DEBUG] -----------------------------------------------------------------------
[DEBUG] Goal:          org.apache.maven.plugins:maven-resources-plugin:3.3.1:resources (default-resources)
[DEBUG] Style:         Regular
[DEBUG] Configuration: <?xml version="1.0" encoding="UTF-8"?>
<configuration>
  <addDefaultExcludes default-value="true"/>
  <buildFilters default-value="${project.build.filters}"/>
  <delimiters>
    <delimiter>@</delimiter>
  </delimiters>
  <encoding default-value="${project.build.sourceEncoding}"/>
  <escapeWindowsPaths default-value="true"/>
  <fileNameFiltering default-value="false"/>
  <includeEmptyDirs default-value="false"/>
  <outputDirectory default-value="${project.build.outputDirectory}"/>
  <overwrite default-value="false"/>
  <project default-value="${project}"/>
  <propertiesEncoding>UTF-8</propertiesEncoding>
  <resources default-value="${project.resources}"/>
  <session default-value="${session}"/>
  <skip default-value="false">${maven.resources.skip}</skip>
  <supportMultiLineFiltering default-value="false"/>
  <useBuildFilters default-value="true"/>
  <useDefaultDelimiters default-value="true">false</useDefaultDelimiters>
</configuration>
[DEBUG] -----------------------------------------------------------------------
[DEBUG] Goal:          org.apache.maven.plugins:maven-compiler-plugin:3.14.0:compile (default-compile)
[DEBUG] Style:         Regular
[DEBUG] Configuration: <?xml version="1.0" encoding="UTF-8"?>
<configuration>
  <annotationProcessorPathsUseDepMgmt default-value="false"/>
  <basedir default-value="${basedir}"/>
  <buildDirectory default-value="${project.build.directory}"/>
  <compilePath default-value="${project.compileClasspathElements}"/>
  <compileSourceRoots default-value="${project.compileSourceRoots}"/>
  <compilerId default-value="javac">${maven.compiler.compilerId}</compilerId>
  <compilerReuseStrategy default-value="${reuseCreated}">${maven.compiler.compilerReuseStrategy}</compilerReuseStrategy>
  <compilerVersion>${maven.compiler.compilerVersion}</compilerVersion>
  <createMissingPackageInfoClass default-value="true">${maven.compiler.createMissingPackageInfoClass}</createMissingPackageInfoClass>
  <debug default-value="true">${maven.compiler.debug}</debug>
  <debugFileName default-value="javac"/>
  <debuglevel>${maven.compiler.debuglevel}</debuglevel>
  <enablePreview default-value="false">${maven.compiler.enablePreview}</enablePreview>
  <encoding default-value="${project.build.sourceEncoding}">${encoding}</encoding>
  <executable>${maven.compiler.executable}</executable>
  <failOnError default-value="true">${maven.compiler.failOnError}</failOnError>
  <failOnWarning default-value="false">${maven.compiler.failOnWarning}</failOnWarning>
  <fileExtensions default-value="class,jar"/>
  <forceJavacCompilerUse default-value="false">${maven.compiler.forceJavacCompilerUse}</forceJavacCompilerUse>
  <forceLegacyJavacApi default-value="false">${maven.compiler.forceLegacyJavacApi}</forceLegacyJavacApi>
  <fork default-value="false">${maven.compiler.fork}</fork>
  <generatedSourcesDirectory default-value="${project.build.directory}/generated-sources/annotations"/>
  <implicit>${maven.compiler.implicit}</implicit>
  <maxmem>${maven.compiler.maxmem}</maxmem>
  <meminitial>${maven.compiler.meminitial}</meminitial>
  <moduleVersion default-value="${project.version}">${maven.compiler.moduleVersion}</moduleVersion>
  <mojoExecution default-value="${mojoExecution}"/>
  <optimize default-value="false">${maven.compiler.optimize}</optimize>
  <outputDirectory default-value="${project.build.outputDirectory}">${maven.compiler.outputDirectory}</outputDirectory>
  <outputTimestamp default-value="${project.build.outputTimestamp}"/>
  <parameters default-value="false">true</parameters>
  <proc>${maven.compiler.proc}</proc>
  <project default-value="${project}"/>
  <projectArtifact default-value="${project.artifact}"/>
  <release>${maven.compiler.release}</release>
  <session default-value="${session}"/>
  <showCompilationChanges default-value="false">${maven.compiler.showCompilationChanges}</showCompilationChanges>
  <showDeprecation default-value="false">${maven.compiler.showDeprecation}</showDeprecation>
  <showWarnings default-value="true">${maven.compiler.showWarnings}</showWarnings>
  <skipMain>${maven.main.skip}</skipMain>
  <skipMultiThreadWarning default-value="false">${maven.compiler.skipMultiThreadWarning}</skipMultiThreadWarning>
  <source default-value="1.8">${maven.compiler.source}</source>
  <staleMillis default-value="0">${lastModGranularityMs}</staleMillis>
  <target default-value="1.8">${maven.compiler.target}</target>
  <useIncrementalCompilation default-value="true">${maven.compiler.useIncrementalCompilation}</useIncrementalCompilation>
  <verbose default-value="false">${maven.compiler.verbose}</verbose>
</configuration>
[DEBUG] -----------------------------------------------------------------------
[DEBUG] Goal:          org.apache.maven.plugins:maven-resources-plugin:3.3.1:testResources (default-testResources)
[DEBUG] Style:         Regular
[DEBUG] Configuration: <?xml version="1.0" encoding="UTF-8"?>
<configuration>
  <addDefaultExcludes default-value="true"/>
  <buildFilters default-value="${project.build.filters}"/>
  <delimiters>
    <delimiter>@</delimiter>
  </delimiters>
  <encoding default-value="${project.build.sourceEncoding}"/>
  <escapeWindowsPaths default-value="true"/>
  <fileNameFiltering default-value="false"/>
  <includeEmptyDirs default-value="false"/>
  <outputDirectory default-value="${project.build.testOutputDirectory}"/>
  <overwrite default-value="false"/>
  <project default-value="${project}"/>
  <propertiesEncoding>UTF-8</propertiesEncoding>
  <resources default-value="${project.testResources}"/>
  <session default-value="${session}"/>
  <skip default-value="false">${maven.test.skip}</skip>
  <supportMultiLineFiltering default-value="false"/>
  <useBuildFilters default-value="true"/>
  <useDefaultDelimiters default-value="true">false</useDefaultDelimiters>
</configuration>
[DEBUG] -----------------------------------------------------------------------
[DEBUG] Goal:          org.apache.maven.plugins:maven-compiler-plugin:3.14.0:testCompile (default-testCompile)
[DEBUG] Style:         Regular
[DEBUG] Configuration: <?xml version="1.0" encoding="UTF-8"?>
<configuration>
  <annotationProcessorPathsUseDepMgmt default-value="false"/>
  <basedir default-value="${basedir}"/>
  <buildDirectory default-value="${project.build.directory}"/>
  <compileSourceRoots default-value="${project.testCompileSourceRoots}"/>
  <compilerId default-value="javac">${maven.compiler.compilerId}</compilerId>
  <compilerReuseStrategy default-value="${reuseCreated}">${maven.compiler.compilerReuseStrategy}</compilerReuseStrategy>
  <compilerVersion>${maven.compiler.compilerVersion}</compilerVersion>
  <createMissingPackageInfoClass default-value="true">${maven.compiler.createMissingPackageInfoClass}</createMissingPackageInfoClass>
  <debug default-value="true">${maven.compiler.debug}</debug>
  <debugFileName default-value="javac-test"/>
  <debuglevel>${maven.compiler.debuglevel}</debuglevel>
  <enablePreview default-value="false">${maven.compiler.enablePreview}</enablePreview>
  <encoding default-value="${project.build.sourceEncoding}">${encoding}</encoding>
  <executable>${maven.compiler.executable}</executable>
  <failOnError default-value="true">${maven.compiler.failOnError}</failOnError>
  <failOnWarning default-value="false">${maven.compiler.failOnWarning}</failOnWarning>
  <fileExtensions default-value="class,jar"/>
  <forceJavacCompilerUse default-value="false">${maven.compiler.forceJavacCompilerUse}</forceJavacCompilerUse>
  <forceLegacyJavacApi default-value="false">${maven.compiler.forceLegacyJavacApi}</forceLegacyJavacApi>
  <fork default-value="false">${maven.compiler.fork}</fork>
  <generatedTestSourcesDirectory default-value="${project.build.directory}/generated-test-sources/test-annotations"/>
  <implicit>${maven.compiler.implicit}</implicit>
  <maxmem>${maven.compiler.maxmem}</maxmem>
  <meminitial>${maven.compiler.meminitial}</meminitial>
  <mojoExecution default-value="${mojoExecution}"/>
  <optimize default-value="false">${maven.compiler.optimize}</optimize>
  <outputDirectory default-value="${project.build.testOutputDirectory}"/>
  <outputTimestamp default-value="${project.build.outputTimestamp}"/>
  <parameters default-value="false">true</parameters>
  <proc>${maven.compiler.proc}</proc>
  <project default-value="${project}"/>
  <release>${maven.compiler.release}</release>
  <session default-value="${session}"/>
  <showCompilationChanges default-value="false">${maven.compiler.showCompilationChanges}</showCompilationChanges>
  <showDeprecation default-value="false">${maven.compiler.showDeprecation}</showDeprecation>
  <showWarnings default-value="true">${maven.compiler.showWarnings}</showWarnings>
  <skip>${maven.test.skip}</skip>
  <skipMultiThreadWarning default-value="false">${maven.compiler.skipMultiThreadWarning}</skipMultiThreadWarning>
  <source default-value="1.8">${maven.compiler.source}</source>
  <staleMillis default-value="0">${lastModGranularityMs}</staleMillis>
  <target default-value="1.8">${maven.compiler.target}</target>
  <testPath default-value="${project.testClasspathElements}"/>
  <testRelease>${maven.compiler.testRelease}</testRelease>
  <testSource>${maven.compiler.testSource}</testSource>
  <testTarget>${maven.compiler.testTarget}</testTarget>
  <useIncrementalCompilation default-value="true">${maven.compiler.useIncrementalCompilation}</useIncrementalCompilation>
  <useModulePath default-value="true"/>
  <verbose default-value="false">${maven.compiler.verbose}</verbose>
</configuration>
[DEBUG] -----------------------------------------------------------------------
[DEBUG] Goal:          org.apache.maven.plugins:maven-surefire-plugin:3.5.3:test (default-test)
[DEBUG] Style:         Regular
[DEBUG] Configuration: <?xml version="1.0" encoding="UTF-8"?>
<configuration>
  <additionalClasspathDependencies>${maven.test.additionalClasspathDependencies}</additionalClasspathDependencies>
  <additionalClasspathElements>${maven.test.additionalClasspath}</additionalClasspathElements>
  <argLine>${argLine}</argLine>
  <basedir default-value="${basedir}"/>
  <childDelegation default-value="false">${childDelegation}</childDelegation>
  <classesDirectory default-value="${project.build.outputDirectory}"/>
  <classpathDependencyExcludes>${maven.test.dependency.excludes}</classpathDependencyExcludes>
  <debugForkedProcess>${maven.surefire.debug}</debugForkedProcess>
  <dependenciesToScan>${dependenciesToScan}</dependenciesToScan>
  <disableXmlReport>${disableXmlReport}</disableXmlReport>
  <enableAssertions default-value="true">${enableAssertions}</enableAssertions>
  <enableOutErrElements default-value="true">${enableOutErrElements}</enableOutErrElements>
  <enableProcessChecker>${surefire.enableProcessChecker}</enableProcessChecker>
  <enablePropertiesElement default-value="true">${enablePropertiesElement}</enablePropertiesElement>
  <encoding default-value="${project.reporting.outputEncoding}">${surefire.encoding}</encoding>
  <excludeJUnit5Engines>${surefire.excludeJUnit5Engines}</excludeJUnit5Engines>
  <excludedEnvironmentVariables>${surefire.excludedEnvironmentVariables}</excludedEnvironmentVariables>
  <excludedGroups>${excludedGroups}</excludedGroups>
  <excludes>${surefire.excludes}</excludes>
  <excludesFile>${surefire.excludesFile}</excludesFile>
  <failIfNoSpecifiedTests default-value="true">${surefire.failIfNoSpecifiedTests}</failIfNoSpecifiedTests>
  <failIfNoTests default-value="false">${failIfNoTests}</failIfNoTests>
  <failOnFlakeCount default-value="0">${surefire.failOnFlakeCount}</failOnFlakeCount>
  <forkCount default-value="1">${forkCount}</forkCount>
  <forkNode>${surefire.forkNode}</forkNode>
  <forkedProcessExitTimeoutInSeconds default-value="30">${surefire.exitTimeout}</forkedProcessExitTimeoutInSeconds>
  <forkedProcessTimeoutInSeconds>${surefire.timeout}</forkedProcessTimeoutInSeconds>
  <groups>${groups}</groups>
  <includeJUnit5Engines>${surefire.includeJUnit5Engines}</includeJUnit5Engines>
  <includes>${surefire.includes}</includes>
  <includesFile>${surefire.includesFile}</includesFile>
  <junitArtifactName default-value="junit:junit">${junitArtifactName}</junitArtifactName>
  <jvm>${jvm}</jvm>
  <objectFactory>${objectFactory}</objectFactory>
  <parallel>${parallel}</parallel>
  <parallelMavenExecution default-value="${session.parallel}"/>
  <parallelOptimized default-value="true">${parallelOptimized}</parallelOptimized>
  <parallelTestsTimeoutForcedInSeconds>${surefire.parallel.forcedTimeout}</parallelTestsTimeoutForcedInSeconds>
  <parallelTestsTimeoutInSeconds>${surefire.parallel.timeout}</parallelTestsTimeoutInSeconds>
  <perCoreThreadCount default-value="true">${perCoreThreadCount}</perCoreThreadCount>
  <pluginArtifactMap>${plugin.artifactMap}</pluginArtifactMap>
  <pluginDescriptor default-value="${plugin}"/>
  <printSummary default-value="true">${surefire.printSummary}</printSummary>
  <project default-value="${project}"/>
  <projectArtifactMap>${project.artifactMap}</projectArtifactMap>
  <projectBuildDirectory default-value="${project.build.directory}"/>
  <promoteUserPropertiesToSystemProperties default-value="true"/>
  <redirectTestOutputToFile default-value="false">${maven.test.redirectTestOutputToFile}</redirectTestOutputToFile>
  <reportFormat default-value="brief">${surefire.reportFormat}</reportFormat>
  <reportNameSuffix default-value="">${surefire.reportNameSuffix}</reportNameSuffix>
  <reportsDirectory default-value="${project.build.directory}/surefire-reports"/>
  <rerunFailingTestsCount default-value="0">${surefire.rerunFailingTestsCount}</rerunFailingTestsCount>
  <reuseForks default-value="true">${reuseForks}</reuseForks>
  <runOrder default-value="filesystem">${surefire.runOrder}</runOrder>
  <runOrderRandomSeed>${surefire.runOrder.random.seed}</runOrderRandomSeed>
  <session default-value="${session}"/>
  <shutdown default-value="exit">${surefire.shutdown}</shutdown>
  <skip default-value="false">${maven.test.skip}</skip>
  <skipAfterFailureCount default-value="0">${surefire.skipAfterFailureCount}</skipAfterFailureCount>
  <skipExec>${maven.test.skip.exec}</skipExec>
  <skipTests default-value="false">${skipTests}</skipTests>
  <suiteXmlFiles>${surefire.suiteXmlFiles}</suiteXmlFiles>
  <systemPropertiesFile>${surefire.systemPropertiesFile}</systemPropertiesFile>
  <tempDir default-value="surefire">${tempDir}</tempDir>
  <test>${test}</test>
  <testClassesDirectory default-value="${project.build.testOutputDirectory}"/>
  <testFailureIgnore default-value="false">${maven.test.failure.ignore}</testFailureIgnore>
  <testNGArtifactName default-value="org.testng:testng">${testNGArtifactName}</testNGArtifactName>
  <testSourceDirectory default-value="${project.build.testSourceDirectory}"/>
  <threadCount>${threadCount}</threadCount>
  <threadCountClasses default-value="0">${threadCountClasses}</threadCountClasses>
  <threadCountMethods default-value="0">${threadCountMethods}</threadCountMethods>
  <threadCountSuites default-value="0">${threadCountSuites}</threadCountSuites>
  <trimStackTrace default-value="false">${trimStackTrace}</trimStackTrace>
  <useFile default-value="true">${surefire.useFile}</useFile>
  <useManifestOnlyJar default-value="true">${surefire.useManifestOnlyJar}</useManifestOnlyJar>
  <useModulePath default-value="true">${surefire.useModulePath}</useModulePath>
  <useSystemClassLoader default-value="true">${surefire.useSystemClassLoader}</useSystemClassLoader>
  <useUnlimitedThreads default-value="false">${useUnlimitedThreads}</useUnlimitedThreads>
  <workingDirectory>${basedir}</workingDirectory>
</configuration>
[DEBUG] =======================================================================
[DEBUG] Using mirror maven-default-http-blocker (http://0.0.0.0/) for vaadin-snapshots (http://oss.sonatype.org/content/repositories/vaadin-snapshots/).
[DEBUG] Using mirror maven-default-http-blocker (http://0.0.0.0/) for vaadin-releases (http://oss.sonatype.org/content/repositories/vaadin-releases/).
[DEBUG] Using mirror maven-default-http-blocker (http://0.0.0.0/) for apache.snapshots (http://repository.apache.org/snapshots).
[DEBUG] Dependency collection stats {ConflictMarker.analyzeTime=2852200, ConflictMarker.markTime=986100, ConflictMarker.nodeCount=643, ConflictIdSorter.graphTime=2166300, ConflictIdSorter.topsortTime=1237600, ConflictIdSorter.conflictIdCount=202, ConflictIdSorter.conflictIdCycleCount=0, ConflictResolver.totalTime=35197000, ConflictResolver.conflictItemCount=569, DfDependencyCollector.collectTime=1222754800, DfDependencyCollector.transformTime=44686200}
[DEBUG] com.naidugudivada:ecommerce-extension:jar:0.0.1-SNAPSHOT
[DEBUG]    org.springframework.boot:spring-boot-starter-data-jpa:jar:3.5.3:compile
[DEBUG]       org.springframework.boot:spring-boot-starter:jar:3.5.3:compile (version managed from 3.5.3)
[DEBUG]          org.springframework.boot:spring-boot-starter-logging:jar:3.5.3:compile (version managed from 3.5.3)
[DEBUG]             ch.qos.logback:logback-classic:jar:1.5.18:compile (version managed from 1.5.18)
[DEBUG]                ch.qos.logback:logback-core:jar:1.5.18:compile (version managed from 1.5.18)
[DEBUG]             org.apache.logging.log4j:log4j-to-slf4j:jar:2.24.3:compile (version managed from 2.24.3)
[DEBUG]                org.apache.logging.log4j:log4j-api:jar:2.24.3:compile (version managed from 2.24.3)
[DEBUG]             org.slf4j:jul-to-slf4j:jar:2.0.17:compile (version managed from 2.0.17)
[DEBUG]          jakarta.annotation:jakarta.annotation-api:jar:2.1.1:compile (version managed from 2.1.1)
[DEBUG]          org.yaml:snakeyaml:jar:2.4:compile (version managed from 2.4)
[DEBUG]       org.springframework.boot:spring-boot-starter-jdbc:jar:3.5.3:compile (version managed from 3.5.3)
[DEBUG]          com.zaxxer:HikariCP:jar:6.3.0:compile (version managed from 6.3.0)
[DEBUG]          org.springframework:spring-jdbc:jar:6.2.8:compile (version managed from 6.2.8)
[DEBUG]       org.hibernate.orm:hibernate-core:jar:6.6.18.Final:compile (version managed from 6.6.18.Final)
[DEBUG]          jakarta.persistence:jakarta.persistence-api:jar:3.1.0:compile (version managed from 3.1.0)
[DEBUG]          jakarta.transaction:jakarta.transaction-api:jar:2.0.1:compile (version managed from 2.0.1)
[DEBUG]          org.jboss.logging:jboss-logging:jar:3.6.1.Final:compile (version managed from 3.5.0.Final)
[DEBUG]          org.hibernate.common:hibernate-commons-annotations:jar:7.0.3.Final:runtime
[DEBUG]          io.smallrye:jandex:jar:3.2.0:runtime
[DEBUG]          com.fasterxml:classmate:jar:1.7.0:compile (version managed from 1.5.1)
[DEBUG]          net.bytebuddy:byte-buddy:jar:1.17.6:runtime (version managed from 1.15.11)
[DEBUG]          org.glassfish.jaxb:jaxb-runtime:jar:4.0.5:runtime (version managed from 4.0.2)
[DEBUG]             org.glassfish.jaxb:jaxb-core:jar:4.0.5:runtime (version managed from 4.0.5)
[DEBUG]                org.eclipse.angus:angus-activation:jar:2.0.2:runtime (version managed from 2.0.2)
[DEBUG]                org.glassfish.jaxb:txw2:jar:4.0.5:runtime (version managed from 4.0.5)
[DEBUG]                com.sun.istack:istack-commons-runtime:jar:4.1.2:runtime (version managed from 4.1.2)
[DEBUG]          jakarta.inject:jakarta.inject-api:jar:2.0.1:runtime (version managed from 2.0.1)
[DEBUG]          org.antlr:antlr4-runtime:jar:4.13.0:compile
[DEBUG]       org.springframework.data:spring-data-jpa:jar:3.5.1:compile (version managed from 3.5.1)
[DEBUG]          org.springframework.data:spring-data-commons:jar:3.5.1:compile (version managed from 3.5.1)
[DEBUG]          org.springframework:spring-orm:jar:6.2.8:compile (version managed from 6.2.8)
[DEBUG]          org.springframework:spring-beans:jar:6.2.8:compile (version managed from 6.2.8)
[DEBUG]       org.springframework:spring-aspects:jar:6.2.8:compile (version managed from 6.2.8)
[DEBUG]    org.springframework.boot:spring-boot-starter-web:jar:3.5.3:compile
[DEBUG]       org.springframework.boot:spring-boot-starter-json:jar:3.5.3:compile (version managed from 3.5.3)
[DEBUG]          com.fasterxml.jackson.datatype:jackson-datatype-jdk8:jar:2.19.1:compile (version managed from 2.19.1)
[DEBUG]          com.fasterxml.jackson.module:jackson-module-parameter-names:jar:2.19.1:compile (version managed from 2.19.1)
[DEBUG]       org.springframework.boot:spring-boot-starter-tomcat:jar:3.5.3:compile (version managed from 3.5.3)
[DEBUG]          org.apache.tomcat.embed:tomcat-embed-core:jar:10.1.42:compile (version managed from 10.1.42)
[DEBUG]          org.apache.tomcat.embed:tomcat-embed-websocket:jar:10.1.42:compile (version managed from 10.1.42)
[DEBUG]       org.springframework:spring-web:jar:6.2.8:compile (version managed from 6.2.8)
[DEBUG]       org.springframework:spring-webmvc:jar:6.2.8:compile (version managed from 6.2.8)
[DEBUG]          org.springframework:spring-expression:jar:6.2.8:compile (version managed from 6.2.8)
[DEBUG]    org.springframework.boot:spring-boot-starter-actuator:jar:3.5.3:compile
[DEBUG]       org.springframework.boot:spring-boot-actuator-autoconfigure:jar:3.5.3:compile (version managed from 3.5.3)
[DEBUG]          org.springframework.boot:spring-boot-actuator:jar:3.5.3:compile (version managed from 3.5.3)
[DEBUG]       io.micrometer:micrometer-observation:jar:1.15.1:compile (version managed from 1.15.1)
[DEBUG]          io.micrometer:micrometer-commons:jar:1.15.1:compile (version managed from 1.15.1)
[DEBUG]       io.micrometer:micrometer-jakarta9:jar:1.15.1:compile (version managed from 1.15.1)
[DEBUG]          io.micrometer:micrometer-core:jar:1.15.1:compile (version managed from 1.15.1)
[DEBUG]             org.hdrhistogram:HdrHistogram:jar:2.2.2:runtime
[DEBUG]             org.latencyutils:LatencyUtils:jar:2.0.3:runtime
[DEBUG]    org.springframework.boot:spring-boot-devtools:jar:3.5.3:runtime (optional)
[DEBUG]       org.springframework.boot:spring-boot:jar:3.5.3:compile (version managed from 3.5.3)
[DEBUG]       org.springframework.boot:spring-boot-autoconfigure:jar:3.5.3:compile (version managed from 3.5.3)
[DEBUG]    org.postgresql:postgresql:jar:42.7.7:runtime
[DEBUG]       org.checkerframework:checker-qual:jar:3.49.3:runtime
[DEBUG]    org.projectlombok:lombok:jar:1.18.38:compile (optional)
[DEBUG]    org.springframework.boot:spring-boot-starter-test:jar:3.5.3:test
[DEBUG]       org.springframework.boot:spring-boot-test:jar:3.5.3:test (version managed from 3.5.3)
[DEBUG]       org.springframework.boot:spring-boot-test-autoconfigure:jar:3.5.3:test (version managed from 3.5.3)
[DEBUG]       com.jayway.jsonpath:json-path:jar:2.9.0:test (version managed from 2.9.0)
[DEBUG]       jakarta.xml.bind:jakarta.xml.bind-api:jar:4.0.2:compile (version managed from 4.0.2)
[DEBUG]          jakarta.activation:jakarta.activation-api:jar:2.1.3:compile (version managed from 2.1.3)
[DEBUG]       net.minidev:json-smart:jar:2.5.2:test (version managed from 2.5.2)
[DEBUG]          net.minidev:accessors-smart:jar:2.5.2:test
[DEBUG]             org.ow2.asm:asm:jar:9.7.1:test
[DEBUG]       org.assertj:assertj-core:jar:3.27.3:test (version managed from 3.27.3)
[DEBUG]       org.awaitility:awaitility:jar:4.2.2:test (version managed from 4.2.2)
[DEBUG]       org.hamcrest:hamcrest:jar:3.0:test (version managed from 3.0)
[DEBUG]       org.junit.jupiter:junit-jupiter:jar:5.12.2:test (version managed from 5.12.2)
[DEBUG]          org.junit.jupiter:junit-jupiter-api:jar:5.12.2:test (version managed from 5.12.2)
[DEBUG]             org.opentest4j:opentest4j:jar:1.3.0:test
[DEBUG]             org.junit.platform:junit-platform-commons:jar:1.12.2:test (version managed from 1.12.2)
[DEBUG]             org.apiguardian:apiguardian-api:jar:1.1.2:test
[DEBUG]          org.junit.jupiter:junit-jupiter-params:jar:5.12.2:test (version managed from 5.12.2)
[DEBUG]          org.junit.jupiter:junit-jupiter-engine:jar:5.12.2:test (version managed from 5.12.2)
[DEBUG]             org.junit.platform:junit-platform-engine:jar:1.12.2:test (version managed from 1.12.2)
[DEBUG]       org.mockito:mockito-core:jar:5.17.0:test (version managed from 5.17.0)
[DEBUG]          net.bytebuddy:byte-buddy-agent:jar:1.17.6:test (version managed from 1.15.11)
[DEBUG]          org.objenesis:objenesis:jar:3.3:test
[DEBUG]       org.mockito:mockito-junit-jupiter:jar:5.17.0:test (version managed from 5.17.0)
[DEBUG]       org.skyscreamer:jsonassert:jar:1.5.3:test (version managed from 1.5.3)
[DEBUG]          com.vaadin.external.google:android-json:jar:0.0.20131108.vaadin1:test
[DEBUG]       org.springframework:spring-core:jar:6.2.8:compile (version managed from 6.2.8)
[DEBUG]          org.springframework:spring-jcl:jar:6.2.8:compile (version managed from 6.2.8)
[DEBUG]       org.springframework:spring-test:jar:6.2.8:test (version managed from 6.2.8)
[DEBUG]       org.xmlunit:xmlunit-core:jar:2.10.2:test (version managed from 2.10.2)
[DEBUG]    org.springframework.boot:spring-boot-starter-validation:jar:3.5.3:compile
[DEBUG]       org.apache.tomcat.embed:tomcat-embed-el:jar:10.1.42:compile (version managed from 10.1.42)
[DEBUG]       org.hibernate.validator:hibernate-validator:jar:8.0.2.Final:compile (version managed from 8.0.2.Final)
[DEBUG]          jakarta.validation:jakarta.validation-api:jar:3.0.2:compile (version managed from 3.0.2)
[DEBUG]    org.mapstruct:mapstruct:jar:1.5.3.Final:provided
[DEBUG]    org.mapstruct:mapstruct-processor:jar:1.5.3.Final:provided
[DEBUG]    org.flywaydb:flyway-core:jar:11.7.2:compile
[DEBUG]       com.fasterxml.jackson.dataformat:jackson-dataformat-toml:jar:2.19.1:compile (version managed from 2.15.2)
[DEBUG]          com.fasterxml.jackson.core:jackson-core:jar:2.19.1:compile (version managed from 2.19.1)
[DEBUG]       com.fasterxml.jackson.datatype:jackson-datatype-jsr310:jar:2.19.1:compile (version managed from 2.15.2)
[DEBUG]          com.fasterxml.jackson.core:jackson-annotations:jar:2.19.1:compile (version managed from 2.19.1)
[DEBUG]    org.flywaydb:flyway-database-postgresql:jar:11.7.2:compile
[DEBUG]    org.springdoc:springdoc-openapi-starter-webmvc-ui:jar:2.8.5:compile
[DEBUG]       org.springdoc:springdoc-openapi-starter-webmvc-api:jar:2.8.5:compile
[DEBUG]          org.springdoc:springdoc-openapi-starter-common:jar:2.8.5:compile
[DEBUG]             io.swagger.core.v3:swagger-core-jakarta:jar:2.2.28:compile
[DEBUG]                io.swagger.core.v3:swagger-annotations-jakarta:jar:2.2.28:compile
[DEBUG]                io.swagger.core.v3:swagger-models-jakarta:jar:2.2.28:compile
[DEBUG]                com.fasterxml.jackson.dataformat:jackson-dataformat-yaml:jar:2.19.1:compile (version managed from 2.18.2)
[DEBUG]       org.webjars:swagger-ui:jar:5.18.3:compile
[DEBUG]       org.webjars:webjars-locator-lite:jar:1.1.0:compile (version managed from 1.0.1)
[DEBUG]          org.jspecify:jspecify:jar:1.0.0:compile (version managed from 1.0.0)
[DEBUG]    org.apache.commons:commons-lang3:jar:3.12.0:compile
[DEBUG]    org.springframework.kafka:spring-kafka:jar:3.3.7:compile
[DEBUG]       org.springframework:spring-context:jar:6.2.8:compile (version managed from 6.2.8)
[DEBUG]       org.springframework:spring-messaging:jar:6.2.8:compile (version managed from 6.2.8)
[DEBUG]       org.springframework:spring-tx:jar:6.2.8:compile (version managed from 6.2.8)
[DEBUG]       org.springframework.retry:spring-retry:jar:2.0.12:compile (version managed from 2.0.12)
[DEBUG]       org.apache.kafka:kafka-clients:jar:3.9.1:compile (version managed from 3.8.1)
[DEBUG]          com.github.luben:zstd-jni:jar:1.5.6-4:runtime
[DEBUG]          org.lz4:lz4-java:jar:1.8.0:runtime
[DEBUG]          org.xerial.snappy:snappy-java:jar:1.1.10.5:runtime
[DEBUG]    org.springframework.boot:spring-boot-starter-cache:jar:3.5.3:compile
[DEBUG]       org.springframework:spring-context-support:jar:6.2.8:compile (version managed from 6.2.8)
[DEBUG]    org.springframework.boot:spring-boot-starter-data-redis:jar:3.5.3:compile
[DEBUG]       io.lettuce:lettuce-core:jar:6.6.0.RELEASE:compile (version managed from 6.6.0.RELEASE)
[DEBUG]          redis.clients.authentication:redis-authx-core:jar:0.1.1-beta2:compile
[DEBUG]          io.netty:netty-common:jar:4.1.122.Final:compile (version managed from 4.1.118.Final)
[DEBUG]          io.netty:netty-handler:jar:4.1.122.Final:compile (version managed from 4.1.118.Final)
[DEBUG]             io.netty:netty-resolver:jar:4.1.122.Final:compile (version managed from 4.1.122.Final)
[DEBUG]             io.netty:netty-buffer:jar:4.1.122.Final:compile (version managed from 4.1.122.Final)
[DEBUG]             io.netty:netty-transport-native-unix-common:jar:4.1.122.Final:compile (version managed from 4.1.122.Final)
[DEBUG]             io.netty:netty-codec:jar:4.1.122.Final:compile (version managed from 4.1.122.Final)
[DEBUG]          io.netty:netty-transport:jar:4.1.122.Final:compile (version managed from 4.1.118.Final)
[DEBUG]          io.projectreactor:reactor-core:jar:3.7.7:compile (version managed from 3.6.6)
[DEBUG]             org.reactivestreams:reactive-streams:jar:1.0.4:compile (version managed from 1.0.4)
[DEBUG]       org.springframework.data:spring-data-redis:jar:3.5.1:compile (version managed from 3.5.1)
[DEBUG]          org.springframework.data:spring-data-keyvalue:jar:3.5.1:compile (version managed from 3.5.1)
[DEBUG]          org.springframework:spring-oxm:jar:6.2.8:compile (version managed from 6.2.8)
[DEBUG]    org.springframework.boot:spring-boot-starter-webflux:jar:3.5.3:compile
[DEBUG]       org.springframework.boot:spring-boot-starter-reactor-netty:jar:3.5.3:compile (version managed from 3.5.3)
[DEBUG]          io.projectreactor.netty:reactor-netty-http:jar:1.2.7:compile (version managed from 1.2.7)
[DEBUG]             io.netty:netty-codec-http:jar:4.1.122.Final:compile (version managed from 4.1.122.Final)
[DEBUG]             io.netty:netty-codec-http2:jar:4.1.122.Final:compile (version managed from 4.1.122.Final)
[DEBUG]             io.netty:netty-resolver-dns:jar:4.1.122.Final:compile (version managed from 4.1.122.Final)
[DEBUG]                io.netty:netty-codec-dns:jar:4.1.122.Final:compile (version managed from 4.1.122.Final)
[DEBUG]             io.netty:netty-resolver-dns-native-macos:jar:osx-x86_64:4.1.122.Final:compile (version managed from 4.1.122.Final)
[DEBUG]                io.netty:netty-resolver-dns-classes-macos:jar:4.1.122.Final:compile (version managed from 4.1.122.Final)
[DEBUG]             io.netty:netty-transport-native-epoll:jar:linux-x86_64:4.1.122.Final:compile (version managed from 4.1.122.Final)
[DEBUG]                io.netty:netty-transport-classes-epoll:jar:4.1.122.Final:compile (version managed from 4.1.122.Final)
[DEBUG]             io.projectreactor.netty:reactor-netty-core:jar:1.2.7:compile (version managed from 1.2.7)
[DEBUG]                io.netty:netty-handler-proxy:jar:4.1.122.Final:compile (version managed from 4.1.122.Final)
[DEBUG]                   io.netty:netty-codec-socks:jar:4.1.122.Final:compile (version managed from 4.1.122.Final)
[DEBUG]       org.springframework:spring-webflux:jar:6.2.8:compile (version managed from 6.2.8)
[DEBUG]    org.springframework.boot:spring-boot-starter-aop:jar:3.5.3:compile
[DEBUG]       org.springframework:spring-aop:jar:6.2.8:compile (version managed from 6.2.8)
[DEBUG]       org.aspectj:aspectjweaver:jar:1.9.24:compile (version managed from 1.9.24)
[DEBUG]    org.springframework.boot:spring-boot-starter-security:jar:3.5.3:compile
[DEBUG]       org.springframework.security:spring-security-config:jar:6.5.1:compile (version managed from 6.5.1)
[DEBUG]       org.springframework.security:spring-security-web:jar:6.5.1:compile (version managed from 6.5.1)
[DEBUG]    io.jsonwebtoken:jjwt-api:jar:0.11.5:compile
[DEBUG]    io.jsonwebtoken:jjwt-impl:jar:0.11.5:runtime
[DEBUG]    io.jsonwebtoken:jjwt-jackson:jar:0.11.5:runtime
[DEBUG]       com.fasterxml.jackson.core:jackson-databind:jar:2.19.1:compile (version managed from 2.12.6.1)
[DEBUG]    io.awspring.cloud:spring-cloud-aws-starter-s3:jar:3.2.0:compile
[DEBUG]       io.awspring.cloud:spring-cloud-aws-s3:jar:3.2.0:compile (version managed from 3.2.0)
[DEBUG]          software.amazon.awssdk:s3:jar:2.25.70:compile (version managed from 2.25.70)
[DEBUG]             software.amazon.awssdk:aws-xml-protocol:jar:2.25.70:compile (version managed from 2.25.70)
[DEBUG]                software.amazon.awssdk:aws-query-protocol:jar:2.25.70:compile (version managed from 2.25.70)
[DEBUG]             software.amazon.awssdk:protocol-core:jar:2.25.70:compile (version managed from 2.25.70)
[DEBUG]             software.amazon.awssdk:arns:jar:2.25.70:compile (version managed from 2.25.70)
[DEBUG]             software.amazon.awssdk:profiles:jar:2.25.70:compile (version managed from 2.25.70)
[DEBUG]             software.amazon.awssdk:crt-core:jar:2.25.70:compile
[DEBUG]             software.amazon.awssdk:http-auth:jar:2.25.70:compile (version managed from 2.25.70)
[DEBUG]             software.amazon.awssdk:identity-spi:jar:2.25.70:compile (version managed from 2.25.70)
[DEBUG]             software.amazon.awssdk:http-auth-spi:jar:2.25.70:compile (version managed from 2.25.70)
[DEBUG]             software.amazon.awssdk:http-auth-aws:jar:2.25.70:compile (version managed from 2.25.70)
[DEBUG]             software.amazon.awssdk:checksums:jar:2.25.70:compile (version managed from 2.25.70)
[DEBUG]             software.amazon.awssdk:checksums-spi:jar:2.25.70:compile (version managed from 2.25.70)
[DEBUG]             software.amazon.awssdk:sdk-core:jar:2.25.70:compile (version managed from 2.25.70)
[DEBUG]             software.amazon.awssdk:auth:jar:2.25.70:compile (version managed from 2.25.70)
[DEBUG]                software.amazon.eventstream:eventstream:jar:1.0.1:compile
[DEBUG]             software.amazon.awssdk:http-client-spi:jar:2.25.70:compile (version managed from 2.25.70)
[DEBUG]             software.amazon.awssdk:regions:jar:2.25.70:compile (version managed from 2.25.70)
[DEBUG]             software.amazon.awssdk:annotations:jar:2.25.70:compile (version managed from 2.25.70)
[DEBUG]             software.amazon.awssdk:utils:jar:2.25.70:compile (version managed from 2.25.70)
[DEBUG]             software.amazon.awssdk:aws-core:jar:2.25.70:compile (version managed from 2.25.70)
[DEBUG]             software.amazon.awssdk:metrics-spi:jar:2.25.70:compile (version managed from 2.25.70)
[DEBUG]             software.amazon.awssdk:json-utils:jar:2.25.70:compile (version managed from 2.25.70)
[DEBUG]                software.amazon.awssdk:third-party-jackson-core:jar:2.25.70:compile (version managed from 2.25.70)
[DEBUG]             software.amazon.awssdk:endpoints-spi:jar:2.25.70:compile (version managed from 2.25.70)
[DEBUG]             software.amazon.awssdk:apache-client:jar:2.25.70:runtime (version managed from 2.25.70)
[DEBUG]                org.apache.httpcomponents:httpclient:jar:4.5.13:runtime
[DEBUG]                   commons-logging:commons-logging:jar:1.2:runtime
[DEBUG]                org.apache.httpcomponents:httpcore:jar:4.4.16:runtime (version managed from 4.4.13)
[DEBUG]                commons-codec:commons-codec:jar:1.18.0:runtime (version managed from 1.15)
[DEBUG]             software.amazon.awssdk:netty-nio-client:jar:2.25.70:runtime (version managed from 2.25.70)
[DEBUG]       io.awspring.cloud:spring-cloud-aws-starter:jar:3.2.0:compile (version managed from 3.2.0)
[DEBUG]          io.awspring.cloud:spring-cloud-aws-autoconfigure:jar:3.2.0:compile (version managed from 3.2.0)
[DEBUG]          io.awspring.cloud:spring-cloud-aws-core:jar:3.2.0:compile (version managed from 3.2.0)
[DEBUG]       org.slf4j:slf4j-api:jar:2.0.17:compile (version managed from 2.0.13)
[DEBUG]    org.springframework.security:spring-security-test:jar:6.5.1:test
[DEBUG]       org.springframework.security:spring-security-core:jar:6.5.1:compile (version managed from 6.5.1)
[DEBUG]          org.springframework.security:spring-security-crypto:jar:6.5.1:compile (version managed from 6.5.1)
[INFO] 
[INFO] --- clean:3.4.1:clean (default-clean) @ ecommerce-extension ---
[DEBUG] Dependency collection stats {ConflictMarker.analyzeTime=116900, ConflictMarker.markTime=33600, ConflictMarker.nodeCount=2, ConflictIdSorter.graphTime=46100, ConflictIdSorter.topsortTime=11300, ConflictIdSorter.conflictIdCount=2, ConflictIdSorter.conflictIdCycleCount=0, ConflictResolver.totalTime=132600, ConflictResolver.conflictItemCount=2, DfDependencyCollector.collectTime=8780400, DfDependencyCollector.transformTime=357800}
[DEBUG] org.apache.maven.plugins:maven-clean-plugin:jar:3.4.1
[DEBUG]    org.codehaus.plexus:plexus-utils:jar:4.0.1:compile
[DEBUG] Created new class realm plugin>org.apache.maven.plugins:maven-clean-plugin:3.4.1
[DEBUG] Importing foreign packages into class realm plugin>org.apache.maven.plugins:maven-clean-plugin:3.4.1
[DEBUG]   Imported:  < maven.api
[DEBUG] Populating class realm plugin>org.apache.maven.plugins:maven-clean-plugin:3.4.1
[DEBUG]   Included: org.apache.maven.plugins:maven-clean-plugin:jar:3.4.1
[DEBUG]   Included: org.codehaus.plexus:plexus-utils:jar:4.0.1
[DEBUG] Loading mojo org.apache.maven.plugins:maven-clean-plugin:3.4.1:clean from plugin realm ClassRealm[plugin>org.apache.maven.plugins:maven-clean-plugin:3.4.1, parent: java.net.URLClassLoader@46f7f36a]
[DEBUG] Configuring mojo execution 'org.apache.maven.plugins:maven-clean-plugin:3.4.1:clean:default-clean' with basic configurator -->
[DEBUG]   (f) directory = C:\Users\naidu\Downloads\ecommerce-api-spring-kafka-main\ecommerce-api-spring-kafka-main\target
[DEBUG]   (f) excludeDefaultDirectories = false
[DEBUG]   (f) failOnError = true
[DEBUG]   (f) fast = false
[DEBUG]   (f) fastMode = background
[DEBUG]   (f) followSymLinks = false
[DEBUG]   (f) outputDirectory = C:\Users\naidu\Downloads\ecommerce-api-spring-kafka-main\ecommerce-api-spring-kafka-main\target\classes
[DEBUG]   (f) reportDirectory = C:\Users\naidu\Downloads\ecommerce-api-spring-kafka-main\ecommerce-api-spring-kafka-main\target\classes
[DEBUG]   (f) retryOnError = true
[DEBUG]   (f) session = org.apache.maven.execution.MavenSession@4fe533ff
[DEBUG]   (f) skip = false
[DEBUG]   (f) testOutputDirectory = C:\Users\naidu\Downloads\ecommerce-api-spring-kafka-main\ecommerce-api-spring-kafka-main\target\test-classes
[DEBUG] -- end configuration --
[INFO] Deleting C:\Users\naidu\Downloads\ecommerce-api-spring-kafka-main\ecommerce-api-spring-kafka-main\target
[INFO] Deleting file C:\Users\naidu\Downloads\ecommerce-api-spring-kafka-main\ecommerce-api-spring-kafka-main\target\classes\application.properties
[INFO] Deleting file C:\Users\naidu\Downloads\ecommerce-api-spring-kafka-main\ecommerce-api-spring-kafka-main\target\classes\com\naidugudivada\ecommerce\config\S3Config.class
[INFO] Deleting directory C:\Users\naidu\Downloads\ecommerce-api-spring-kafka-main\ecommerce-api-spring-kafka-main\target\classes\com\naidugudivada\ecommerce\config
[INFO] Deleting file C:\Users\naidu\Downloads\ecommerce-api-spring-kafka-main\ecommerce-api-spring-kafka-main\target\classes\com\naidugudivada\ecommerce\controller\AddressController.class
[INFO] Deleting file C:\Users\naidu\Downloads\ecommerce-api-spring-kafka-main\ecommerce-api-spring-kafka-main\target\classes\com\naidugudivada\ecommerce\controller\CustomerController.class
[INFO] Deleting file C:\Users\naidu\Downloads\ecommerce-api-spring-kafka-main\ecommerce-api-spring-kafka-main\target\classes\com\naidugudivada\ecommerce\controller\OrderController.class
[INFO] Deleting file C:\Users\naidu\Downloads\ecommerce-api-spring-kafka-main\ecommerce-api-spring-kafka-main\target\classes\com\naidugudivada\ecommerce\controller\PaymentController.class
[INFO] Deleting file C:\Users\naidu\Downloads\ecommerce-api-spring-kafka-main\ecommerce-api-spring-kafka-main\target\classes\com\naidugudivada\ecommerce\controller\ProductController.class
[INFO] Deleting file C:\Users\naidu\Downloads\ecommerce-api-spring-kafka-main\ecommerce-api-spring-kafka-main\target\classes\com\naidugudivada\ecommerce\controller\ShoppingCartController.class
[INFO] Deleting directory C:\Users\naidu\Downloads\ecommerce-api-spring-kafka-main\ecommerce-api-spring-kafka-main\target\classes\com\naidugudivada\ecommerce\controller
[INFO] Deleting file C:\Users\naidu\Downloads\ecommerce-api-spring-kafka-main\ecommerce-api-spring-kafka-main\target\classes\com\naidugudivada\ecommerce\domain\address\AddressEntity$AddressEntityBuilder.class
[INFO] Deleting file C:\Users\naidu\Downloads\ecommerce-api-spring-kafka-main\ecommerce-api-spring-kafka-main\target\classes\com\naidugudivada\ecommerce\domain\address\AddressEntity$AddressEntityBuilderImpl.class
[INFO] Deleting file C:\Users\naidu\Downloads\ecommerce-api-spring-kafka-main\ecommerce-api-spring-kafka-main\target\classes\com\naidugudivada\ecommerce\domain\address\AddressEntity.class
[INFO] Deleting file C:\Users\naidu\Downloads\ecommerce-api-spring-kafka-main\ecommerce-api-spring-kafka-main\target\classes\com\naidugudivada\ecommerce\domain\address\AddressMapper.class
[INFO] Deleting file C:\Users\naidu\Downloads\ecommerce-api-spring-kafka-main\ecommerce-api-spring-kafka-main\target\classes\com\naidugudivada\ecommerce\domain\address\AddressMapperImpl.class
[INFO] Deleting file C:\Users\naidu\Downloads\ecommerce-api-spring-kafka-main\ecommerce-api-spring-kafka-main\target\classes\com\naidugudivada\ecommerce\domain\address\AddressRepository.class
[INFO] Deleting file C:\Users\naidu\Downloads\ecommerce-api-spring-kafka-main\ecommerce-api-spring-kafka-main\target\classes\com\naidugudivada\ecommerce\domain\address\AddressService.class
[INFO] Deleting file C:\Users\naidu\Downloads\ecommerce-api-spring-kafka-main\ecommerce-api-spring-kafka-main\target\classes\com\naidugudivada\ecommerce\domain\address\AddressTypeEnum.class
[INFO] Deleting file C:\Users\naidu\Downloads\ecommerce-api-spring-kafka-main\ecommerce-api-spring-kafka-main\target\classes\com\naidugudivada\ecommerce\domain\address\dto\AddressRequestDTO.class
[INFO] Deleting file C:\Users\naidu\Downloads\ecommerce-api-spring-kafka-main\ecommerce-api-spring-kafka-main\target\classes\com\naidugudivada\ecommerce\domain\address\dto\AddressResponseDTO.class
[INFO] Deleting directory C:\Users\naidu\Downloads\ecommerce-api-spring-kafka-main\ecommerce-api-spring-kafka-main\target\classes\com\naidugudivada\ecommerce\domain\address\dto
[INFO] Deleting file C:\Users\naidu\Downloads\ecommerce-api-spring-kafka-main\ecommerce-api-spring-kafka-main\target\classes\com\naidugudivada\ecommerce\domain\address\exceptions\AddressNotFoundException.class
[INFO] Deleting directory C:\Users\naidu\Downloads\ecommerce-api-spring-kafka-main\ecommerce-api-spring-kafka-main\target\classes\com\naidugudivada\ecommerce\domain\address\exceptions
[INFO] Deleting directory C:\Users\naidu\Downloads\ecommerce-api-spring-kafka-main\ecommerce-api-spring-kafka-main\target\classes\com\naidugudivada\ecommerce\domain\address
[INFO] Deleting file C:\Users\naidu\Downloads\ecommerce-api-spring-kafka-main\ecommerce-api-spring-kafka-main\target\classes\com\naidugudivada\ecommerce\domain\auth\AuthController.class
[INFO] Deleting file C:\Users\naidu\Downloads\ecommerce-api-spring-kafka-main\ecommerce-api-spring-kafka-main\target\classes\com\naidugudivada\ecommerce\domain\auth\AuthService.class
[INFO] Deleting file C:\Users\naidu\Downloads\ecommerce-api-spring-kafka-main\ecommerce-api-spring-kafka-main\target\classes\com\naidugudivada\ecommerce\domain\auth\dto\AuthResponseDTO.class
[INFO] Deleting file C:\Users\naidu\Downloads\ecommerce-api-spring-kafka-main\ecommerce-api-spring-kafka-main\target\classes\com\naidugudivada\ecommerce\domain\auth\dto\LoginRequestDTO.class
[INFO] Deleting directory C:\Users\naidu\Downloads\ecommerce-api-spring-kafka-main\ecommerce-api-spring-kafka-main\target\classes\com\naidugudivada\ecommerce\domain\auth\dto
[INFO] Deleting directory C:\Users\naidu\Downloads\ecommerce-api-spring-kafka-main\ecommerce-api-spring-kafka-main\target\classes\com\naidugudivada\ecommerce\domain\auth
[INFO] Deleting file C:\Users\naidu\Downloads\ecommerce-api-spring-kafka-main\ecommerce-api-spring-kafka-main\target\classes\com\naidugudivada\ecommerce\domain\BaseEntity$BaseEntityBuilder.class
[INFO] Deleting file C:\Users\naidu\Downloads\ecommerce-api-spring-kafka-main\ecommerce-api-spring-kafka-main\target\classes\com\naidugudivada\ecommerce\domain\BaseEntity.class
[INFO] Deleting file C:\Users\naidu\Downloads\ecommerce-api-spring-kafka-main\ecommerce-api-spring-kafka-main\target\classes\com\naidugudivada\ecommerce\domain\common\BaseEvent$BaseEventBuilder.class
[INFO] Deleting file C:\Users\naidu\Downloads\ecommerce-api-spring-kafka-main\ecommerce-api-spring-kafka-main\target\classes\com\naidugudivada\ecommerce\domain\common\BaseEvent.class
[INFO] Deleting directory C:\Users\naidu\Downloads\ecommerce-api-spring-kafka-main\ecommerce-api-spring-kafka-main\target\classes\com\naidugudivada\ecommerce\domain\common
[INFO] Deleting file C:\Users\naidu\Downloads\ecommerce-api-spring-kafka-main\ecommerce-api-spring-kafka-main\target\classes\com\naidugudivada\ecommerce\domain\customer\CustomerEntity$CustomerEntityBuilder.class
[INFO] Deleting file C:\Users\naidu\Downloads\ecommerce-api-spring-kafka-main\ecommerce-api-spring-kafka-main\target\classes\com\naidugudivada\ecommerce\domain\customer\CustomerEntity$CustomerEntityBuilderImpl.class
[INFO] Deleting file C:\Users\naidu\Downloads\ecommerce-api-spring-kafka-main\ecommerce-api-spring-kafka-main\target\classes\com\naidugudivada\ecommerce\domain\customer\CustomerEntity.class
[INFO] Deleting file C:\Users\naidu\Downloads\ecommerce-api-spring-kafka-main\ecommerce-api-spring-kafka-main\target\classes\com\naidugudivada\ecommerce\domain\customer\CustomerMapper.class
[INFO] Deleting file C:\Users\naidu\Downloads\ecommerce-api-spring-kafka-main\ecommerce-api-spring-kafka-main\target\classes\com\naidugudivada\ecommerce\domain\customer\CustomerMapperImpl.class
[INFO] Deleting file C:\Users\naidu\Downloads\ecommerce-api-spring-kafka-main\ecommerce-api-spring-kafka-main\target\classes\com\naidugudivada\ecommerce\domain\customer\CustomerRepository.class
[INFO] Deleting file C:\Users\naidu\Downloads\ecommerce-api-spring-kafka-main\ecommerce-api-spring-kafka-main\target\classes\com\naidugudivada\ecommerce\domain\customer\CustomerService.class
[INFO] Deleting file C:\Users\naidu\Downloads\ecommerce-api-spring-kafka-main\ecommerce-api-spring-kafka-main\target\classes\com\naidugudivada\ecommerce\domain\customer\dto\CustomerPatchDTO.class
[INFO] Deleting file C:\Users\naidu\Downloads\ecommerce-api-spring-kafka-main\ecommerce-api-spring-kafka-main\target\classes\com\naidugudivada\ecommerce\domain\customer\dto\CustomerRequestDTO.class
[INFO] Deleting file C:\Users\naidu\Downloads\ecommerce-api-spring-kafka-main\ecommerce-api-spring-kafka-main\target\classes\com\naidugudivada\ecommerce\domain\customer\dto\CustomerResponseDTO.class
[INFO] Deleting directory C:\Users\naidu\Downloads\ecommerce-api-spring-kafka-main\ecommerce-api-spring-kafka-main\target\classes\com\naidugudivada\ecommerce\domain\customer\dto
[INFO] Deleting file C:\Users\naidu\Downloads\ecommerce-api-spring-kafka-main\ecommerce-api-spring-kafka-main\target\classes\com\naidugudivada\ecommerce\domain\customer\event\CustomerEventProducer.class
[INFO] Deleting file C:\Users\naidu\Downloads\ecommerce-api-spring-kafka-main\ecommerce-api-spring-kafka-main\target\classes\com\naidugudivada\ecommerce\domain\customer\event\CustomerRegisteredEvent$CustomerRegisteredEventBuilder.class
[INFO] Deleting file C:\Users\naidu\Downloads\ecommerce-api-spring-kafka-main\ecommerce-api-spring-kafka-main\target\classes\com\naidugudivada\ecommerce\domain\customer\event\CustomerRegisteredEvent$CustomerRegisteredEventBuilderImpl.class
[INFO] Deleting file C:\Users\naidu\Downloads\ecommerce-api-spring-kafka-main\ecommerce-api-spring-kafka-main\target\classes\com\naidugudivada\ecommerce\domain\customer\event\CustomerRegisteredEvent.class
[INFO] Deleting directory C:\Users\naidu\Downloads\ecommerce-api-spring-kafka-main\ecommerce-api-spring-kafka-main\target\classes\com\naidugudivada\ecommerce\domain\customer\event
[INFO] Deleting file C:\Users\naidu\Downloads\ecommerce-api-spring-kafka-main\ecommerce-api-spring-kafka-main\target\classes\com\naidugudivada\ecommerce\domain\customer\exceptions\CustomerAlreadyExistsWithEmail.class
[INFO] Deleting file C:\Users\naidu\Downloads\ecommerce-api-spring-kafka-main\ecommerce-api-spring-kafka-main\target\classes\com\naidugudivada\ecommerce\domain\customer\exceptions\CustomerNotFoundException.class
[INFO] Deleting directory C:\Users\naidu\Downloads\ecommerce-api-spring-kafka-main\ecommerce-api-spring-kafka-main\target\classes\com\naidugudivada\ecommerce\domain\customer\exceptions
[INFO] Deleting directory C:\Users\naidu\Downloads\ecommerce-api-spring-kafka-main\ecommerce-api-spring-kafka-main\target\classes\com\naidugudivada\ecommerce\domain\customer
[INFO] Deleting file C:\Users\naidu\Downloads\ecommerce-api-spring-kafka-main\ecommerce-api-spring-kafka-main\target\classes\com\naidugudivada\ecommerce\domain\idempotency\IdempotencyEntity$IdempotencyEntityBuilder.class
[INFO] Deleting file C:\Users\naidu\Downloads\ecommerce-api-spring-kafka-main\ecommerce-api-spring-kafka-main\target\classes\com\naidugudivada\ecommerce\domain\idempotency\IdempotencyEntity.class
[INFO] Deleting file C:\Users\naidu\Downloads\ecommerce-api-spring-kafka-main\ecommerce-api-spring-kafka-main\target\classes\com\naidugudivada\ecommerce\domain\idempotency\IdempotencyRepository.class
[INFO] Deleting directory C:\Users\naidu\Downloads\ecommerce-api-spring-kafka-main\ecommerce-api-spring-kafka-main\target\classes\com\naidugudivada\ecommerce\domain\idempotency
[INFO] Deleting file C:\Users\naidu\Downloads\ecommerce-api-spring-kafka-main\ecommerce-api-spring-kafka-main\target\classes\com\naidugudivada\ecommerce\domain\notification\NotificationConsumer.class
[INFO] Deleting directory C:\Users\naidu\Downloads\ecommerce-api-spring-kafka-main\ecommerce-api-spring-kafka-main\target\classes\com\naidugudivada\ecommerce\domain\notification
[INFO] Deleting file C:\Users\naidu\Downloads\ecommerce-api-spring-kafka-main\ecommerce-api-spring-kafka-main\target\classes\com\naidugudivada\ecommerce\domain\order\dto\OrderResponseDTO.class
[INFO] Deleting directory C:\Users\naidu\Downloads\ecommerce-api-spring-kafka-main\ecommerce-api-spring-kafka-main\target\classes\com\naidugudivada\ecommerce\domain\order\dto
[INFO] Deleting file C:\Users\naidu\Downloads\ecommerce-api-spring-kafka-main\ecommerce-api-spring-kafka-main\target\classes\com\naidugudivada\ecommerce\domain\order\event\OrderCreatedEvent$OrderCreatedEventBuilder.class
[INFO] Deleting file C:\Users\naidu\Downloads\ecommerce-api-spring-kafka-main\ecommerce-api-spring-kafka-main\target\classes\com\naidugudivada\ecommerce\domain\order\event\OrderCreatedEvent$OrderCreatedEventBuilderImpl.class
[INFO] Deleting file C:\Users\naidu\Downloads\ecommerce-api-spring-kafka-main\ecommerce-api-spring-kafka-main\target\classes\com\naidugudivada\ecommerce\domain\order\event\OrderCreatedEvent.class
[INFO] Deleting file C:\Users\naidu\Downloads\ecommerce-api-spring-kafka-main\ecommerce-api-spring-kafka-main\target\classes\com\naidugudivada\ecommerce\domain\order\event\OrderEventProducer.class
[INFO] Deleting directory C:\Users\naidu\Downloads\ecommerce-api-spring-kafka-main\ecommerce-api-spring-kafka-main\target\classes\com\naidugudivada\ecommerce\domain\order\event
[INFO] Deleting file C:\Users\naidu\Downloads\ecommerce-api-spring-kafka-main\ecommerce-api-spring-kafka-main\target\classes\com\naidugudivada\ecommerce\domain\order\exceptions\EmptyShoppingCartException.class
[INFO] Deleting file C:\Users\naidu\Downloads\ecommerce-api-spring-kafka-main\ecommerce-api-spring-kafka-main\target\classes\com\naidugudivada\ecommerce\domain\order\exceptions\OrderNotFoundException.class
[INFO] Deleting directory C:\Users\naidu\Downloads\ecommerce-api-spring-kafka-main\ecommerce-api-spring-kafka-main\target\classes\com\naidugudivada\ecommerce\domain\order\exceptions
[INFO] Deleting file C:\Users\naidu\Downloads\ecommerce-api-spring-kafka-main\ecommerce-api-spring-kafka-main\target\classes\com\naidugudivada\ecommerce\domain\order\kafka\OrderConsumer.class
[INFO] Deleting directory C:\Users\naidu\Downloads\ecommerce-api-spring-kafka-main\ecommerce-api-spring-kafka-main\target\classes\com\naidugudivada\ecommerce\domain\order\kafka
[INFO] Deleting file C:\Users\naidu\Downloads\ecommerce-api-spring-kafka-main\ecommerce-api-spring-kafka-main\target\classes\com\naidugudivada\ecommerce\domain\order\orderaddress\dto\OrderAddressResponseDTO.class
[INFO] Deleting directory C:\Users\naidu\Downloads\ecommerce-api-spring-kafka-main\ecommerce-api-spring-kafka-main\target\classes\com\naidugudivada\ecommerce\domain\order\orderaddress\dto
[INFO] Deleting file C:\Users\naidu\Downloads\ecommerce-api-spring-kafka-main\ecommerce-api-spring-kafka-main\target\classes\com\naidugudivada\ecommerce\domain\order\orderaddress\OrderAddressEntity$OrderAddressEntityBuilder.class
[INFO] Deleting file C:\Users\naidu\Downloads\ecommerce-api-spring-kafka-main\ecommerce-api-spring-kafka-main\target\classes\com\naidugudivada\ecommerce\domain\order\orderaddress\OrderAddressEntity$OrderAddressEntityBuilderImpl.class
[INFO] Deleting file C:\Users\naidu\Downloads\ecommerce-api-spring-kafka-main\ecommerce-api-spring-kafka-main\target\classes\com\naidugudivada\ecommerce\domain\order\orderaddress\OrderAddressEntity.class
[INFO] Deleting file C:\Users\naidu\Downloads\ecommerce-api-spring-kafka-main\ecommerce-api-spring-kafka-main\target\classes\com\naidugudivada\ecommerce\domain\order\orderaddress\OrderAddressRepository.class
[INFO] Deleting directory C:\Users\naidu\Downloads\ecommerce-api-spring-kafka-main\ecommerce-api-spring-kafka-main\target\classes\com\naidugudivada\ecommerce\domain\order\orderaddress
[INFO] Deleting file C:\Users\naidu\Downloads\ecommerce-api-spring-kafka-main\ecommerce-api-spring-kafka-main\target\classes\com\naidugudivada\ecommerce\domain\order\OrderEntity$OrderEntityBuilder.class
[INFO] Deleting file C:\Users\naidu\Downloads\ecommerce-api-spring-kafka-main\ecommerce-api-spring-kafka-main\target\classes\com\naidugudivada\ecommerce\domain\order\OrderEntity$OrderEntityBuilderImpl.class
[INFO] Deleting file C:\Users\naidu\Downloads\ecommerce-api-spring-kafka-main\ecommerce-api-spring-kafka-main\target\classes\com\naidugudivada\ecommerce\domain\order\OrderEntity.class
[INFO] Deleting file C:\Users\naidu\Downloads\ecommerce-api-spring-kafka-main\ecommerce-api-spring-kafka-main\target\classes\com\naidugudivada\ecommerce\domain\order\orderitem\dto\OrderItemResponseDTO.class
[INFO] Deleting directory C:\Users\naidu\Downloads\ecommerce-api-spring-kafka-main\ecommerce-api-spring-kafka-main\target\classes\com\naidugudivada\ecommerce\domain\order\orderitem\dto
[INFO] Deleting file C:\Users\naidu\Downloads\ecommerce-api-spring-kafka-main\ecommerce-api-spring-kafka-main\target\classes\com\naidugudivada\ecommerce\domain\order\orderitem\OrderItemEntity$OrderItemEntityBuilder.class
[INFO] Deleting file C:\Users\naidu\Downloads\ecommerce-api-spring-kafka-main\ecommerce-api-spring-kafka-main\target\classes\com\naidugudivada\ecommerce\domain\order\orderitem\OrderItemEntity$OrderItemEntityBuilderImpl.class
[INFO] Deleting file C:\Users\naidu\Downloads\ecommerce-api-spring-kafka-main\ecommerce-api-spring-kafka-main\target\classes\com\naidugudivada\ecommerce\domain\order\orderitem\OrderItemEntity.class
[INFO] Deleting file C:\Users\naidu\Downloads\ecommerce-api-spring-kafka-main\ecommerce-api-spring-kafka-main\target\classes\com\naidugudivada\ecommerce\domain\order\orderitem\OrderItemRepository.class
[INFO] Deleting directory C:\Users\naidu\Downloads\ecommerce-api-spring-kafka-main\ecommerce-api-spring-kafka-main\target\classes\com\naidugudivada\ecommerce\domain\order\orderitem
[INFO] Deleting file C:\Users\naidu\Downloads\ecommerce-api-spring-kafka-main\ecommerce-api-spring-kafka-main\target\classes\com\naidugudivada\ecommerce\domain\order\OrderMapper.class
[INFO] Deleting file C:\Users\naidu\Downloads\ecommerce-api-spring-kafka-main\ecommerce-api-spring-kafka-main\target\classes\com\naidugudivada\ecommerce\domain\order\OrderMapperImpl.class
[INFO] Deleting file C:\Users\naidu\Downloads\ecommerce-api-spring-kafka-main\ecommerce-api-spring-kafka-main\target\classes\com\naidugudivada\ecommerce\domain\order\OrderRepository.class
[INFO] Deleting file C:\Users\naidu\Downloads\ecommerce-api-spring-kafka-main\ecommerce-api-spring-kafka-main\target\classes\com\naidugudivada\ecommerce\domain\order\OrderService.class
[INFO] Deleting file C:\Users\naidu\Downloads\ecommerce-api-spring-kafka-main\ecommerce-api-spring-kafka-main\target\classes\com\naidugudivada\ecommerce\domain\order\OrderStatusEnum.class
[INFO] Deleting directory C:\Users\naidu\Downloads\ecommerce-api-spring-kafka-main\ecommerce-api-spring-kafka-main\target\classes\com\naidugudivada\ecommerce\domain\order
[INFO] Deleting file C:\Users\naidu\Downloads\ecommerce-api-spring-kafka-main\ecommerce-api-spring-kafka-main\target\classes\com\naidugudivada\ecommerce\domain\payment\dto\PaymentProducerResponseDTO.class
[INFO] Deleting file C:\Users\naidu\Downloads\ecommerce-api-spring-kafka-main\ecommerce-api-spring-kafka-main\target\classes\com\naidugudivada\ecommerce\domain\payment\dto\PaymentRequest.class
[INFO] Deleting directory C:\Users\naidu\Downloads\ecommerce-api-spring-kafka-main\ecommerce-api-spring-kafka-main\target\classes\com\naidugudivada\ecommerce\domain\payment\dto
[INFO] Deleting file C:\Users\naidu\Downloads\ecommerce-api-spring-kafka-main\ecommerce-api-spring-kafka-main\target\classes\com\naidugudivada\ecommerce\domain\payment\exceptions\PaymentProcessingException.class
[INFO] Deleting file C:\Users\naidu\Downloads\ecommerce-api-spring-kafka-main\ecommerce-api-spring-kafka-main\target\classes\com\naidugudivada\ecommerce\domain\payment\exceptions\PaymentStatusException.class
[INFO] Deleting directory C:\Users\naidu\Downloads\ecommerce-api-spring-kafka-main\ecommerce-api-spring-kafka-main\target\classes\com\naidugudivada\ecommerce\domain\payment\exceptions
[INFO] Deleting file C:\Users\naidu\Downloads\ecommerce-api-spring-kafka-main\ecommerce-api-spring-kafka-main\target\classes\com\naidugudivada\ecommerce\domain\payment\kafka\PaymentConsumer.class
[INFO] Deleting file C:\Users\naidu\Downloads\ecommerce-api-spring-kafka-main\ecommerce-api-spring-kafka-main\target\classes\com\naidugudivada\ecommerce\domain\payment\kafka\PaymentProducer.class
[INFO] Deleting directory C:\Users\naidu\Downloads\ecommerce-api-spring-kafka-main\ecommerce-api-spring-kafka-main\target\classes\com\naidugudivada\ecommerce\domain\payment\kafka
[INFO] Deleting file C:\Users\naidu\Downloads\ecommerce-api-spring-kafka-main\ecommerce-api-spring-kafka-main\target\classes\com\naidugudivada\ecommerce\domain\payment\PaymentService.class
[INFO] Deleting directory C:\Users\naidu\Downloads\ecommerce-api-spring-kafka-main\ecommerce-api-spring-kafka-main\target\classes\com\naidugudivada\ecommerce\domain\payment
[INFO] Deleting file C:\Users\naidu\Downloads\ecommerce-api-spring-kafka-main\ecommerce-api-spring-kafka-main\target\classes\com\naidugudivada\ecommerce\domain\product\dto\ProductRequestDTO.class
[INFO] Deleting file C:\Users\naidu\Downloads\ecommerce-api-spring-kafka-main\ecommerce-api-spring-kafka-main\target\classes\com\naidugudivada\ecommerce\domain\product\dto\ProductResponseDTO.class
[INFO] Deleting directory C:\Users\naidu\Downloads\ecommerce-api-spring-kafka-main\ecommerce-api-spring-kafka-main\target\classes\com\naidugudivada\ecommerce\domain\product\dto
[INFO] Deleting file C:\Users\naidu\Downloads\ecommerce-api-spring-kafka-main\ecommerce-api-spring-kafka-main\target\classes\com\naidugudivada\ecommerce\domain\product\event\ProductCreatedEvent$ProductCreatedEventBuilder.class
[INFO] Deleting file C:\Users\naidu\Downloads\ecommerce-api-spring-kafka-main\ecommerce-api-spring-kafka-main\target\classes\com\naidugudivada\ecommerce\domain\product\event\ProductCreatedEvent$ProductCreatedEventBuilderImpl.class
[INFO] Deleting file C:\Users\naidu\Downloads\ecommerce-api-spring-kafka-main\ecommerce-api-spring-kafka-main\target\classes\com\naidugudivada\ecommerce\domain\product\event\ProductCreatedEvent.class
[INFO] Deleting file C:\Users\naidu\Downloads\ecommerce-api-spring-kafka-main\ecommerce-api-spring-kafka-main\target\classes\com\naidugudivada\ecommerce\domain\product\event\ProductEventProducer.class
[INFO] Deleting file C:\Users\naidu\Downloads\ecommerce-api-spring-kafka-main\ecommerce-api-spring-kafka-main\target\classes\com\naidugudivada\ecommerce\domain\product\event\StockUpdatedEvent$StockUpdatedEventBuilder.class
[INFO] Deleting file C:\Users\naidu\Downloads\ecommerce-api-spring-kafka-main\ecommerce-api-spring-kafka-main\target\classes\com\naidugudivada\ecommerce\domain\product\event\StockUpdatedEvent$StockUpdatedEventBuilderImpl.class
[INFO] Deleting file C:\Users\naidu\Downloads\ecommerce-api-spring-kafka-main\ecommerce-api-spring-kafka-main\target\classes\com\naidugudivada\ecommerce\domain\product\event\StockUpdatedEvent.class
[INFO] Deleting directory C:\Users\naidu\Downloads\ecommerce-api-spring-kafka-main\ecommerce-api-spring-kafka-main\target\classes\com\naidugudivada\ecommerce\domain\product\event
[INFO] Deleting file C:\Users\naidu\Downloads\ecommerce-api-spring-kafka-main\ecommerce-api-spring-kafka-main\target\classes\com\naidugudivada\ecommerce\domain\product\exceptions\DuplicateProductException.class
[INFO] Deleting file C:\Users\naidu\Downloads\ecommerce-api-spring-kafka-main\ecommerce-api-spring-kafka-main\target\classes\com\naidugudivada\ecommerce\domain\product\exceptions\InvalidCategoryException.class
[INFO] Deleting file C:\Users\naidu\Downloads\ecommerce-api-spring-kafka-main\ecommerce-api-spring-kafka-main\target\classes\com\naidugudivada\ecommerce\domain\product\exceptions\ProductNotFoundException.class
[INFO] Deleting directory C:\Users\naidu\Downloads\ecommerce-api-spring-kafka-main\ecommerce-api-spring-kafka-main\target\classes\com\naidugudivada\ecommerce\domain\product\exceptions
[INFO] Deleting file C:\Users\naidu\Downloads\ecommerce-api-spring-kafka-main\ecommerce-api-spring-kafka-main\target\classes\com\naidugudivada\ecommerce\domain\product\ProductCategoryEnum.class
[INFO] Deleting file C:\Users\naidu\Downloads\ecommerce-api-spring-kafka-main\ecommerce-api-spring-kafka-main\target\classes\com\naidugudivada\ecommerce\domain\product\ProductEntity$ProductEntityBuilder.class
[INFO] Deleting file C:\Users\naidu\Downloads\ecommerce-api-spring-kafka-main\ecommerce-api-spring-kafka-main\target\classes\com\naidugudivada\ecommerce\domain\product\ProductEntity$ProductEntityBuilderImpl.class
[INFO] Deleting file C:\Users\naidu\Downloads\ecommerce-api-spring-kafka-main\ecommerce-api-spring-kafka-main\target\classes\com\naidugudivada\ecommerce\domain\product\ProductEntity.class
[INFO] Deleting file C:\Users\naidu\Downloads\ecommerce-api-spring-kafka-main\ecommerce-api-spring-kafka-main\target\classes\com\naidugudivada\ecommerce\domain\product\ProductMapper.class
[INFO] Deleting file C:\Users\naidu\Downloads\ecommerce-api-spring-kafka-main\ecommerce-api-spring-kafka-main\target\classes\com\naidugudivada\ecommerce\domain\product\ProductMapperImpl.class
[INFO] Deleting file C:\Users\naidu\Downloads\ecommerce-api-spring-kafka-main\ecommerce-api-spring-kafka-main\target\classes\com\naidugudivada\ecommerce\domain\product\ProductRepository.class
[INFO] Deleting file C:\Users\naidu\Downloads\ecommerce-api-spring-kafka-main\ecommerce-api-spring-kafka-main\target\classes\com\naidugudivada\ecommerce\domain\product\ProductService.class
[INFO] Deleting file C:\Users\naidu\Downloads\ecommerce-api-spring-kafka-main\ecommerce-api-spring-kafka-main\target\classes\com\naidugudivada\ecommerce\domain\product\review\dto\ReviewRequestDTO.class
[INFO] Deleting file C:\Users\naidu\Downloads\ecommerce-api-spring-kafka-main\ecommerce-api-spring-kafka-main\target\classes\com\naidugudivada\ecommerce\domain\product\review\dto\ReviewResponseDTO.class
[INFO] Deleting directory C:\Users\naidu\Downloads\ecommerce-api-spring-kafka-main\ecommerce-api-spring-kafka-main\target\classes\com\naidugudivada\ecommerce\domain\product\review\dto
[INFO] Deleting file C:\Users\naidu\Downloads\ecommerce-api-spring-kafka-main\ecommerce-api-spring-kafka-main\target\classes\com\naidugudivada\ecommerce\domain\product\review\exceptions\DuplicateReviewException.class
[INFO] Deleting file C:\Users\naidu\Downloads\ecommerce-api-spring-kafka-main\ecommerce-api-spring-kafka-main\target\classes\com\naidugudivada\ecommerce\domain\product\review\exceptions\ReviewNotFoundException.class
[INFO] Deleting directory C:\Users\naidu\Downloads\ecommerce-api-spring-kafka-main\ecommerce-api-spring-kafka-main\target\classes\com\naidugudivada\ecommerce\domain\product\review\exceptions
[INFO] Deleting file C:\Users\naidu\Downloads\ecommerce-api-spring-kafka-main\ecommerce-api-spring-kafka-main\target\classes\com\naidugudivada\ecommerce\domain\product\review\ReviewController.class
[INFO] Deleting file C:\Users\naidu\Downloads\ecommerce-api-spring-kafka-main\ecommerce-api-spring-kafka-main\target\classes\com\naidugudivada\ecommerce\domain\product\review\ReviewEntity$ReviewEntityBuilder.class
[INFO] Deleting file C:\Users\naidu\Downloads\ecommerce-api-spring-kafka-main\ecommerce-api-spring-kafka-main\target\classes\com\naidugudivada\ecommerce\domain\product\review\ReviewEntity$ReviewEntityBuilderImpl.class
[INFO] Deleting file C:\Users\naidu\Downloads\ecommerce-api-spring-kafka-main\ecommerce-api-spring-kafka-main\target\classes\com\naidugudivada\ecommerce\domain\product\review\ReviewEntity.class
[INFO] Deleting file C:\Users\naidu\Downloads\ecommerce-api-spring-kafka-main\ecommerce-api-spring-kafka-main\target\classes\com\naidugudivada\ecommerce\domain\product\review\ReviewMapper.class
[INFO] Deleting file C:\Users\naidu\Downloads\ecommerce-api-spring-kafka-main\ecommerce-api-spring-kafka-main\target\classes\com\naidugudivada\ecommerce\domain\product\review\ReviewRepository.class
[INFO] Deleting file C:\Users\naidu\Downloads\ecommerce-api-spring-kafka-main\ecommerce-api-spring-kafka-main\target\classes\com\naidugudivada\ecommerce\domain\product\review\ReviewService.class
[INFO] Deleting directory C:\Users\naidu\Downloads\ecommerce-api-spring-kafka-main\ecommerce-api-spring-kafka-main\target\classes\com\naidugudivada\ecommerce\domain\product\review
[INFO] Deleting directory C:\Users\naidu\Downloads\ecommerce-api-spring-kafka-main\ecommerce-api-spring-kafka-main\target\classes\com\naidugudivada\ecommerce\domain\product
[INFO] Deleting file C:\Users\naidu\Downloads\ecommerce-api-spring-kafka-main\ecommerce-api-spring-kafka-main\target\classes\com\naidugudivada\ecommerce\domain\shoppingcart\dto\ShoppingCartRequestDTO.class
[INFO] Deleting file C:\Users\naidu\Downloads\ecommerce-api-spring-kafka-main\ecommerce-api-spring-kafka-main\target\classes\com\naidugudivada\ecommerce\domain\shoppingcart\dto\ShoppingCartResponseDTO.class
[INFO] Deleting directory C:\Users\naidu\Downloads\ecommerce-api-spring-kafka-main\ecommerce-api-spring-kafka-main\target\classes\com\naidugudivada\ecommerce\domain\shoppingcart\dto
[INFO] Deleting file C:\Users\naidu\Downloads\ecommerce-api-spring-kafka-main\ecommerce-api-spring-kafka-main\target\classes\com\naidugudivada\ecommerce\domain\shoppingcart\exceptions\NegativeQuantityException.class
[INFO] Deleting file C:\Users\naidu\Downloads\ecommerce-api-spring-kafka-main\ecommerce-api-spring-kafka-main\target\classes\com\naidugudivada\ecommerce\domain\shoppingcart\exceptions\QuantityGreaterThanAvailableException.class
[INFO] Deleting file C:\Users\naidu\Downloads\ecommerce-api-spring-kafka-main\ecommerce-api-spring-kafka-main\target\classes\com\naidugudivada\ecommerce\domain\shoppingcart\exceptions\ShoppingCartNotFoundException.class
[INFO] Deleting directory C:\Users\naidu\Downloads\ecommerce-api-spring-kafka-main\ecommerce-api-spring-kafka-main\target\classes\com\naidugudivada\ecommerce\domain\shoppingcart\exceptions
[INFO] Deleting file C:\Users\naidu\Downloads\ecommerce-api-spring-kafka-main\ecommerce-api-spring-kafka-main\target\classes\com\naidugudivada\ecommerce\domain\shoppingcart\ShoppingCartEntity$ShoppingCartEntityBuilder.class
[INFO] Deleting file C:\Users\naidu\Downloads\ecommerce-api-spring-kafka-main\ecommerce-api-spring-kafka-main\target\classes\com\naidugudivada\ecommerce\domain\shoppingcart\ShoppingCartEntity$ShoppingCartEntityBuilderImpl.class
[INFO] Deleting file C:\Users\naidu\Downloads\ecommerce-api-spring-kafka-main\ecommerce-api-spring-kafka-main\target\classes\com\naidugudivada\ecommerce\domain\shoppingcart\ShoppingCartEntity.class
[INFO] Deleting file C:\Users\naidu\Downloads\ecommerce-api-spring-kafka-main\ecommerce-api-spring-kafka-main\target\classes\com\naidugudivada\ecommerce\domain\shoppingcart\shoppingcartitem\dto\ShoppingCartItemResponseDTO.class
[INFO] Deleting directory C:\Users\naidu\Downloads\ecommerce-api-spring-kafka-main\ecommerce-api-spring-kafka-main\target\classes\com\naidugudivada\ecommerce\domain\shoppingcart\shoppingcartitem\dto
[INFO] Deleting file C:\Users\naidu\Downloads\ecommerce-api-spring-kafka-main\ecommerce-api-spring-kafka-main\target\classes\com\naidugudivada\ecommerce\domain\shoppingcart\shoppingcartitem\ShoppingCartItemEntity$ShoppingCartItemEntityBuilder.class
[INFO] Deleting file C:\Users\naidu\Downloads\ecommerce-api-spring-kafka-main\ecommerce-api-spring-kafka-main\target\classes\com\naidugudivada\ecommerce\domain\shoppingcart\shoppingcartitem\ShoppingCartItemEntity$ShoppingCartItemEntityBuilderImpl.class
[INFO] Deleting file C:\Users\naidu\Downloads\ecommerce-api-spring-kafka-main\ecommerce-api-spring-kafka-main\target\classes\com\naidugudivada\ecommerce\domain\shoppingcart\shoppingcartitem\ShoppingCartItemEntity.class
[INFO] Deleting file C:\Users\naidu\Downloads\ecommerce-api-spring-kafka-main\ecommerce-api-spring-kafka-main\target\classes\com\naidugudivada\ecommerce\domain\shoppingcart\shoppingcartitem\ShoppingCartItemRepository.class
[INFO] Deleting file C:\Users\naidu\Downloads\ecommerce-api-spring-kafka-main\ecommerce-api-spring-kafka-main\target\classes\com\naidugudivada\ecommerce\domain\shoppingcart\shoppingcartitem\ShoppingCartItemService.class
[INFO] Deleting directory C:\Users\naidu\Downloads\ecommerce-api-spring-kafka-main\ecommerce-api-spring-kafka-main\target\classes\com\naidugudivada\ecommerce\domain\shoppingcart\shoppingcartitem
[INFO] Deleting file C:\Users\naidu\Downloads\ecommerce-api-spring-kafka-main\ecommerce-api-spring-kafka-main\target\classes\com\naidugudivada\ecommerce\domain\shoppingcart\ShoppingCartMapper.class
[INFO] Deleting file C:\Users\naidu\Downloads\ecommerce-api-spring-kafka-main\ecommerce-api-spring-kafka-main\target\classes\com\naidugudivada\ecommerce\domain\shoppingcart\ShoppingCartMapperImpl.class
[INFO] Deleting file C:\Users\naidu\Downloads\ecommerce-api-spring-kafka-main\ecommerce-api-spring-kafka-main\target\classes\com\naidugudivada\ecommerce\domain\shoppingcart\ShoppingCartRepository.class
[INFO] Deleting file C:\Users\naidu\Downloads\ecommerce-api-spring-kafka-main\ecommerce-api-spring-kafka-main\target\classes\com\naidugudivada\ecommerce\domain\shoppingcart\ShoppingCartService.class
[INFO] Deleting directory C:\Users\naidu\Downloads\ecommerce-api-spring-kafka-main\ecommerce-api-spring-kafka-main\target\classes\com\naidugudivada\ecommerce\domain\shoppingcart
[INFO] Deleting directory C:\Users\naidu\Downloads\ecommerce-api-spring-kafka-main\ecommerce-api-spring-kafka-main\target\classes\com\naidugudivada\ecommerce\domain
[INFO] Deleting file C:\Users\naidu\Downloads\ecommerce-api-spring-kafka-main\ecommerce-api-spring-kafka-main\target\classes\com\naidugudivada\ecommerce\EcommerceApplication.class
[INFO] Deleting file C:\Users\naidu\Downloads\ecommerce-api-spring-kafka-main\ecommerce-api-spring-kafka-main\target\classes\com\naidugudivada\ecommerce\infrastructure\aspect\LoggingAspect.class
[INFO] Deleting directory C:\Users\naidu\Downloads\ecommerce-api-spring-kafka-main\ecommerce-api-spring-kafka-main\target\classes\com\naidugudivada\ecommerce\infrastructure\aspect
[INFO] Deleting file C:\Users\naidu\Downloads\ecommerce-api-spring-kafka-main\ecommerce-api-spring-kafka-main\target\classes\com\naidugudivada\ecommerce\infrastructure\config\CacheConfig.class
[INFO] Deleting file C:\Users\naidu\Downloads\ecommerce-api-spring-kafka-main\ecommerce-api-spring-kafka-main\target\classes\com\naidugudivada\ecommerce\infrastructure\config\CorsConfig.class
[INFO] Deleting file C:\Users\naidu\Downloads\ecommerce-api-spring-kafka-main\ecommerce-api-spring-kafka-main\target\classes\com\naidugudivada\ecommerce\infrastructure\config\SpringDataConfig.class
[INFO] Deleting directory C:\Users\naidu\Downloads\ecommerce-api-spring-kafka-main\ecommerce-api-spring-kafka-main\target\classes\com\naidugudivada\ecommerce\infrastructure\config
[INFO] Deleting file C:\Users\naidu\Downloads\ecommerce-api-spring-kafka-main\ecommerce-api-spring-kafka-main\target\classes\com\naidugudivada\ecommerce\infrastructure\constants\ErrorMessages.class
[INFO] Deleting file C:\Users\naidu\Downloads\ecommerce-api-spring-kafka-main\ecommerce-api-spring-kafka-main\target\classes\com\naidugudivada\ecommerce\infrastructure\constants\KafkaConstants.class
[INFO] Deleting directory C:\Users\naidu\Downloads\ecommerce-api-spring-kafka-main\ecommerce-api-spring-kafka-main\target\classes\com\naidugudivada\ecommerce\infrastructure\constants
[INFO] Deleting file C:\Users\naidu\Downloads\ecommerce-api-spring-kafka-main\ecommerce-api-spring-kafka-main\target\classes\com\naidugudivada\ecommerce\infrastructure\exceptions\DuplicateEmailException.class
[INFO] Deleting file C:\Users\naidu\Downloads\ecommerce-api-spring-kafka-main\ecommerce-api-spring-kafka-main\target\classes\com\naidugudivada\ecommerce\infrastructure\exceptions\GlobalExceptionHandler.class
[INFO] Deleting file C:\Users\naidu\Downloads\ecommerce-api-spring-kafka-main\ecommerce-api-spring-kafka-main\target\classes\com\naidugudivada\ecommerce\infrastructure\exceptions\JacksonException.class
[INFO] Deleting directory C:\Users\naidu\Downloads\ecommerce-api-spring-kafka-main\ecommerce-api-spring-kafka-main\target\classes\com\naidugudivada\ecommerce\infrastructure\exceptions
[INFO] Deleting file C:\Users\naidu\Downloads\ecommerce-api-spring-kafka-main\ecommerce-api-spring-kafka-main\target\classes\com\naidugudivada\ecommerce\infrastructure\kafka\KafkaConfig.class
[INFO] Deleting directory C:\Users\naidu\Downloads\ecommerce-api-spring-kafka-main\ecommerce-api-spring-kafka-main\target\classes\com\naidugudivada\ecommerce\infrastructure\kafka
[INFO] Deleting file C:\Users\naidu\Downloads\ecommerce-api-spring-kafka-main\ecommerce-api-spring-kafka-main\target\classes\com\naidugudivada\ecommerce\infrastructure\security\CustomUserDetailsService.class
[INFO] Deleting file C:\Users\naidu\Downloads\ecommerce-api-spring-kafka-main\ecommerce-api-spring-kafka-main\target\classes\com\naidugudivada\ecommerce\infrastructure\security\JwtAuthenticationFilter.class
[INFO] Deleting file C:\Users\naidu\Downloads\ecommerce-api-spring-kafka-main\ecommerce-api-spring-kafka-main\target\classes\com\naidugudivada\ecommerce\infrastructure\security\JwtTokenProvider.class
[INFO] Deleting file C:\Users\naidu\Downloads\ecommerce-api-spring-kafka-main\ecommerce-api-spring-kafka-main\target\classes\com\naidugudivada\ecommerce\infrastructure\security\SecurityConfig.class
[INFO] Deleting directory C:\Users\naidu\Downloads\ecommerce-api-spring-kafka-main\ecommerce-api-spring-kafka-main\target\classes\com\naidugudivada\ecommerce\infrastructure\security
[INFO] Deleting file C:\Users\naidu\Downloads\ecommerce-api-spring-kafka-main\ecommerce-api-spring-kafka-main\target\classes\com\naidugudivada\ecommerce\infrastructure\utils\JsonUtils.class
[INFO] Deleting directory C:\Users\naidu\Downloads\ecommerce-api-spring-kafka-main\ecommerce-api-spring-kafka-main\target\classes\com\naidugudivada\ecommerce\infrastructure\utils
[INFO] Deleting directory C:\Users\naidu\Downloads\ecommerce-api-spring-kafka-main\ecommerce-api-spring-kafka-main\target\classes\com\naidugudivada\ecommerce\infrastructure
[INFO] Deleting file C:\Users\naidu\Downloads\ecommerce-api-spring-kafka-main\ecommerce-api-spring-kafka-main\target\classes\com\naidugudivada\ecommerce\service\AwsS3Service.class
[INFO] Deleting directory C:\Users\naidu\Downloads\ecommerce-api-spring-kafka-main\ecommerce-api-spring-kafka-main\target\classes\com\naidugudivada\ecommerce\service
[INFO] Deleting directory C:\Users\naidu\Downloads\ecommerce-api-spring-kafka-main\ecommerce-api-spring-kafka-main\target\classes\com\naidugudivada\ecommerce
[INFO] Deleting directory C:\Users\naidu\Downloads\ecommerce-api-spring-kafka-main\ecommerce-api-spring-kafka-main\target\classes\com\naidugudivada
[INFO] Deleting directory C:\Users\naidu\Downloads\ecommerce-api-spring-kafka-main\ecommerce-api-spring-kafka-main\target\classes\com
[INFO] Deleting file C:\Users\naidu\Downloads\ecommerce-api-spring-kafka-main\ecommerce-api-spring-kafka-main\target\classes\db\migration\V20250117183427__create_product_table_and_index.sql
[INFO] Deleting file C:\Users\naidu\Downloads\ecommerce-api-spring-kafka-main\ecommerce-api-spring-kafka-main\target\classes\db\migration\V20250118194751__create_customer_table.sql
[INFO] Deleting file C:\Users\naidu\Downloads\ecommerce-api-spring-kafka-main\ecommerce-api-spring-kafka-main\target\classes\db\migration\V20250118194809__create_address_table.sql
[INFO] Deleting file C:\Users\naidu\Downloads\ecommerce-api-spring-kafka-main\ecommerce-api-spring-kafka-main\target\classes\db\migration\V20250223154834__create_order_tables.sql
[INFO] Deleting file C:\Users\naidu\Downloads\ecommerce-api-spring-kafka-main\ecommerce-api-spring-kafka-main\target\classes\db\migration\V20250223174830__create_shopping_cart_tables.sql
[INFO] Deleting file C:\Users\naidu\Downloads\ecommerce-api-spring-kafka-main\ecommerce-api-spring-kafka-main\target\classes\db\migration\V20250223190617__alter_table_product_add_column_stockquantity.sql
[INFO] Deleting file C:\Users\naidu\Downloads\ecommerce-api-spring-kafka-main\ecommerce-api-spring-kafka-main\target\classes\db\migration\V20250630004202__alter_all_tables_add_dates.sql
[INFO] Deleting file C:\Users\naidu\Downloads\ecommerce-api-spring-kafka-main\ecommerce-api-spring-kafka-main\target\classes\db\migration\V20251212175216__create_idempotency_table.sql
[INFO] Deleting file C:\Users\naidu\Downloads\ecommerce-api-spring-kafka-main\ecommerce-api-spring-kafka-main\target\classes\db\migration\V20260101000000__alter_customer_add_security.sql
[INFO] Deleting file C:\Users\naidu\Downloads\ecommerce-api-spring-kafka-main\ecommerce-api-spring-kafka-main\target\classes\db\migration\V20260220120000__create_review_table.sql
[INFO] Deleting directory C:\Users\naidu\Downloads\ecommerce-api-spring-kafka-main\ecommerce-api-spring-kafka-main\target\classes\db\migration
[INFO] Deleting directory C:\Users\naidu\Downloads\ecommerce-api-spring-kafka-main\ecommerce-api-spring-kafka-main\target\classes\db
[INFO] Deleting directory C:\Users\naidu\Downloads\ecommerce-api-spring-kafka-main\ecommerce-api-spring-kafka-main\target\classes
[INFO] Deleting file C:\Users\naidu\Downloads\ecommerce-api-spring-kafka-main\ecommerce-api-spring-kafka-main\target\generated-sources\annotations\com\naidugudivada\ecommerce\domain\address\AddressMapperImpl.java
[INFO] Deleting directory C:\Users\naidu\Downloads\ecommerce-api-spring-kafka-main\ecommerce-api-spring-kafka-main\target\generated-sources\annotations\com\naidugudivada\ecommerce\domain\address
[INFO] Deleting file C:\Users\naidu\Downloads\ecommerce-api-spring-kafka-main\ecommerce-api-spring-kafka-main\target\generated-sources\annotations\com\naidugudivada\ecommerce\domain\customer\CustomerMapperImpl.java
[INFO] Deleting directory C:\Users\naidu\Downloads\ecommerce-api-spring-kafka-main\ecommerce-api-spring-kafka-main\target\generated-sources\annotations\com\naidugudivada\ecommerce\domain\customer
[INFO] Deleting file C:\Users\naidu\Downloads\ecommerce-api-spring-kafka-main\ecommerce-api-spring-kafka-main\target\generated-sources\annotations\com\naidugudivada\ecommerce\domain\order\OrderMapperImpl.java
[INFO] Deleting directory C:\Users\naidu\Downloads\ecommerce-api-spring-kafka-main\ecommerce-api-spring-kafka-main\target\generated-sources\annotations\com\naidugudivada\ecommerce\domain\order
[INFO] Deleting file C:\Users\naidu\Downloads\ecommerce-api-spring-kafka-main\ecommerce-api-spring-kafka-main\target\generated-sources\annotations\com\naidugudivada\ecommerce\domain\product\ProductMapperImpl.java
[INFO] Deleting directory C:\Users\naidu\Downloads\ecommerce-api-spring-kafka-main\ecommerce-api-spring-kafka-main\target\generated-sources\annotations\com\naidugudivada\ecommerce\domain\product
[INFO] Deleting file C:\Users\naidu\Downloads\ecommerce-api-spring-kafka-main\ecommerce-api-spring-kafka-main\target\generated-sources\annotations\com\naidugudivada\ecommerce\domain\shoppingcart\ShoppingCartMapperImpl.java
[INFO] Deleting directory C:\Users\naidu\Downloads\ecommerce-api-spring-kafka-main\ecommerce-api-spring-kafka-main\target\generated-sources\annotations\com\naidugudivada\ecommerce\domain\shoppingcart
[INFO] Deleting directory C:\Users\naidu\Downloads\ecommerce-api-spring-kafka-main\ecommerce-api-spring-kafka-main\target\generated-sources\annotations\com\naidugudivada\ecommerce\domain
[INFO] Deleting directory C:\Users\naidu\Downloads\ecommerce-api-spring-kafka-main\ecommerce-api-spring-kafka-main\target\generated-sources\annotations\com\naidugudivada\ecommerce
[INFO] Deleting directory C:\Users\naidu\Downloads\ecommerce-api-spring-kafka-main\ecommerce-api-spring-kafka-main\target\generated-sources\annotations\com\naidugudivada
[INFO] Deleting directory C:\Users\naidu\Downloads\ecommerce-api-spring-kafka-main\ecommerce-api-spring-kafka-main\target\generated-sources\annotations\com
[INFO] Deleting directory C:\Users\naidu\Downloads\ecommerce-api-spring-kafka-main\ecommerce-api-spring-kafka-main\target\generated-sources\annotations
[INFO] Deleting directory C:\Users\naidu\Downloads\ecommerce-api-spring-kafka-main\ecommerce-api-spring-kafka-main\target\generated-sources
[INFO] Deleting directory C:\Users\naidu\Downloads\ecommerce-api-spring-kafka-main\ecommerce-api-spring-kafka-main\target\generated-test-sources\test-annotations
[INFO] Deleting directory C:\Users\naidu\Downloads\ecommerce-api-spring-kafka-main\ecommerce-api-spring-kafka-main\target\generated-test-sources
[INFO] Deleting file C:\Users\naidu\Downloads\ecommerce-api-spring-kafka-main\ecommerce-api-spring-kafka-main\target\maven-status\maven-compiler-plugin\compile\default-compile\createdFiles.lst
[INFO] Deleting file C:\Users\naidu\Downloads\ecommerce-api-spring-kafka-main\ecommerce-api-spring-kafka-main\target\maven-status\maven-compiler-plugin\compile\default-compile\inputFiles.lst
[INFO] Deleting directory C:\Users\naidu\Downloads\ecommerce-api-spring-kafka-main\ecommerce-api-spring-kafka-main\target\maven-status\maven-compiler-plugin\compile\default-compile
[INFO] Deleting directory C:\Users\naidu\Downloads\ecommerce-api-spring-kafka-main\ecommerce-api-spring-kafka-main\target\maven-status\maven-compiler-plugin\compile
[INFO] Deleting file C:\Users\naidu\Downloads\ecommerce-api-spring-kafka-main\ecommerce-api-spring-kafka-main\target\maven-status\maven-compiler-plugin\testCompile\default-testCompile\createdFiles.lst
[INFO] Deleting file C:\Users\naidu\Downloads\ecommerce-api-spring-kafka-main\ecommerce-api-spring-kafka-main\target\maven-status\maven-compiler-plugin\testCompile\default-testCompile\inputFiles.lst
[INFO] Deleting directory C:\Users\naidu\Downloads\ecommerce-api-spring-kafka-main\ecommerce-api-spring-kafka-main\target\maven-status\maven-compiler-plugin\testCompile\default-testCompile
[INFO] Deleting directory C:\Users\naidu\Downloads\ecommerce-api-spring-kafka-main\ecommerce-api-spring-kafka-main\target\maven-status\maven-compiler-plugin\testCompile
[INFO] Deleting directory C:\Users\naidu\Downloads\ecommerce-api-spring-kafka-main\ecommerce-api-spring-kafka-main\target\maven-status\maven-compiler-plugin
[INFO] Deleting directory C:\Users\naidu\Downloads\ecommerce-api-spring-kafka-main\ecommerce-api-spring-kafka-main\target\maven-status
[INFO] Deleting file C:\Users\naidu\Downloads\ecommerce-api-spring-kafka-main\ecommerce-api-spring-kafka-main\target\test-classes\com\naidugudivada\ecommerce\controller\AddressControllerTest.class
[INFO] Deleting file C:\Users\naidu\Downloads\ecommerce-api-spring-kafka-main\ecommerce-api-spring-kafka-main\target\test-classes\com\naidugudivada\ecommerce\controller\CustomerControllerTest.class
[INFO] Deleting directory C:\Users\naidu\Downloads\ecommerce-api-spring-kafka-main\ecommerce-api-spring-kafka-main\target\test-classes\com\naidugudivada\ecommerce\controller
[INFO] Deleting file C:\Users\naidu\Downloads\ecommerce-api-spring-kafka-main\ecommerce-api-spring-kafka-main\target\test-classes\com\naidugudivada\ecommerce\utils\AddressTestUtils.class
[INFO] Deleting file C:\Users\naidu\Downloads\ecommerce-api-spring-kafka-main\ecommerce-api-spring-kafka-main\target\test-classes\com\naidugudivada\ecommerce\utils\CustomerTestUtils.class
[INFO] Deleting file C:\Users\naidu\Downloads\ecommerce-api-spring-kafka-main\ecommerce-api-spring-kafka-main\target\test-classes\com\naidugudivada\ecommerce\utils\TestConstants.class
[INFO] Deleting directory C:\Users\naidu\Downloads\ecommerce-api-spring-kafka-main\ecommerce-api-spring-kafka-main\target\test-classes\com\naidugudivada\ecommerce\utils
[INFO] Deleting directory C:\Users\naidu\Downloads\ecommerce-api-spring-kafka-main\ecommerce-api-spring-kafka-main\target\test-classes\com\naidugudivada\ecommerce
[INFO] Deleting directory C:\Users\naidu\Downloads\ecommerce-api-spring-kafka-main\ecommerce-api-spring-kafka-main\target\test-classes\com\naidugudivada
[INFO] Deleting directory C:\Users\naidu\Downloads\ecommerce-api-spring-kafka-main\ecommerce-api-spring-kafka-main\target\test-classes\com
[INFO] Deleting directory C:\Users\naidu\Downloads\ecommerce-api-spring-kafka-main\ecommerce-api-spring-kafka-main\target\test-classes
[INFO] Deleting directory C:\Users\naidu\Downloads\ecommerce-api-spring-kafka-main\ecommerce-api-spring-kafka-main\target
[DEBUG] Skipping non-existing directory C:\Users\naidu\Downloads\ecommerce-api-spring-kafka-main\ecommerce-api-spring-kafka-main\target\classes
[DEBUG] Skipping non-existing directory C:\Users\naidu\Downloads\ecommerce-api-spring-kafka-main\ecommerce-api-spring-kafka-main\target\test-classes
[DEBUG] Skipping non-existing directory C:\Users\naidu\Downloads\ecommerce-api-spring-kafka-main\ecommerce-api-spring-kafka-main\target\classes
[INFO] 
[INFO] --- resources:3.3.1:resources (default-resources) @ ecommerce-extension ---
[DEBUG] Dependency collection stats {ConflictMarker.analyzeTime=74200, ConflictMarker.markTime=32600, ConflictMarker.nodeCount=13, ConflictIdSorter.graphTime=38800, ConflictIdSorter.topsortTime=18600, ConflictIdSorter.conflictIdCount=9, ConflictIdSorter.conflictIdCycleCount=0, ConflictResolver.totalTime=346400, ConflictResolver.conflictItemCount=13, DfDependencyCollector.collectTime=44780400, DfDependencyCollector.transformTime=534900}
[DEBUG] org.apache.maven.plugins:maven-resources-plugin:jar:3.3.1
[DEBUG]    org.codehaus.plexus:plexus-interpolation:jar:1.26:runtime
[DEBUG]    org.codehaus.plexus:plexus-utils:jar:3.5.1:compile
[DEBUG]    org.apache.maven.shared:maven-filtering:jar:3.3.1:compile
[DEBUG]       javax.inject:javax.inject:jar:1:compile
[DEBUG]       org.slf4j:slf4j-api:jar:1.7.36:compile
[DEBUG]       org.sonatype.plexus:plexus-build-api:jar:0.0.7:compile
[DEBUG]    commons-io:commons-io:jar:2.11.0:compile
[DEBUG]    org.apache.commons:commons-lang3:jar:3.12.0:compile
[DEBUG] Created new class realm plugin>org.apache.maven.plugins:maven-resources-plugin:3.3.1
[DEBUG] Importing foreign packages into class realm plugin>org.apache.maven.plugins:maven-resources-plugin:3.3.1
[DEBUG]   Imported:  < maven.api
[DEBUG] Populating class realm plugin>org.apache.maven.plugins:maven-resources-plugin:3.3.1
[DEBUG]   Included: org.apache.maven.plugins:maven-resources-plugin:jar:3.3.1
[DEBUG]   Included: org.codehaus.plexus:plexus-interpolation:jar:1.26
[DEBUG]   Included: org.codehaus.plexus:plexus-utils:jar:3.5.1
[DEBUG]   Included: org.apache.maven.shared:maven-filtering:jar:3.3.1
[DEBUG]   Included: org.sonatype.plexus:plexus-build-api:jar:0.0.7
[DEBUG]   Included: commons-io:commons-io:jar:2.11.0
[DEBUG]   Included: org.apache.commons:commons-lang3:jar:3.12.0
[DEBUG] Loading mojo org.apache.maven.plugins:maven-resources-plugin:3.3.1:resources from plugin realm ClassRealm[plugin>org.apache.maven.plugins:maven-resources-plugin:3.3.1, parent: java.net.URLClassLoader@46f7f36a]
[DEBUG] Configuring mojo execution 'org.apache.maven.plugins:maven-resources-plugin:3.3.1:resources:default-resources' with basic configurator -->
[DEBUG]   (f) addDefaultExcludes = true
[DEBUG]   (f) buildFilters = []
[DEBUG]   (s) delimiters = [@]
[DEBUG]   (f) encoding = UTF-8
[DEBUG]   (f) escapeWindowsPaths = true
[DEBUG]   (f) fileNameFiltering = false
[DEBUG]   (s) includeEmptyDirs = false
[DEBUG]   (s) outputDirectory = C:\Users\naidu\Downloads\ecommerce-api-spring-kafka-main\ecommerce-api-spring-kafka-main\target\classes
[DEBUG]   (s) overwrite = false
[DEBUG]   (f) project = MavenProject: com.naidugudivada:ecommerce-extension:0.0.1-SNAPSHOT @ C:\Users\naidu\Downloads\ecommerce-api-spring-kafka-main\ecommerce-api-spring-kafka-main\pom.xml
[DEBUG]   (f) propertiesEncoding = UTF-8
[DEBUG]   (s) resources = [Resource {targetPath: null, filtering: true, FileSet {directory: C:\Users\naidu\Downloads\ecommerce-api-spring-kafka-main\ecommerce-api-spring-kafka-main\src\main\resources, PatternSet [includes: {**/application*.yml, **/application*.yaml, **/application*.properties}, excludes: {}]}}, Resource {targetPath: null, filtering: false, FileSet {directory: C:\Users\naidu\Downloads\ecommerce-api-spring-kafka-main\ecommerce-api-spring-kafka-main\src\main\resources, PatternSet [includes: {}, excludes: {**/application*.yml, **/application*.yaml, **/application*.properties}]}}]
[DEBUG]   (f) session = org.apache.maven.execution.MavenSession@4fe533ff
[DEBUG]   (f) skip = false
[DEBUG]   (f) supportMultiLineFiltering = false
[DEBUG]   (f) useBuildFilters = true
[DEBUG]   (s) useDefaultDelimiters = false
[DEBUG] -- end configuration --
[DEBUG] properties used:
[DEBUG] activemq.version: 6.1.6
[DEBUG] angus-mail.version: 2.0.3
[DEBUG] artemis.version: 2.40.0
[DEBUG] aspectj.version: 1.9.24
[DEBUG] assertj.version: 3.27.3
[DEBUG] awaitility.version: 4.2.2
[DEBUG] brave.version: 6.1.0
[DEBUG] build-helper-maven-plugin.version: 3.6.1
[DEBUG] byte-buddy.version: 1.17.6
[DEBUG] cache2k.version: 2.6.1.Final
[DEBUG] caffeine.version: 3.2.1
[DEBUG] cassandra-driver.version: 4.19.0
[DEBUG] classmate.version: 1.7.0
[DEBUG] classworlds.conf: C:\Users\naidu\.m2\wrapper\dists\apache-maven-3.9.4-bin\32a55694\apache-maven-3.9.4\bin\m2.conf
[DEBUG] commons-codec.version: 1.18.0
[DEBUG] commons-dbcp2.version: 2.13.0
[DEBUG] commons-lang3.version: 3.17.0
[DEBUG] commons-pool.version: 1.6
[DEBUG] commons-pool2.version: 2.12.1
[DEBUG] couchbase-client.version: 3.8.1
[DEBUG] crac.version: 1.5.0
[DEBUG] cyclonedx-maven-plugin.version: 2.9.1
[DEBUG] db2-jdbc.version: 12.1.2.0
[DEBUG] dependency-management-plugin.version: 1.1.7
[DEBUG] derby.version: 10.16.1.1
[DEBUG] ehcache3.version: 3.10.8
[DEBUG] elasticsearch-client.version: 8.18.1
[DEBUG] env.=C:: C:\Users\naidu\Downloads\ecommerce-api-spring-kafka-main\ecommerce-api-spring-kafka-main
[DEBUG] env.ALLUSERSPROFILE: C:\ProgramData
[DEBUG] env.ANTIGRAVITY_AGENT: 1
[DEBUG] env.ANTIGRAVITY_CLI_ALIAS: agy
[DEBUG] env.APPDATA: C:\Users\naidu\AppData\Roaming
[DEBUG] env.CHOCOLATEYINSTALL: C:\ProgramData\chocolatey
[DEBUG] env.CHOCOLATEYLASTPATHUPDATE: 133240667555723345
[DEBUG] env.CHOCOLATEYTOOLSLOCATION: C:\tools
[DEBUG] env.CHROME_CRASHPAD_PIPE_NAME: \\.\pipe\crashpad_6264_AIRWBVXJDMQADQIA
[DEBUG] env.CLAUDE_CODE_SSE_PORT: 41198
[DEBUG] env.CLION: C:\Program Files\JetBrains\CLion 2024.2.1\bin;
[DEBUG] env.COLORTERM: truecolor
[DEBUG] env.COMMONPROGRAMFILES: C:\Program Files\Common Files
[DEBUG] env.COMMONPROGRAMFILES(X86): C:\Program Files (x86)\Common Files
[DEBUG] env.COMMONPROGRAMW6432: C:\Program Files\Common Files
[DEBUG] env.COMPUTERNAME: DESKTOP-JC803G5
[DEBUG] env.COMSPEC: C:\WINDOWS\system32\cmd.exe
[DEBUG] env.DRIVERDATA: C:\Windows\System32\Drivers\DriverData
[DEBUG] env.ERROR_CODE: 0
[DEBUG] env.EXEC_DIR: C:\Users\naidu\Downloads\ecommerce-api-spring-kafka-main\ecommerce-api-spring-kafka-main
[DEBUG] env.GIT_ASKPASS: d:\Antigravity\resources\app\extensions\git\dist\askpass.sh
[DEBUG] env.HOME: C:\Users\naidu
[DEBUG] env.HOMEDRIVE: C:
[DEBUG] env.HOMEPATH: \Users\naidu
[DEBUG] env.INTELLIJ IDEA COMMUNITY EDITION: C:\Program Files\JetBrains\IntelliJ IDEA Community Edition 2022.3.2\bin;
[DEBUG] env.JAVA_HOME: C:\Program Files\Microsoft\jdk-17.0.18.8-hotspot\
[DEBUG] env.LANG: en_US.UTF-8
[DEBUG] env.LOCALAPPDATA: C:\Users\naidu\AppData\Local
[DEBUG] env.LOGONSERVER: \\DESKTOP-JC803G5
[DEBUG] env.MAVEN_CMD_LINE_ARGS: clean test -X
[DEBUG] env.MAVEN_JAVA_EXE: "C:\Program Files\Microsoft\jdk-17.0.18.8-hotspot\\bin\java.exe"
[DEBUG] env.MAVEN_PROJECTBASEDIR: C:\Users\naidu\Downloads\ecommerce-api-spring-kafka-main\ecommerce-api-spring-kafka-main
[DEBUG] env.NUMBER_OF_PROCESSORS: 8
[DEBUG] env.NVM_HOME: C:\Users\naidu\AppData\Roaming\nvm
[DEBUG] env.NVM_SYMLINK: C:\Program Files\nodejs
[DEBUG] env.ONEDRIVE: C:\Users\naidu\OneDrive
[DEBUG] env.OS: Windows_NT
[DEBUG] env.PAGER: cat
[DEBUG] env.PATH: C:\Program Files\Microsoft\jdk-17.0.18.8-hotspot\bin;C:\Program Files\Common Files\Oracle\Java\javapath;C:\WINDOWS\system32;C:\WINDOWS;C:\WINDOWS\System32\Wbem;C:\WINDOWS\System32\WindowsPowerShell\v1.0\;C:\WINDOWS\System32\OpenSSH\;C:\ProgramData\chocolatey\bin;C:\Program Files\dotnet\;C:\dartsdk-windows-x64-release\dart-sdk\bin;C:\msys64\mingw64\bin;C:\Program Files\Geth;C:\Users\naidu\AppData\Roaming\nvm;C:\Program Files\nodejs;C:\Users\naidu\AppData\Roaming\nvm;C:\xampp\php;C:\Program Files\Microsoft SQL Server\150\Tools\Binn\;C:\Users\naidu\.git;C:\Program Files (x86)\Git\cmd;C:\Program Files (x86)\Git\bin;C:\Users\naidu\AppData\Local\Pub\Cache\bin;C:\Program Files\Git\cmd;C:\flutter-software-new\flutter\bin;C:\Users\naidu\AppData\Local\Android\Sdk\platform-tools;C:\Program Files\Java\jdk-18.0.2.1\bin;C:\Program Files\MongoDB\Server\7.0\bin;C:\mongosh-2.1.1-win32-x64\bin;C:\MinGW\bin;C:\Program Files\heroku\bin;C:\Program Files\Java\jdk-11\bin;C:\Users\naidu\AppData\Roaming\Python\Python39\Scripts;C:\Program Files\R\R-4.3.3\bin;C:\Program Files\R\R-4.3.3\bin\x64;C:\Users\naidu\AppData\Local\Programs\Python\Python39;C:\Program Files (x86)\Microsoft SQL Server\160\Tools\Binn\;C:\Program Files\Microsoft SQL Server\160\Tools\Binn\;C:\Program Files\Microsoft SQL Server\Client SDK\ODBC\170\Tools\Binn\;C:\Program Files\Microsoft SQL Server\160\DTS\Binn\;C:\Python311;C:\Python311\Scripts;C:\Users\naidu\AppData\Roaming\npm;C:\Program Files\Amazon\AWSCLIV2\;C:\Program Files\MongoDB\Tools\100\bin;C:\Users\naidu\anaconda3;C:\Users\naidu\anaconda3\Scripts;C:\Users\naidu\anaconda3\condabin;C:\win_flex_bison-latest;;C:\Program Files\Docker\Docker\resources\bin;C:\Users\naidu\scoop\shims;C:\Users\naidu\AppData\Local\Programs\Python\Python39\;C:\Users\naidu\AppData\Local\Microsoft\WindowsApps;C:\Program Files\JetBrains\PyCharm Community Edition 2022.2.3\bin;C:\Program Files (x86)\Git\cm;C:\Users\naidu\AppData\Local\Programs\Microsoft VS Code\bin;C:\Program Files\JetBrains\IntelliJ IDEA Community Edition 2022.3.2\bin;C:\Users\naidu\AppData\Roaming\;C:\Program Files\JetBrains\CLion 2024.2.1\bin;C:\Users\naidu\AppData\Local\Programs\Python\Python39\Scripts;c:\users\naidu\.local\bin;C:\Users\naidu\AppData\Local\Programs\Ollama;D:\Antigravity\bin
[DEBUG] env.PATHEXT: .COM;.EXE;.BAT;.CMD;.VBS;.VBE;.JS;.JSE;.WSF;.WSH;.MSC;.PY;.PYW;.CPL
[DEBUG] env.PROCESSOR_ARCHITECTURE: AMD64
[DEBUG] env.PROCESSOR_IDENTIFIER: Intel64 Family 6 Model 142 Stepping 12, GenuineIntel
[DEBUG] env.PROCESSOR_LEVEL: 6
[DEBUG] env.PROCESSOR_REVISION: 8e0c
[DEBUG] env.PROGRAMDATA: C:\ProgramData
[DEBUG] env.PROGRAMFILES: C:\Program Files
[DEBUG] env.PROGRAMFILES(X86): C:\Program Files (x86)
[DEBUG] env.PROGRAMW6432: C:\Program Files
[DEBUG] env.PROMPT: $P$G
[DEBUG] env.PSMODULEPATH: C:\Users\naidu\Documents\WindowsPowerShell\Modules;C:\Program Files\WindowsPowerShell\Modules;C:\WINDOWS\system32\WindowsPowerShell\v1.0\Modules;C:\Program Files (x86)\Microsoft SQL Server\160\Tools\PowerShell\Modules\
[DEBUG] env.PUBLIC: C:\Users\Public
[DEBUG] env.PYCHARM COMMUNITY EDITION: C:\Program Files\JetBrains\PyCharm Community Edition 2022.2.3\bin;
[DEBUG] env.PYTHONSTARTUP: c:\Users\naidu\AppData\Roaming\Antigravity\User\workspaceStorage\97c499aa88e2c17cf4ee404de22e6548\ms-python.python\pythonrc.py
[DEBUG] env.PYTHON_BASIC_REPL: 1
[DEBUG] env.SYSTEMDRIVE: C:
[DEBUG] env.SYSTEMROOT: C:\WINDOWS
[DEBUG] env.TEMP: C:\Users\naidu\AppData\Local\Temp
[DEBUG] env.TERM_PROGRAM: vscode
[DEBUG] env.TERM_PROGRAM_VERSION: 1.107.0
[DEBUG] env.TMP: C:\Users\naidu\AppData\Local\Temp
[DEBUG] env.USERDOMAIN: DESKTOP-JC803G5
[DEBUG] env.USERDOMAIN_ROAMINGPROFILE: DESKTOP-JC803G5
[DEBUG] env.USERNAME: naidu
[DEBUG] env.USERPROFILE: C:\Users\naidu
[DEBUG] env.VSCODE_GIT_ASKPASS_EXTRA_ARGS: 
[DEBUG] env.VSCODE_GIT_ASKPASS_MAIN: d:\Antigravity\resources\app\extensions\git\dist\askpass-main.js
[DEBUG] env.VSCODE_GIT_ASKPASS_NODE: D:\Antigravity\Antigravity.exe
[DEBUG] env.VSCODE_GIT_IPC_HANDLE: \\.\pipe\vscode-git-25b4496481-sock
[DEBUG] env.VSCODE_INJECTION: 1
[DEBUG] env.VSCODE_JDWP_ADAPTER_ENDPOINTS: c:\Users\naidu\.antigravity\extensions\vscjava.vscode-java-debug-0.58.5-universal\.noConfigDebugAdapterEndpoints\endpoint-c84c97519bf6e7b7.txt
[DEBUG] env.VSCODE_PYTHON_AUTOACTIVATE_GUARD: 1
[DEBUG] env.WDIR: C:\Users\naidu\Downloads\ecommerce-api-spring-kafka-main\ecommerce-api-spring-kafka-main
[DEBUG] env.WINDIR: C:\WINDOWS
[DEBUG] env.WRAPPER_JAR: "C:\Users\naidu\Downloads\ecommerce-api-spring-kafka-main\ecommerce-api-spring-kafka-main\.mvn\wrapper\maven-wrapper.jar"
[DEBUG] env.WRAPPER_LAUNCHER: org.apache.maven.wrapper.MavenWrapperMain
[DEBUG] env.WRAPPER_SHA_256_SUM: ""
[DEBUG] env.WRAPPER_URL: https://repo.maven.apache.org/maven2/org/apache/maven/wrapper/maven-wrapper/3.2.0/maven-wrapper-3.2.0.jar
[DEBUG] env.ZES_ENABLE_SYSMAN: 1
[DEBUG] file.encoding: Cp1252
[DEBUG] file.separator: \
[DEBUG] flyway.version: 11.7.2
[DEBUG] freemarker.version: 2.3.34
[DEBUG] git-commit-id-maven-plugin.version: 9.0.2
[DEBUG] glassfish-jaxb.version: 4.0.5
[DEBUG] glassfish-jstl.version: 3.0.1
[DEBUG] graphql-java.version: 24.0
[DEBUG] groovy.version: 4.0.27
[DEBUG] gson.version: 2.13.1
[DEBUG] h2.version: 2.3.232
[DEBUG] hamcrest.version: 3.0
[DEBUG] hazelcast.version: 5.5.0
[DEBUG] hibernate-validator.version: 8.0.2.Final
[DEBUG] hibernate.version: 6.6.18.Final
[DEBUG] hikaricp.version: 6.3.0
[DEBUG] hsqldb.version: 2.7.3
[DEBUG] htmlunit.version: 4.11.1
[DEBUG] httpasyncclient.version: 4.1.5
[DEBUG] httpclient5.version: 5.5
[DEBUG] httpcore.version: 4.4.16
[DEBUG] httpcore5.version: 5.3.4
[DEBUG] infinispan.version: 15.2.4.Final
[DEBUG] influxdb-java.version: 2.25
[DEBUG] jackson-bom.version: 2.19.1
[DEBUG] jakarta-activation.version: 2.1.3
[DEBUG] jakarta-annotation.version: 2.1.1
[DEBUG] jakarta-inject.version: 2.0.1
[DEBUG] jakarta-jms.version: 3.1.0
[DEBUG] jakarta-json-bind.version: 3.0.1
[DEBUG] jakarta-json.version: 2.1.3
[DEBUG] jakarta-mail.version: 2.1.3
[DEBUG] jakarta-management.version: 1.1.4
[DEBUG] jakarta-persistence.version: 3.1.0
[DEBUG] jakarta-servlet-jsp-jstl.version: 3.0.2
[DEBUG] jakarta-servlet.version: 6.0.0
[DEBUG] jakarta-transaction.version: 2.0.1
[DEBUG] jakarta-validation.version: 3.0.2
[DEBUG] jakarta-websocket.version: 2.1.1
[DEBUG] jakarta-ws-rs.version: 3.1.0
[DEBUG] jakarta-xml-bind.version: 4.0.2
[DEBUG] jakarta-xml-soap.version: 3.0.2
[DEBUG] jakarta-xml-ws.version: 4.0.2
[DEBUG] janino.version: 3.1.12
[DEBUG] java.class.path: C:\Users\naidu\Downloads\ecommerce-api-spring-kafka-main\ecommerce-api-spring-kafka-main\.mvn\wrapper\maven-wrapper.jar
[DEBUG] java.class.version: 61.0
[DEBUG] java.home: C:\Program Files\Microsoft\jdk-17.0.18.8-hotspot
[DEBUG] java.io.tmpdir: C:\Users\naidu\AppData\Local\Temp\
[DEBUG] java.library.path: C:\Program Files\Microsoft\jdk-17.0.18.8-hotspot\bin;C:\WINDOWS\Sun\Java\bin;C:\WINDOWS\system32;C:\WINDOWS;C:\Program Files\Microsoft\jdk-17.0.18.8-hotspot\bin;C:\Program Files\Common Files\Oracle\Java\javapath;C:\WINDOWS\system32;C:\WINDOWS;C:\WINDOWS\System32\Wbem;C:\WINDOWS\System32\WindowsPowerShell\v1.0\;C:\WINDOWS\System32\OpenSSH\;C:\ProgramData\chocolatey\bin;C:\Program Files\dotnet\;C:\dartsdk-windows-x64-release\dart-sdk\bin;C:\msys64\mingw64\bin;C:\Program Files\Geth;C:\Users\naidu\AppData\Roaming\nvm;C:\Program Files\nodejs;C:\Users\naidu\AppData\Roaming\nvm;C:\xampp\php;C:\Program Files\Microsoft SQL Server\150\Tools\Binn\;C:\Users\naidu\.git;C:\Program Files (x86)\Git\cmd;C:\Program Files (x86)\Git\bin;C:\Users\naidu\AppData\Local\Pub\Cache\bin;C:\Program Files\Git\cmd;C:\flutter-software-new\flutter\bin;C:\Users\naidu\AppData\Local\Android\Sdk\platform-tools;C:\Program Files\Java\jdk-18.0.2.1\bin;C:\Program Files\MongoDB\Server\7.0\bin;C:\mongosh-2.1.1-win32-x64\bin;C:\MinGW\bin;C:\Program Files\heroku\bin;C:\Program Files\Java\jdk-11\bin;C:\Users\naidu\AppData\Roaming\Python\Python39\Scripts;C:\Program Files\R\R-4.3.3\bin;C:\Program Files\R\R-4.3.3\bin\x64;C:\Users\naidu\AppData\Local\Programs\Python\Python39;C:\Program Files (x86)\Microsoft SQL Server\160\Tools\Binn\;C:\Program Files\Microsoft SQL Server\160\Tools\Binn\;C:\Program Files\Microsoft SQL Server\Client SDK\ODBC\170\Tools\Binn\;C:\Program Files\Microsoft SQL Server\160\DTS\Binn\;C:\Python311;C:\Python311\Scripts;C:\Users\naidu\AppData\Roaming\npm;C:\Program Files\Amazon\AWSCLIV2\;C:\Program Files\MongoDB\Tools\100\bin;C:\Users\naidu\anaconda3;C:\Users\naidu\anaconda3\Scripts;C:\Users\naidu\anaconda3\condabin;C:\win_flex_bison-latest;;C:\Program Files\Docker\Docker\resources\bin;C:\Users\naidu\scoop\shims;C:\Users\naidu\AppData\Local\Programs\Python\Python39\;C:\Users\naidu\AppData\Local\Microsoft\WindowsApps;C:\Program Files\JetBrains\PyCharm Community Edition 2022.2.3\bin;C:\Program Files (x86)\Git\cm;C:\Users\naidu\AppData\Local\Programs\Microsoft VS Code\bin;C:\Program Files\JetBrains\IntelliJ IDEA Community Edition 2022.3.2\bin;C:\Users\naidu\AppData\Roaming\;C:\Program Files\JetBrains\CLion 2024.2.1\bin;C:\Users\naidu\AppData\Local\Programs\Python\Python39\Scripts;c:\users\naidu\.local\bin;C:\Users\naidu\AppData\Local\Programs\Ollama;D:\Antigravity\bin;.
[DEBUG] java.runtime.name: OpenJDK Runtime Environment
[DEBUG] java.runtime.version: 17.0.18+8-LTS
[DEBUG] java.specification.maintenance.version: 1
[DEBUG] java.specification.name: Java Platform API Specification
[DEBUG] java.specification.vendor: Oracle Corporation
[DEBUG] java.specification.version: 17
[DEBUG] java.vendor: Microsoft
[DEBUG] java.vendor.url: https://www.microsoft.com
[DEBUG] java.vendor.url.bug: https://github.com/microsoft/openjdk/issues
[DEBUG] java.vendor.version: Microsoft-13106358
[DEBUG] java.version: 17.0.18
[DEBUG] java.version.date: 2026-01-20
[DEBUG] java.vm.compressedOopsMode: Zero based
[DEBUG] java.vm.info: mixed mode, sharing
[DEBUG] java.vm.name: OpenJDK 64-Bit Server VM
[DEBUG] java.vm.specification.name: Java Virtual Machine Specification
[DEBUG] java.vm.specification.vendor: Oracle Corporation
[DEBUG] java.vm.specification.version: 17
[DEBUG] java.vm.vendor: Microsoft
[DEBUG] java.vm.version: 17.0.18+8-LTS
[DEBUG] javax-cache.version: 1.1.1
[DEBUG] javax-money.version: 1.1
[DEBUG] jaxen.version: 2.0.0
[DEBUG] jaybird.version: 6.0.2
[DEBUG] jboss-logging.version: 3.6.1.Final
[DEBUG] jdk.debug: release
[DEBUG] jdom2.version: 2.0.6.1
[DEBUG] jedis.version: 6.0.0
[DEBUG] jersey.version: 3.1.10
[DEBUG] jetty-reactive-httpclient.version: 4.0.10
[DEBUG] jetty.version: 12.0.22
[DEBUG] jmustache.version: 1.16
[DEBUG] jooq.version: 3.19.24
[DEBUG] json-path.version: 2.9.0
[DEBUG] json-smart.version: 2.5.2
[DEBUG] jsonassert.version: 1.5.3
[DEBUG] jtds.version: 1.3.1
[DEBUG] junit-jupiter.version: 5.12.2
[DEBUG] junit.version: 4.13.2
[DEBUG] kafka.version: 3.9.1
[DEBUG] kotlin-coroutines.version: 1.8.1
[DEBUG] kotlin-serialization.version: 1.6.3
[DEBUG] kotlin.version: 1.9.25
[DEBUG] lettuce.version: 6.6.0.RELEASE
[DEBUG] line.separator: 

[DEBUG] liquibase.version: 4.31.1
[DEBUG] log4j2.version: 2.24.3
[DEBUG] logback.version: 1.5.18
[DEBUG] lombok.version: 1.18.38
[DEBUG] mariadb.version: 3.5.3
[DEBUG] maven-antrun-plugin.version: 3.1.0
[DEBUG] maven-assembly-plugin.version: 3.7.1
[DEBUG] maven-clean-plugin.version: 3.4.1
[DEBUG] maven-compiler-plugin.version: 3.14.0
[DEBUG] maven-dependency-plugin.version: 3.8.1
[DEBUG] maven-deploy-plugin.version: 3.1.4
[DEBUG] maven-enforcer-plugin.version: 3.5.0
[DEBUG] maven-failsafe-plugin.version: 3.5.3
[DEBUG] maven-help-plugin.version: 3.5.1
[DEBUG] maven-install-plugin.version: 3.1.4
[DEBUG] maven-invoker-plugin.version: 3.9.0
[DEBUG] maven-jar-plugin.version: 3.4.2
[DEBUG] maven-javadoc-plugin.version: 3.11.2
[DEBUG] maven-resources-plugin.version: 3.3.1
[DEBUG] maven-shade-plugin.version: 3.6.0
[DEBUG] maven-source-plugin.version: 3.3.1
[DEBUG] maven-surefire-plugin.version: 3.5.3
[DEBUG] maven-war-plugin.version: 3.4.0
[DEBUG] maven.build.timestamp: 2026-02-21T09:45:54Z
[DEBUG] maven.build.version: Apache Maven 3.9.4 (dfbb324ad4a7c8fb0bf182e6d91b0ae20e3d2dd9)
[DEBUG] maven.compiler.release: 17
[DEBUG] maven.conf: C:\Users\naidu\.m2\wrapper\dists\apache-maven-3.9.4-bin\32a55694\apache-maven-3.9.4/conf
[DEBUG] maven.home: C:\Users\naidu\.m2\wrapper\dists\apache-maven-3.9.4-bin\32a55694\apache-maven-3.9.4
[DEBUG] maven.multiModuleProjectDirectory: C:\Users\naidu\Downloads\ecommerce-api-spring-kafka-main\ecommerce-api-spring-kafka-main
[DEBUG] maven.version: 3.9.4
[DEBUG] micrometer-tracing.version: 1.5.1
[DEBUG] micrometer.version: 1.15.1
[DEBUG] mockito.version: 5.17.0
[DEBUG] mongodb.version: 5.5.1
[DEBUG] mssql-jdbc.version: 12.10.0.jre11
[DEBUG] mysql.version: 9.2.0
[DEBUG] native-build-tools-plugin.version: 0.10.6
[DEBUG] native.encoding: Cp1252
[DEBUG] nekohtml.version: 1.9.22
[DEBUG] neo4j-java-driver.version: 5.28.5
[DEBUG] netty.version: 4.1.122.Final
[DEBUG] opentelemetry.version: 1.49.0
[DEBUG] oracle-database.version: 23.7.0.25.01
[DEBUG] oracle-r2dbc.version: 1.3.0
[DEBUG] os.arch: amd64
[DEBUG] os.name: Windows 11
[DEBUG] os.version: 10.0
[DEBUG] path.separator: ;
[DEBUG] pooled-jms.version: 3.1.7
[DEBUG] postgresql.version: 42.7.7
[DEBUG] project.baseUri: file:/C:/Users/naidu/Downloads/ecommerce-api-spring-kafka-main/ecommerce-api-spring-kafka-main/
[DEBUG] project.build.sourceEncoding: UTF-8
[DEBUG] project.reporting.outputEncoding: UTF-8
[DEBUG] prometheus-client.version: 1.3.8
[DEBUG] prometheus-simpleclient.version: 0.16.0
[DEBUG] pulsar-reactive.version: 0.6.0
[DEBUG] pulsar.version: 4.0.5
[DEBUG] quartz.version: 2.5.0
[DEBUG] querydsl.version: 5.1.0
[DEBUG] r2dbc-h2.version: 1.0.0.RELEASE
[DEBUG] r2dbc-mariadb.version: 1.3.0
[DEBUG] r2dbc-mssql.version: 1.0.2.RELEASE
[DEBUG] r2dbc-mysql.version: 1.4.1
[DEBUG] r2dbc-pool.version: 1.0.2.RELEASE
[DEBUG] r2dbc-postgresql.version: 1.0.7.RELEASE
[DEBUG] r2dbc-proxy.version: 1.1.6.RELEASE
[DEBUG] r2dbc-spi.version: 1.0.0.RELEASE
[DEBUG] rabbit-amqp-client.version: 5.25.0
[DEBUG] rabbit-stream-client.version: 0.23.0
[DEBUG] reactive-streams.version: 1.0.4
[DEBUG] reactor-bom.version: 2024.0.7
[DEBUG] resource.delimiter: @
[DEBUG] rest-assured.version: 5.5.5
[DEBUG] rsocket.version: 1.1.5
[DEBUG] rxjava3.version: 3.1.10
[DEBUG] saaj-impl.version: 3.0.4
[DEBUG] selenium-htmlunit.version: 4.30.0
[DEBUG] selenium.version: 4.31.0
[DEBUG] sendgrid.version: 4.10.3
[DEBUG] slf4j.version: 2.0.17
[DEBUG] snakeyaml.version: 2.4
[DEBUG] spring-amqp.version: 3.2.5
[DEBUG] spring-authorization-server.version: 1.5.1
[DEBUG] spring-batch.version: 5.2.2
[DEBUG] spring-boot.run.main-class: ${start-class}
[DEBUG] spring-data-bom.version: 2025.0.1
[DEBUG] spring-framework.version: 6.2.8
[DEBUG] spring-graphql.version: 1.4.0
[DEBUG] spring-hateoas.version: 2.5.1
[DEBUG] spring-integration.version: 6.5.0
[DEBUG] spring-kafka.version: 3.3.7
[DEBUG] spring-ldap.version: 3.3.1
[DEBUG] spring-pulsar.version: 1.2.7
[DEBUG] spring-restdocs.version: 3.0.4
[DEBUG] spring-retry.version: 2.0.12
[DEBUG] spring-security.version: 6.5.1
[DEBUG] spring-session.version: 3.5.1
[DEBUG] spring-ws.version: 4.1.0
[DEBUG] sqlite-jdbc.version: 3.49.1.0
[DEBUG] sun.arch.data.model: 64
[DEBUG] sun.boot.library.path: C:\Program Files\Microsoft\jdk-17.0.18.8-hotspot\bin
[DEBUG] sun.cpu.endian: little
[DEBUG] sun.cpu.isalist: amd64
[DEBUG] sun.io.unicode.encoding: UnicodeLittle
[DEBUG] sun.java.command: org.apache.maven.wrapper.MavenWrapperMain clean test -X
[DEBUG] sun.java.launcher: SUN_STANDARD
[DEBUG] sun.jnu.encoding: Cp1252
[DEBUG] sun.management.compiler: HotSpot 64-Bit Tiered Compilers
[DEBUG] sun.os.patch.level: 
[DEBUG] sun.stderr.encoding: cp437
[DEBUG] testcontainers-redis-module.version: 2.2.4
[DEBUG] testcontainers.version: 1.21.2
[DEBUG] thymeleaf-extras-data-attribute.version: 2.0.1
[DEBUG] thymeleaf-extras-springsecurity.version: 3.1.3.RELEASE
[DEBUG] thymeleaf-layout-dialect.version: 3.4.0
[DEBUG] thymeleaf.version: 3.1.3.RELEASE
[DEBUG] tomcat.version: 10.1.42
[DEBUG] unboundid-ldapsdk.version: 7.0.3
[DEBUG] undertow.version: 2.3.18.Final
[DEBUG] user.country: US
[DEBUG] user.dir: C:\Users\naidu\Downloads\ecommerce-api-spring-kafka-main\ecommerce-api-spring-kafka-main
[DEBUG] user.home: C:\Users\naidu
[DEBUG] user.language: en
[DEBUG] user.name: naidu
[DEBUG] user.script: 
[DEBUG] user.variant: 
[DEBUG] versions-maven-plugin.version: 2.18.0
[DEBUG] vibur.version: 26.0
[DEBUG] webjars-locator-core.version: 0.59
[DEBUG] webjars-locator-lite.version: 1.1.0
[DEBUG] wsdl4j.version: 1.6.3
[DEBUG] xml-maven-plugin.version: 1.1.0
[DEBUG] xmlunit2.version: 2.10.2
[DEBUG] yasson.version: 3.0.4
[DEBUG] zipkin-reporter.version: 3.5.1
[DEBUG] Using 'UTF-8' encoding to copy filtered resources.
[DEBUG] Using 'UTF-8' encoding to copy filtered properties files.
[DEBUG] resource with targetPath null
directory C:\Users\naidu\Downloads\ecommerce-api-spring-kafka-main\ecommerce-api-spring-kafka-main\src\main\resources
excludes []
includes [**/application*.yml, **/application*.yaml, **/application*.properties]
[DEBUG] ignoreDelta true
[INFO] Copying 1 resource from src\main\resources to target\classes
[DEBUG] Copying file application.properties
[DEBUG] file application.properties has a filtered file extension
[DEBUG] Using 'UTF-8' encoding to copy filtered resource 'application.properties'.
[DEBUG] filtering C:\Users\naidu\Downloads\ecommerce-api-spring-kafka-main\ecommerce-api-spring-kafka-main\src\main\resources\application.properties to C:\Users\naidu\Downloads\ecommerce-api-spring-kafka-main\ecommerce-api-spring-kafka-main\target\classes\application.properties
[DEBUG] resource with targetPath null
directory C:\Users\naidu\Downloads\ecommerce-api-spring-kafka-main\ecommerce-api-spring-kafka-main\src\main\resources
excludes [**/application*.yml, **/application*.yaml, **/application*.properties]
includes []
[DEBUG] ignoreDelta true
[INFO] Copying 10 resources from src\main\resources to target\classes
[DEBUG] Copying file db\migration\V20250117183427__create_product_table_and_index.sql
[DEBUG] file V20250117183427__create_product_table_and_index.sql has a filtered file extension
[DEBUG] Using 'UTF-8' encoding to copy filtered resource 'V20250117183427__create_product_table_and_index.sql'.
[DEBUG] copy C:\Users\naidu\Downloads\ecommerce-api-spring-kafka-main\ecommerce-api-spring-kafka-main\src\main\resources\db\migration\V20250117183427__create_product_table_and_index.sql to C:\Users\naidu\Downloads\ecommerce-api-spring-kafka-main\ecommerce-api-spring-kafka-main\target\classes\db\migration\V20250117183427__create_product_table_and_index.sql
[DEBUG] Copying file db\migration\V20250118194751__create_customer_table.sql
[DEBUG] file V20250118194751__create_customer_table.sql has a filtered file extension
[DEBUG] Using 'UTF-8' encoding to copy filtered resource 'V20250118194751__create_customer_table.sql'.
[DEBUG] copy C:\Users\naidu\Downloads\ecommerce-api-spring-kafka-main\ecommerce-api-spring-kafka-main\src\main\resources\db\migration\V20250118194751__create_customer_table.sql to C:\Users\naidu\Downloads\ecommerce-api-spring-kafka-main\ecommerce-api-spring-kafka-main\target\classes\db\migration\V20250118194751__create_customer_table.sql
[DEBUG] Copying file db\migration\V20250118194809__create_address_table.sql
[DEBUG] file V20250118194809__create_address_table.sql has a filtered file extension
[DEBUG] Using 'UTF-8' encoding to copy filtered resource 'V20250118194809__create_address_table.sql'.
[DEBUG] copy C:\Users\naidu\Downloads\ecommerce-api-spring-kafka-main\ecommerce-api-spring-kafka-main\src\main\resources\db\migration\V20250118194809__create_address_table.sql to C:\Users\naidu\Downloads\ecommerce-api-spring-kafka-main\ecommerce-api-spring-kafka-main\target\classes\db\migration\V20250118194809__create_address_table.sql
[DEBUG] Copying file db\migration\V20250223154834__create_order_tables.sql
[DEBUG] file V20250223154834__create_order_tables.sql has a filtered file extension
[DEBUG] Using 'UTF-8' encoding to copy filtered resource 'V20250223154834__create_order_tables.sql'.
[DEBUG] copy C:\Users\naidu\Downloads\ecommerce-api-spring-kafka-main\ecommerce-api-spring-kafka-main\src\main\resources\db\migration\V20250223154834__create_order_tables.sql to C:\Users\naidu\Downloads\ecommerce-api-spring-kafka-main\ecommerce-api-spring-kafka-main\target\classes\db\migration\V20250223154834__create_order_tables.sql
[DEBUG] Copying file db\migration\V20250223174830__create_shopping_cart_tables.sql
[DEBUG] file V20250223174830__create_shopping_cart_tables.sql has a filtered file extension
[DEBUG] Using 'UTF-8' encoding to copy filtered resource 'V20250223174830__create_shopping_cart_tables.sql'.
[DEBUG] copy C:\Users\naidu\Downloads\ecommerce-api-spring-kafka-main\ecommerce-api-spring-kafka-main\src\main\resources\db\migration\V20250223174830__create_shopping_cart_tables.sql to C:\Users\naidu\Downloads\ecommerce-api-spring-kafka-main\ecommerce-api-spring-kafka-main\target\classes\db\migration\V20250223174830__create_shopping_cart_tables.sql
[DEBUG] Copying file db\migration\V20250223190617__alter_table_product_add_column_stockquantity.sql
[DEBUG] file V20250223190617__alter_table_product_add_column_stockquantity.sql has a filtered file extension
[DEBUG] Using 'UTF-8' encoding to copy filtered resource 'V20250223190617__alter_table_product_add_column_stockquantity.sql'.
[DEBUG] copy C:\Users\naidu\Downloads\ecommerce-api-spring-kafka-main\ecommerce-api-spring-kafka-main\src\main\resources\db\migration\V20250223190617__alter_table_product_add_column_stockquantity.sql to C:\Users\naidu\Downloads\ecommerce-api-spring-kafka-main\ecommerce-api-spring-kafka-main\target\classes\db\migration\V20250223190617__alter_table_product_add_column_stockquantity.sql
[DEBUG] Copying file db\migration\V20250630004202__alter_all_tables_add_dates.sql
[DEBUG] file V20250630004202__alter_all_tables_add_dates.sql has a filtered file extension
[DEBUG] Using 'UTF-8' encoding to copy filtered resource 'V20250630004202__alter_all_tables_add_dates.sql'.
[DEBUG] copy C:\Users\naidu\Downloads\ecommerce-api-spring-kafka-main\ecommerce-api-spring-kafka-main\src\main\resources\db\migration\V20250630004202__alter_all_tables_add_dates.sql to C:\Users\naidu\Downloads\ecommerce-api-spring-kafka-main\ecommerce-api-spring-kafka-main\target\classes\db\migration\V20250630004202__alter_all_tables_add_dates.sql
[DEBUG] Copying file db\migration\V20251212175216__create_idempotency_table.sql
[DEBUG] file V20251212175216__create_idempotency_table.sql has a filtered file extension
[DEBUG] Using 'UTF-8' encoding to copy filtered resource 'V20251212175216__create_idempotency_table.sql'.
[DEBUG] copy C:\Users\naidu\Downloads\ecommerce-api-spring-kafka-main\ecommerce-api-spring-kafka-main\src\main\resources\db\migration\V20251212175216__create_idempotency_table.sql to C:\Users\naidu\Downloads\ecommerce-api-spring-kafka-main\ecommerce-api-spring-kafka-main\target\classes\db\migration\V20251212175216__create_idempotency_table.sql
[DEBUG] Copying file db\migration\V20260101000000__alter_customer_add_security.sql
[DEBUG] file V20260101000000__alter_customer_add_security.sql has a filtered file extension
[DEBUG] Using 'UTF-8' encoding to copy filtered resource 'V20260101000000__alter_customer_add_security.sql'.
[DEBUG] copy C:\Users\naidu\Downloads\ecommerce-api-spring-kafka-main\ecommerce-api-spring-kafka-main\src\main\resources\db\migration\V20260101000000__alter_customer_add_security.sql to C:\Users\naidu\Downloads\ecommerce-api-spring-kafka-main\ecommerce-api-spring-kafka-main\target\classes\db\migration\V20260101000000__alter_customer_add_security.sql
[DEBUG] Copying file db\migration\V20260220120000__create_review_table.sql
[DEBUG] file V20260220120000__create_review_table.sql has a filtered file extension
[DEBUG] Using 'UTF-8' encoding to copy filtered resource 'V20260220120000__create_review_table.sql'.
[DEBUG] copy C:\Users\naidu\Downloads\ecommerce-api-spring-kafka-main\ecommerce-api-spring-kafka-main\src\main\resources\db\migration\V20260220120000__create_review_table.sql to C:\Users\naidu\Downloads\ecommerce-api-spring-kafka-main\ecommerce-api-spring-kafka-main\target\classes\db\migration\V20260220120000__create_review_table.sql
[DEBUG] no user filter components
[INFO] 
[INFO] --- compiler:3.14.0:compile (default-compile) @ ecommerce-extension ---
[DEBUG] Dependency collection stats {ConflictMarker.analyzeTime=30500, ConflictMarker.markTime=23700, ConflictMarker.nodeCount=22, ConflictIdSorter.graphTime=11800, ConflictIdSorter.topsortTime=17000, ConflictIdSorter.conflictIdCount=14, ConflictIdSorter.conflictIdCycleCount=0, ConflictResolver.totalTime=240900, ConflictResolver.conflictItemCount=22, DfDependencyCollector.collectTime=37058900, DfDependencyCollector.transformTime=343300}
[DEBUG] org.apache.maven.plugins:maven-compiler-plugin:jar:3.14.0
[DEBUG]    org.apache.maven.shared:maven-shared-utils:jar:3.4.2:compile
[DEBUG]       org.slf4j:slf4j-api:jar:1.7.36:compile
[DEBUG]       commons-io:commons-io:jar:2.11.0:compile
[DEBUG]    org.apache.maven.shared:maven-shared-incremental:jar:1.1:compile
[DEBUG]    org.codehaus.plexus:plexus-java:jar:1.4.0:compile
[DEBUG]       org.ow2.asm:asm:jar:9.7.1:compile
[DEBUG]       com.thoughtworks.qdox:qdox:jar:2.2.0:compile
[DEBUG]    org.codehaus.plexus:plexus-compiler-api:jar:2.15.0:compile
[DEBUG]    org.codehaus.plexus:plexus-compiler-manager:jar:2.15.0:compile
[DEBUG]       javax.inject:javax.inject:jar:1:compile
[DEBUG]       org.codehaus.plexus:plexus-xml:jar:3.0.1:compile (version managed from default)
[DEBUG]    org.codehaus.plexus:plexus-compiler-javac:jar:2.15.0:runtime
[DEBUG]    org.codehaus.plexus:plexus-utils:jar:4.0.1:compile
[DEBUG] Created new class realm plugin>org.apache.maven.plugins:maven-compiler-plugin:3.14.0
[DEBUG] Importing foreign packages into class realm plugin>org.apache.maven.plugins:maven-compiler-plugin:3.14.0
[DEBUG]   Imported:  < maven.api
[DEBUG] Populating class realm plugin>org.apache.maven.plugins:maven-compiler-plugin:3.14.0
[DEBUG]   Included: org.apache.maven.plugins:maven-compiler-plugin:jar:3.14.0
[DEBUG]   Included: org.apache.maven.shared:maven-shared-utils:jar:3.4.2
[DEBUG]   Included: commons-io:commons-io:jar:2.11.0
[DEBUG]   Included: org.apache.maven.shared:maven-shared-incremental:jar:1.1
[DEBUG]   Included: org.codehaus.plexus:plexus-java:jar:1.4.0
[DEBUG]   Included: org.ow2.asm:asm:jar:9.7.1
[DEBUG]   Included: com.thoughtworks.qdox:qdox:jar:2.2.0
[DEBUG]   Included: org.codehaus.plexus:plexus-compiler-api:jar:2.15.0
[DEBUG]   Included: org.codehaus.plexus:plexus-compiler-manager:jar:2.15.0
[DEBUG]   Included: org.codehaus.plexus:plexus-xml:jar:3.0.1
[DEBUG]   Included: org.codehaus.plexus:plexus-compiler-javac:jar:2.15.0
[DEBUG]   Included: org.codehaus.plexus:plexus-utils:jar:4.0.1
[DEBUG] Loading mojo org.apache.maven.plugins:maven-compiler-plugin:3.14.0:compile from plugin realm ClassRealm[plugin>org.apache.maven.plugins:maven-compiler-plugin:3.14.0, parent: java.net.URLClassLoader@46f7f36a]
[DEBUG] Configuring mojo execution 'org.apache.maven.plugins:maven-compiler-plugin:3.14.0:compile:default-compile' with basic configurator -->
[DEBUG]   (f) annotationProcessorPathsUseDepMgmt = false
[DEBUG]   (f) basedir = C:\Users\naidu\Downloads\ecommerce-api-spring-kafka-main\ecommerce-api-spring-kafka-main
[DEBUG]   (f) buildDirectory = C:\Users\naidu\Downloads\ecommerce-api-spring-kafka-main\ecommerce-api-spring-kafka-main\target
[DEBUG]   (f) compilePath = [C:\Users\naidu\Downloads\ecommerce-api-spring-kafka-main\ecommerce-api-spring-kafka-main\target\classes, C:\Users\naidu\.m2\repository\org\springframework\boot\spring-boot-starter-data-jpa\3.5.3\spring-boot-starter-data-jpa-3.5.3.jar, C:\Users\naidu\.m2\repository\org\springframework\boot\spring-boot-starter\3.5.3\spring-boot-starter-3.5.3.jar, C:\Users\naidu\.m2\repository\org\springframework\boot\spring-boot-starter-logging\3.5.3\spring-boot-starter-logging-3.5.3.jar, C:\Users\naidu\.m2\repository\ch\qos\logback\logback-classic\1.5.18\logback-classic-1.5.18.jar, C:\Users\naidu\.m2\repository\ch\qos\logback\logback-core\1.5.18\logback-core-1.5.18.jar, C:\Users\naidu\.m2\repository\org\apache\logging\log4j\log4j-to-slf4j\2.24.3\log4j-to-slf4j-2.24.3.jar, C:\Users\naidu\.m2\repository\org\apache\logging\log4j\log4j-api\2.24.3\log4j-api-2.24.3.jar, C:\Users\naidu\.m2\repository\org\slf4j\jul-to-slf4j\2.0.17\jul-to-slf4j-2.0.17.jar, C:\Users\naidu\.m2\repository\jakarta\annotation\jakarta.annotation-api\2.1.1\jakarta.annotation-api-2.1.1.jar, C:\Users\naidu\.m2\repository\org\yaml\snakeyaml\2.4\snakeyaml-2.4.jar, C:\Users\naidu\.m2\repository\org\springframework\boot\spring-boot-starter-jdbc\3.5.3\spring-boot-starter-jdbc-3.5.3.jar, C:\Users\naidu\.m2\repository\com\zaxxer\HikariCP\6.3.0\HikariCP-6.3.0.jar, C:\Users\naidu\.m2\repository\org\springframework\spring-jdbc\6.2.8\spring-jdbc-6.2.8.jar, C:\Users\naidu\.m2\repository\org\hibernate\orm\hibernate-core\6.6.18.Final\hibernate-core-6.6.18.Final.jar, C:\Users\naidu\.m2\repository\jakarta\persistence\jakarta.persistence-api\3.1.0\jakarta.persistence-api-3.1.0.jar, C:\Users\naidu\.m2\repository\jakarta\transaction\jakarta.transaction-api\2.0.1\jakarta.transaction-api-2.0.1.jar, C:\Users\naidu\.m2\repository\org\jboss\logging\jboss-logging\3.6.1.Final\jboss-logging-3.6.1.Final.jar, C:\Users\naidu\.m2\repository\com\fasterxml\classmate\1.7.0\classmate-1.7.0.jar, C:\Users\naidu\.m2\repository\org\antlr\antlr4-runtime\4.13.0\antlr4-runtime-4.13.0.jar, C:\Users\naidu\.m2\repository\org\springframework\data\spring-data-jpa\3.5.1\spring-data-jpa-3.5.1.jar, C:\Users\naidu\.m2\repository\org\springframework\data\spring-data-commons\3.5.1\spring-data-commons-3.5.1.jar, C:\Users\naidu\.m2\repository\org\springframework\spring-orm\6.2.8\spring-orm-6.2.8.jar, C:\Users\naidu\.m2\repository\org\springframework\spring-beans\6.2.8\spring-beans-6.2.8.jar, C:\Users\naidu\.m2\repository\org\springframework\spring-aspects\6.2.8\spring-aspects-6.2.8.jar, C:\Users\naidu\.m2\repository\org\springframework\boot\spring-boot-starter-web\3.5.3\spring-boot-starter-web-3.5.3.jar, C:\Users\naidu\.m2\repository\org\springframework\boot\spring-boot-starter-json\3.5.3\spring-boot-starter-json-3.5.3.jar, C:\Users\naidu\.m2\repository\com\fasterxml\jackson\datatype\jackson-datatype-jdk8\2.19.1\jackson-datatype-jdk8-2.19.1.jar, C:\Users\naidu\.m2\repository\com\fasterxml\jackson\module\jackson-module-parameter-names\2.19.1\jackson-module-parameter-names-2.19.1.jar, C:\Users\naidu\.m2\repository\org\springframework\boot\spring-boot-starter-tomcat\3.5.3\spring-boot-starter-tomcat-3.5.3.jar, C:\Users\naidu\.m2\repository\org\apache\tomcat\embed\tomcat-embed-core\10.1.42\tomcat-embed-core-10.1.42.jar, C:\Users\naidu\.m2\repository\org\apache\tomcat\embed\tomcat-embed-websocket\10.1.42\tomcat-embed-websocket-10.1.42.jar, C:\Users\naidu\.m2\repository\org\springframework\spring-web\6.2.8\spring-web-6.2.8.jar, C:\Users\naidu\.m2\repository\org\springframework\spring-webmvc\6.2.8\spring-webmvc-6.2.8.jar, C:\Users\naidu\.m2\repository\org\springframework\spring-expression\6.2.8\spring-expression-6.2.8.jar, C:\Users\naidu\.m2\repository\org\springframework\boot\spring-boot-starter-actuator\3.5.3\spring-boot-starter-actuator-3.5.3.jar, C:\Users\naidu\.m2\repository\org\springframework\boot\spring-boot-actuator-autoconfigure\3.5.3\spring-boot-actuator-autoconfigure-3.5.3.jar, C:\Users\naidu\.m2\repository\org\springframework\boot\spring-boot-actuator\3.5.3\spring-boot-actuator-3.5.3.jar, C:\Users\naidu\.m2\repository\io\micrometer\micrometer-observation\1.15.1\micrometer-observation-1.15.1.jar, C:\Users\naidu\.m2\repository\io\micrometer\micrometer-commons\1.15.1\micrometer-commons-1.15.1.jar, C:\Users\naidu\.m2\repository\io\micrometer\micrometer-jakarta9\1.15.1\micrometer-jakarta9-1.15.1.jar, C:\Users\naidu\.m2\repository\io\micrometer\micrometer-core\1.15.1\micrometer-core-1.15.1.jar, C:\Users\naidu\.m2\repository\org\springframework\boot\spring-boot\3.5.3\spring-boot-3.5.3.jar, C:\Users\naidu\.m2\repository\org\springframework\boot\spring-boot-autoconfigure\3.5.3\spring-boot-autoconfigure-3.5.3.jar, C:\Users\naidu\.m2\repository\org\projectlombok\lombok\1.18.38\lombok-1.18.38.jar, C:\Users\naidu\.m2\repository\jakarta\xml\bind\jakarta.xml.bind-api\4.0.2\jakarta.xml.bind-api-4.0.2.jar, C:\Users\naidu\.m2\repository\jakarta\activation\jakarta.activation-api\2.1.3\jakarta.activation-api-2.1.3.jar, C:\Users\naidu\.m2\repository\org\springframework\spring-core\6.2.8\spring-core-6.2.8.jar, C:\Users\naidu\.m2\repository\org\springframework\spring-jcl\6.2.8\spring-jcl-6.2.8.jar, C:\Users\naidu\.m2\repository\org\springframework\boot\spring-boot-starter-validation\3.5.3\spring-boot-starter-validation-3.5.3.jar, C:\Users\naidu\.m2\repository\org\apache\tomcat\embed\tomcat-embed-el\10.1.42\tomcat-embed-el-10.1.42.jar, C:\Users\naidu\.m2\repository\org\hibernate\validator\hibernate-validator\8.0.2.Final\hibernate-validator-8.0.2.Final.jar, C:\Users\naidu\.m2\repository\jakarta\validation\jakarta.validation-api\3.0.2\jakarta.validation-api-3.0.2.jar, C:\Users\naidu\.m2\repository\org\mapstruct\mapstruct\1.5.3.Final\mapstruct-1.5.3.Final.jar, C:\Users\naidu\.m2\repository\org\mapstruct\mapstruct-processor\1.5.3.Final\mapstruct-processor-1.5.3.Final.jar, C:\Users\naidu\.m2\repository\org\flywaydb\flyway-core\11.7.2\flyway-core-11.7.2.jar, C:\Users\naidu\.m2\repository\com\fasterxml\jackson\dataformat\jackson-dataformat-toml\2.19.1\jackson-dataformat-toml-2.19.1.jar, C:\Users\naidu\.m2\repository\com\fasterxml\jackson\core\jackson-core\2.19.1\jackson-core-2.19.1.jar, C:\Users\naidu\.m2\repository\com\fasterxml\jackson\datatype\jackson-datatype-jsr310\2.19.1\jackson-datatype-jsr310-2.19.1.jar, C:\Users\naidu\.m2\repository\com\fasterxml\jackson\core\jackson-annotations\2.19.1\jackson-annotations-2.19.1.jar, C:\Users\naidu\.m2\repository\org\flywaydb\flyway-database-postgresql\11.7.2\flyway-database-postgresql-11.7.2.jar, C:\Users\naidu\.m2\repository\org\springdoc\springdoc-openapi-starter-webmvc-ui\2.8.5\springdoc-openapi-starter-webmvc-ui-2.8.5.jar, C:\Users\naidu\.m2\repository\org\springdoc\springdoc-openapi-starter-webmvc-api\2.8.5\springdoc-openapi-starter-webmvc-api-2.8.5.jar, C:\Users\naidu\.m2\repository\org\springdoc\springdoc-openapi-starter-common\2.8.5\springdoc-openapi-starter-common-2.8.5.jar, C:\Users\naidu\.m2\repository\io\swagger\core\v3\swagger-core-jakarta\2.2.28\swagger-core-jakarta-2.2.28.jar, C:\Users\naidu\.m2\repository\io\swagger\core\v3\swagger-annotations-jakarta\2.2.28\swagger-annotations-jakarta-2.2.28.jar, C:\Users\naidu\.m2\repository\io\swagger\core\v3\swagger-models-jakarta\2.2.28\swagger-models-jakarta-2.2.28.jar, C:\Users\naidu\.m2\repository\com\fasterxml\jackson\dataformat\jackson-dataformat-yaml\2.19.1\jackson-dataformat-yaml-2.19.1.jar, C:\Users\naidu\.m2\repository\org\webjars\swagger-ui\5.18.3\swagger-ui-5.18.3.jar, C:\Users\naidu\.m2\repository\org\webjars\webjars-locator-lite\1.1.0\webjars-locator-lite-1.1.0.jar, C:\Users\naidu\.m2\repository\org\jspecify\jspecify\1.0.0\jspecify-1.0.0.jar, C:\Users\naidu\.m2\repository\org\apache\commons\commons-lang3\3.12.0\commons-lang3-3.12.0.jar, C:\Users\naidu\.m2\repository\org\springframework\kafka\spring-kafka\3.3.7\spring-kafka-3.3.7.jar, C:\Users\naidu\.m2\repository\org\springframework\spring-context\6.2.8\spring-context-6.2.8.jar, C:\Users\naidu\.m2\repository\org\springframework\spring-messaging\6.2.8\spring-messaging-6.2.8.jar, C:\Users\naidu\.m2\repository\org\springframework\spring-tx\6.2.8\spring-tx-6.2.8.jar, C:\Users\naidu\.m2\repository\org\springframework\retry\spring-retry\2.0.12\spring-retry-2.0.12.jar, C:\Users\naidu\.m2\repository\org\apache\kafka\kafka-clients\3.9.1\kafka-clients-3.9.1.jar, C:\Users\naidu\.m2\repository\org\springframework\boot\spring-boot-starter-cache\3.5.3\spring-boot-starter-cache-3.5.3.jar, C:\Users\naidu\.m2\repository\org\springframework\spring-context-support\6.2.8\spring-context-support-6.2.8.jar, C:\Users\naidu\.m2\repository\org\springframework\boot\spring-boot-starter-data-redis\3.5.3\spring-boot-starter-data-redis-3.5.3.jar, C:\Users\naidu\.m2\repository\io\lettuce\lettuce-core\6.6.0.RELEASE\lettuce-core-6.6.0.RELEASE.jar, C:\Users\naidu\.m2\repository\redis\clients\authentication\redis-authx-core\0.1.1-beta2\redis-authx-core-0.1.1-beta2.jar, C:\Users\naidu\.m2\repository\io\netty\netty-common\4.1.122.Final\netty-common-4.1.122.Final.jar, C:\Users\naidu\.m2\repository\io\netty\netty-handler\4.1.122.Final\netty-handler-4.1.122.Final.jar, C:\Users\naidu\.m2\repository\io\netty\netty-resolver\4.1.122.Final\netty-resolver-4.1.122.Final.jar, C:\Users\naidu\.m2\repository\io\netty\netty-buffer\4.1.122.Final\netty-buffer-4.1.122.Final.jar, C:\Users\naidu\.m2\repository\io\netty\netty-transport-native-unix-common\4.1.122.Final\netty-transport-native-unix-common-4.1.122.Final.jar, C:\Users\naidu\.m2\repository\io\netty\netty-codec\4.1.122.Final\netty-codec-4.1.122.Final.jar, C:\Users\naidu\.m2\repository\io\netty\netty-transport\4.1.122.Final\netty-transport-4.1.122.Final.jar, C:\Users\naidu\.m2\repository\io\projectreactor\reactor-core\3.7.7\reactor-core-3.7.7.jar, C:\Users\naidu\.m2\repository\org\reactivestreams\reactive-streams\1.0.4\reactive-streams-1.0.4.jar, C:\Users\naidu\.m2\repository\org\springframework\data\spring-data-redis\3.5.1\spring-data-redis-3.5.1.jar, C:\Users\naidu\.m2\repository\org\springframework\data\spring-data-keyvalue\3.5.1\spring-data-keyvalue-3.5.1.jar, C:\Users\naidu\.m2\repository\org\springframework\spring-oxm\6.2.8\spring-oxm-6.2.8.jar, C:\Users\naidu\.m2\repository\org\springframework\boot\spring-boot-starter-webflux\3.5.3\spring-boot-starter-webflux-3.5.3.jar, C:\Users\naidu\.m2\repository\org\springframework\boot\spring-boot-starter-reactor-netty\3.5.3\spring-boot-starter-reactor-netty-3.5.3.jar, C:\Users\naidu\.m2\repository\io\projectreactor\netty\reactor-netty-http\1.2.7\reactor-netty-http-1.2.7.jar, C:\Users\naidu\.m2\repository\io\netty\netty-codec-http\4.1.122.Final\netty-codec-http-4.1.122.Final.jar, C:\Users\naidu\.m2\repository\io\netty\netty-codec-http2\4.1.122.Final\netty-codec-http2-4.1.122.Final.jar, C:\Users\naidu\.m2\repository\io\netty\netty-resolver-dns\4.1.122.Final\netty-resolver-dns-4.1.122.Final.jar, C:\Users\naidu\.m2\repository\io\netty\netty-codec-dns\4.1.122.Final\netty-codec-dns-4.1.122.Final.jar, C:\Users\naidu\.m2\repository\io\netty\netty-resolver-dns-native-macos\4.1.122.Final\netty-resolver-dns-native-macos-4.1.122.Final-osx-x86_64.jar, C:\Users\naidu\.m2\repository\io\netty\netty-resolver-dns-classes-macos\4.1.122.Final\netty-resolver-dns-classes-macos-4.1.122.Final.jar, C:\Users\naidu\.m2\repository\io\netty\netty-transport-native-epoll\4.1.122.Final\netty-transport-native-epoll-4.1.122.Final-linux-x86_64.jar, C:\Users\naidu\.m2\repository\io\netty\netty-transport-classes-epoll\4.1.122.Final\netty-transport-classes-epoll-4.1.122.Final.jar, C:\Users\naidu\.m2\repository\io\projectreactor\netty\reactor-netty-core\1.2.7\reactor-netty-core-1.2.7.jar, C:\Users\naidu\.m2\repository\io\netty\netty-handler-proxy\4.1.122.Final\netty-handler-proxy-4.1.122.Final.jar, C:\Users\naidu\.m2\repository\io\netty\netty-codec-socks\4.1.122.Final\netty-codec-socks-4.1.122.Final.jar, C:\Users\naidu\.m2\repository\org\springframework\spring-webflux\6.2.8\spring-webflux-6.2.8.jar, C:\Users\naidu\.m2\repository\org\springframework\boot\spring-boot-starter-aop\3.5.3\spring-boot-starter-aop-3.5.3.jar, C:\Users\naidu\.m2\repository\org\springframework\spring-aop\6.2.8\spring-aop-6.2.8.jar, C:\Users\naidu\.m2\repository\org\aspectj\aspectjweaver\1.9.24\aspectjweaver-1.9.24.jar, C:\Users\naidu\.m2\repository\org\springframework\boot\spring-boot-starter-security\3.5.3\spring-boot-starter-security-3.5.3.jar, C:\Users\naidu\.m2\repository\org\springframework\security\spring-security-config\6.5.1\spring-security-config-6.5.1.jar, C:\Users\naidu\.m2\repository\org\springframework\security\spring-security-web\6.5.1\spring-security-web-6.5.1.jar, C:\Users\naidu\.m2\repository\io\jsonwebtoken\jjwt-api\0.11.5\jjwt-api-0.11.5.jar, C:\Users\naidu\.m2\repository\com\fasterxml\jackson\core\jackson-databind\2.19.1\jackson-databind-2.19.1.jar, C:\Users\naidu\.m2\repository\io\awspring\cloud\spring-cloud-aws-starter-s3\3.2.0\spring-cloud-aws-starter-s3-3.2.0.jar, C:\Users\naidu\.m2\repository\io\awspring\cloud\spring-cloud-aws-s3\3.2.0\spring-cloud-aws-s3-3.2.0.jar, C:\Users\naidu\.m2\repository\software\amazon\awssdk\s3\2.25.70\s3-2.25.70.jar, C:\Users\naidu\.m2\repository\software\amazon\awssdk\aws-xml-protocol\2.25.70\aws-xml-protocol-2.25.70.jar, C:\Users\naidu\.m2\repository\software\amazon\awssdk\aws-query-protocol\2.25.70\aws-query-protocol-2.25.70.jar, C:\Users\naidu\.m2\repository\software\amazon\awssdk\protocol-core\2.25.70\protocol-core-2.25.70.jar, C:\Users\naidu\.m2\repository\software\amazon\awssdk\arns\2.25.70\arns-2.25.70.jar, C:\Users\naidu\.m2\repository\software\amazon\awssdk\profiles\2.25.70\profiles-2.25.70.jar, C:\Users\naidu\.m2\repository\software\amazon\awssdk\crt-core\2.25.70\crt-core-2.25.70.jar, C:\Users\naidu\.m2\repository\software\amazon\awssdk\http-auth\2.25.70\http-auth-2.25.70.jar, C:\Users\naidu\.m2\repository\software\amazon\awssdk\identity-spi\2.25.70\identity-spi-2.25.70.jar, C:\Users\naidu\.m2\repository\software\amazon\awssdk\http-auth-spi\2.25.70\http-auth-spi-2.25.70.jar, C:\Users\naidu\.m2\repository\software\amazon\awssdk\http-auth-aws\2.25.70\http-auth-aws-2.25.70.jar, C:\Users\naidu\.m2\repository\software\amazon\awssdk\checksums\2.25.70\checksums-2.25.70.jar, C:\Users\naidu\.m2\repository\software\amazon\awssdk\checksums-spi\2.25.70\checksums-spi-2.25.70.jar, C:\Users\naidu\.m2\repository\software\amazon\awssdk\sdk-core\2.25.70\sdk-core-2.25.70.jar, C:\Users\naidu\.m2\repository\software\amazon\awssdk\auth\2.25.70\auth-2.25.70.jar, C:\Users\naidu\.m2\repository\software\amazon\eventstream\eventstream\1.0.1\eventstream-1.0.1.jar, C:\Users\naidu\.m2\repository\software\amazon\awssdk\http-client-spi\2.25.70\http-client-spi-2.25.70.jar, C:\Users\naidu\.m2\repository\software\amazon\awssdk\regions\2.25.70\regions-2.25.70.jar, C:\Users\naidu\.m2\repository\software\amazon\awssdk\annotations\2.25.70\annotations-2.25.70.jar, C:\Users\naidu\.m2\repository\software\amazon\awssdk\utils\2.25.70\utils-2.25.70.jar, C:\Users\naidu\.m2\repository\software\amazon\awssdk\aws-core\2.25.70\aws-core-2.25.70.jar, C:\Users\naidu\.m2\repository\software\amazon\awssdk\metrics-spi\2.25.70\metrics-spi-2.25.70.jar, C:\Users\naidu\.m2\repository\software\amazon\awssdk\json-utils\2.25.70\json-utils-2.25.70.jar, C:\Users\naidu\.m2\repository\software\amazon\awssdk\third-party-jackson-core\2.25.70\third-party-jackson-core-2.25.70.jar, C:\Users\naidu\.m2\repository\software\amazon\awssdk\endpoints-spi\2.25.70\endpoints-spi-2.25.70.jar, C:\Users\naidu\.m2\repository\io\awspring\cloud\spring-cloud-aws-starter\3.2.0\spring-cloud-aws-starter-3.2.0.jar, C:\Users\naidu\.m2\repository\io\awspring\cloud\spring-cloud-aws-autoconfigure\3.2.0\spring-cloud-aws-autoconfigure-3.2.0.jar, C:\Users\naidu\.m2\repository\io\awspring\cloud\spring-cloud-aws-core\3.2.0\spring-cloud-aws-core-3.2.0.jar, C:\Users\naidu\.m2\repository\org\slf4j\slf4j-api\2.0.17\slf4j-api-2.0.17.jar, C:\Users\naidu\.m2\repository\org\springframework\security\spring-security-core\6.5.1\spring-security-core-6.5.1.jar, C:\Users\naidu\.m2\repository\org\springframework\security\spring-security-crypto\6.5.1\spring-security-crypto-6.5.1.jar]
[DEBUG]   (f) compileSourceRoots = [C:\Users\naidu\Downloads\ecommerce-api-spring-kafka-main\ecommerce-api-spring-kafka-main\src\main\java]
[DEBUG]   (f) compilerId = javac
[DEBUG]   (f) createMissingPackageInfoClass = true
[DEBUG]   (f) debug = true
[DEBUG]   (f) debugFileName = javac
[DEBUG]   (f) enablePreview = false
[DEBUG]   (f) encoding = UTF-8
[DEBUG]   (f) failOnError = true
[DEBUG]   (f) failOnWarning = false
[DEBUG]   (f) fileExtensions = [jar, class]
[DEBUG]   (f) forceJavacCompilerUse = false
[DEBUG]   (f) forceLegacyJavacApi = false
[DEBUG]   (f) fork = false
[DEBUG]   (f) generatedSourcesDirectory = C:\Users\naidu\Downloads\ecommerce-api-spring-kafka-main\ecommerce-api-spring-kafka-main\target\generated-sources\annotations
[DEBUG]   (f) moduleVersion = 0.0.1-SNAPSHOT
[DEBUG]   (f) mojoExecution = org.apache.maven.plugins:maven-compiler-plugin:3.14.0:compile {execution: default-compile}
[DEBUG]   (f) optimize = false
[DEBUG]   (f) outputDirectory = C:\Users\naidu\Downloads\ecommerce-api-spring-kafka-main\ecommerce-api-spring-kafka-main\target\classes
[DEBUG]   (f) parameters = true
[DEBUG]   (f) project = MavenProject: com.naidugudivada:ecommerce-extension:0.0.1-SNAPSHOT @ C:\Users\naidu\Downloads\ecommerce-api-spring-kafka-main\ecommerce-api-spring-kafka-main\pom.xml
[DEBUG]   (f) projectArtifact = com.naidugudivada:ecommerce-extension:jar:0.0.1-SNAPSHOT
[DEBUG]   (s) release = 17
[DEBUG]   (f) session = org.apache.maven.execution.MavenSession@4fe533ff
[DEBUG]   (f) showCompilationChanges = false
[DEBUG]   (f) showDeprecation = false
[DEBUG]   (f) showWarnings = true
[DEBUG]   (f) skipMultiThreadWarning = false
[DEBUG]   (f) source = 1.8
[DEBUG]   (f) staleMillis = 0
[DEBUG]   (s) target = 1.8
[DEBUG]   (f) useIncrementalCompilation = true
[DEBUG]   (f) verbose = false
[DEBUG] -- end configuration --
[DEBUG] Using compiler 'javac'.
[DEBUG] Adding C:\Users\naidu\Downloads\ecommerce-api-spring-kafka-main\ecommerce-api-spring-kafka-main\target\generated-sources\annotations to compile source roots:
  C:\Users\naidu\Downloads\ecommerce-api-spring-kafka-main\ecommerce-api-spring-kafka-main\src\main\java
[DEBUG] New compile source roots:
  C:\Users\naidu\Downloads\ecommerce-api-spring-kafka-main\ecommerce-api-spring-kafka-main\src\main\java
  C:\Users\naidu\Downloads\ecommerce-api-spring-kafka-main\ecommerce-api-spring-kafka-main\target\generated-sources\annotations
[DEBUG] CompilerReuseStrategy: reuseCreated
[DEBUG] useIncrementalCompilation enabled
[INFO] 	Stale source detected: C:\Users\naidu\Downloads\ecommerce-api-spring-kafka-main\ecommerce-api-spring-kafka-main\src\main\java\com\naidugudivada\ecommerce\domain\shoppingcart\ShoppingCartEntity.java
[INFO] 	Stale source detected: C:\Users\naidu\Downloads\ecommerce-api-spring-kafka-main\ecommerce-api-spring-kafka-main\src\main\java\com\naidugudivada\ecommerce\domain\order\OrderStatusEnum.java
[INFO] 	Stale source detected: C:\Users\naidu\Downloads\ecommerce-api-spring-kafka-main\ecommerce-api-spring-kafka-main\src\main\java\com\naidugudivada\ecommerce\controller\PaymentController.java
[INFO] 	Stale source detected: C:\Users\naidu\Downloads\ecommerce-api-spring-kafka-main\ecommerce-api-spring-kafka-main\src\main\java\com\naidugudivada\ecommerce\domain\product\exceptions\ProductNotFoundException.java
[INFO] 	Stale source detected: C:\Users\naidu\Downloads\ecommerce-api-spring-kafka-main\ecommerce-api-spring-kafka-main\src\main\java\com\naidugudivada\ecommerce\domain\order\event\OrderEventProducer.java
[INFO] 	Stale source detected: C:\Users\naidu\Downloads\ecommerce-api-spring-kafka-main\ecommerce-api-spring-kafka-main\src\main\java\com\naidugudivada\ecommerce\infrastructure\exceptions\JacksonException.java
[INFO] 	Stale source detected: C:\Users\naidu\Downloads\ecommerce-api-spring-kafka-main\ecommerce-api-spring-kafka-main\src\main\java\com\naidugudivada\ecommerce\domain\auth\dto\AuthResponseDTO.java
[INFO] 	Stale source detected: C:\Users\naidu\Downloads\ecommerce-api-spring-kafka-main\ecommerce-api-spring-kafka-main\src\main\java\com\naidugudivada\ecommerce\domain\product\review\ReviewEntity.java
[INFO] 	Stale source detected: C:\Users\naidu\Downloads\ecommerce-api-spring-kafka-main\ecommerce-api-spring-kafka-main\src\main\java\com\naidugudivada\ecommerce\domain\payment\PaymentService.java
[INFO] 	Stale source detected: C:\Users\naidu\Downloads\ecommerce-api-spring-kafka-main\ecommerce-api-spring-kafka-main\src\main\java\com\naidugudivada\ecommerce\infrastructure\config\CacheConfig.java
[INFO] 	Stale source detected: C:\Users\naidu\Downloads\ecommerce-api-spring-kafka-main\ecommerce-api-spring-kafka-main\src\main\java\com\naidugudivada\ecommerce\domain\product\ProductMapper.java
[INFO] 	Stale source detected: C:\Users\naidu\Downloads\ecommerce-api-spring-kafka-main\ecommerce-api-spring-kafka-main\src\main\java\com\naidugudivada\ecommerce\domain\shoppingcart\exceptions\ShoppingCartNotFoundException.java
[INFO] 	Stale source detected: C:\Users\naidu\Downloads\ecommerce-api-spring-kafka-main\ecommerce-api-spring-kafka-main\src\main\java\com\naidugudivada\ecommerce\domain\order\event\OrderCreatedEvent.java
[INFO] 	Stale source detected: C:\Users\naidu\Downloads\ecommerce-api-spring-kafka-main\ecommerce-api-spring-kafka-main\src\main\java\com\naidugudivada\ecommerce\controller\CustomerController.java
[INFO] 	Stale source detected: C:\Users\naidu\Downloads\ecommerce-api-spring-kafka-main\ecommerce-api-spring-kafka-main\src\main\java\com\naidugudivada\ecommerce\domain\order\exceptions\EmptyShoppingCartException.java
[INFO] 	Stale source detected: C:\Users\naidu\Downloads\ecommerce-api-spring-kafka-main\ecommerce-api-spring-kafka-main\src\main\java\com\naidugudivada\ecommerce\infrastructure\kafka\KafkaConfig.java
[INFO] 	Stale source detected: C:\Users\naidu\Downloads\ecommerce-api-spring-kafka-main\ecommerce-api-spring-kafka-main\src\main\java\com\naidugudivada\ecommerce\domain\order\orderaddress\OrderAddressRepository.java
[INFO] 	Stale source detected: C:\Users\naidu\Downloads\ecommerce-api-spring-kafka-main\ecommerce-api-spring-kafka-main\src\main\java\com\naidugudivada\ecommerce\domain\product\ProductEntity.java
[INFO] 	Stale source detected: C:\Users\naidu\Downloads\ecommerce-api-spring-kafka-main\ecommerce-api-spring-kafka-main\src\main\java\com\naidugudivada\ecommerce\domain\order\OrderEntity.java
[INFO] 	Stale source detected: C:\Users\naidu\Downloads\ecommerce-api-spring-kafka-main\ecommerce-api-spring-kafka-main\src\main\java\com\naidugudivada\ecommerce\domain\customer\CustomerRepository.java
[INFO] 	Stale source detected: C:\Users\naidu\Downloads\ecommerce-api-spring-kafka-main\ecommerce-api-spring-kafka-main\src\main\java\com\naidugudivada\ecommerce\domain\order\OrderMapper.java
[INFO] 	Stale source detected: C:\Users\naidu\Downloads\ecommerce-api-spring-kafka-main\ecommerce-api-spring-kafka-main\src\main\java\com\naidugudivada\ecommerce\domain\customer\dto\CustomerResponseDTO.java
[INFO] 	Stale source detected: C:\Users\naidu\Downloads\ecommerce-api-spring-kafka-main\ecommerce-api-spring-kafka-main\src\main\java\com\naidugudivada\ecommerce\domain\product\dto\ProductRequestDTO.java
[INFO] 	Stale source detected: C:\Users\naidu\Downloads\ecommerce-api-spring-kafka-main\ecommerce-api-spring-kafka-main\src\main\java\com\naidugudivada\ecommerce\domain\shoppingcart\shoppingcartitem\ShoppingCartItemRepository.java
[INFO] 	Stale source detected: C:\Users\naidu\Downloads\ecommerce-api-spring-kafka-main\ecommerce-api-spring-kafka-main\src\main\java\com\naidugudivada\ecommerce\domain\auth\AuthService.java
[INFO] 	Stale source detected: C:\Users\naidu\Downloads\ecommerce-api-spring-kafka-main\ecommerce-api-spring-kafka-main\src\main\java\com\naidugudivada\ecommerce\infrastructure\exceptions\DuplicateEmailException.java
[INFO] 	Stale source detected: C:\Users\naidu\Downloads\ecommerce-api-spring-kafka-main\ecommerce-api-spring-kafka-main\src\main\java\com\naidugudivada\ecommerce\infrastructure\security\JwtTokenProvider.java
[INFO] 	Stale source detected: C:\Users\naidu\Downloads\ecommerce-api-spring-kafka-main\ecommerce-api-spring-kafka-main\src\main\java\com\naidugudivada\ecommerce\controller\ShoppingCartController.java
[INFO] 	Stale source detected: C:\Users\naidu\Downloads\ecommerce-api-spring-kafka-main\ecommerce-api-spring-kafka-main\src\main\java\com\naidugudivada\ecommerce\domain\product\exceptions\DuplicateProductException.java
[INFO] 	Stale source detected: C:\Users\naidu\Downloads\ecommerce-api-spring-kafka-main\ecommerce-api-spring-kafka-main\src\main\java\com\naidugudivada\ecommerce\domain\payment\kafka\PaymentConsumer.java
[INFO] 	Stale source detected: C:\Users\naidu\Downloads\ecommerce-api-spring-kafka-main\ecommerce-api-spring-kafka-main\src\main\java\com\naidugudivada\ecommerce\domain\product\review\ReviewRepository.java
[INFO] 	Stale source detected: C:\Users\naidu\Downloads\ecommerce-api-spring-kafka-main\ecommerce-api-spring-kafka-main\src\main\java\com\naidugudivada\ecommerce\domain\order\orderitem\OrderItemEntity.java
[INFO] 	Stale source detected: C:\Users\naidu\Downloads\ecommerce-api-spring-kafka-main\ecommerce-api-spring-kafka-main\src\main\java\com\naidugudivada\ecommerce\domain\order\OrderRepository.java
[INFO] 	Stale source detected: C:\Users\naidu\Downloads\ecommerce-api-spring-kafka-main\ecommerce-api-spring-kafka-main\src\main\java\com\naidugudivada\ecommerce\domain\address\AddressEntity.java
[INFO] 	Stale source detected: C:\Users\naidu\Downloads\ecommerce-api-spring-kafka-main\ecommerce-api-spring-kafka-main\src\main\java\com\naidugudivada\ecommerce\domain\shoppingcart\shoppingcartitem\ShoppingCartItemEntity.java
[INFO] 	Stale source detected: C:\Users\naidu\Downloads\ecommerce-api-spring-kafka-main\ecommerce-api-spring-kafka-main\src\main\java\com\naidugudivada\ecommerce\domain\customer\dto\CustomerRequestDTO.java
[INFO] 	Stale source detected: C:\Users\naidu\Downloads\ecommerce-api-spring-kafka-main\ecommerce-api-spring-kafka-main\src\main\java\com\naidugudivada\ecommerce\domain\product\review\ReviewService.java
[INFO] 	Stale source detected: C:\Users\naidu\Downloads\ecommerce-api-spring-kafka-main\ecommerce-api-spring-kafka-main\src\main\java\com\naidugudivada\ecommerce\domain\address\AddressTypeEnum.java
[INFO] 	Stale source detected: C:\Users\naidu\Downloads\ecommerce-api-spring-kafka-main\ecommerce-api-spring-kafka-main\src\main\java\com\naidugudivada\ecommerce\domain\notification\NotificationConsumer.java
[INFO] 	Stale source detected: C:\Users\naidu\Downloads\ecommerce-api-spring-kafka-main\ecommerce-api-spring-kafka-main\src\main\java\com\naidugudivada\ecommerce\domain\customer\CustomerService.java
[INFO] 	Stale source detected: C:\Users\naidu\Downloads\ecommerce-api-spring-kafka-main\ecommerce-api-spring-kafka-main\src\main\java\com\naidugudivada\ecommerce\domain\order\orderitem\dto\OrderItemResponseDTO.java
[INFO] 	Stale source detected: C:\Users\naidu\Downloads\ecommerce-api-spring-kafka-main\ecommerce-api-spring-kafka-main\src\main\java\com\naidugudivada\ecommerce\domain\product\dto\ProductResponseDTO.java
[INFO] 	Stale source detected: C:\Users\naidu\Downloads\ecommerce-api-spring-kafka-main\ecommerce-api-spring-kafka-main\src\main\java\com\naidugudivada\ecommerce\controller\OrderController.java
[INFO] 	Stale source detected: C:\Users\naidu\Downloads\ecommerce-api-spring-kafka-main\ecommerce-api-spring-kafka-main\src\main\java\com\naidugudivada\ecommerce\domain\customer\CustomerEntity.java
[INFO] 	Stale source detected: C:\Users\naidu\Downloads\ecommerce-api-spring-kafka-main\ecommerce-api-spring-kafka-main\src\main\java\com\naidugudivada\ecommerce\infrastructure\config\CorsConfig.java
[INFO] 	Stale source detected: C:\Users\naidu\Downloads\ecommerce-api-spring-kafka-main\ecommerce-api-spring-kafka-main\src\main\java\com\naidugudivada\ecommerce\domain\order\orderaddress\dto\OrderAddressResponseDTO.java
[INFO] 	Stale source detected: C:\Users\naidu\Downloads\ecommerce-api-spring-kafka-main\ecommerce-api-spring-kafka-main\src\main\java\com\naidugudivada\ecommerce\domain\payment\dto\PaymentProducerResponseDTO.java
[INFO] 	Stale source detected: C:\Users\naidu\Downloads\ecommerce-api-spring-kafka-main\ecommerce-api-spring-kafka-main\src\main\java\com\naidugudivada\ecommerce\domain\payment\dto\PaymentRequest.java
[INFO] 	Stale source detected: C:\Users\naidu\Downloads\ecommerce-api-spring-kafka-main\ecommerce-api-spring-kafka-main\src\main\java\com\naidugudivada\ecommerce\domain\product\review\dto\ReviewResponseDTO.java
[INFO] 	Stale source detected: C:\Users\naidu\Downloads\ecommerce-api-spring-kafka-main\ecommerce-api-spring-kafka-main\src\main\java\com\naidugudivada\ecommerce\domain\idempotency\IdempotencyRepository.java
[INFO] 	Stale source detected: C:\Users\naidu\Downloads\ecommerce-api-spring-kafka-main\ecommerce-api-spring-kafka-main\src\main\java\com\naidugudivada\ecommerce\domain\product\event\ProductCreatedEvent.java
[INFO] 	Stale source detected: C:\Users\naidu\Downloads\ecommerce-api-spring-kafka-main\ecommerce-api-spring-kafka-main\src\main\java\com\naidugudivada\ecommerce\domain\order\OrderService.java
[INFO] 	Stale source detected: C:\Users\naidu\Downloads\ecommerce-api-spring-kafka-main\ecommerce-api-spring-kafka-main\src\main\java\com\naidugudivada\ecommerce\infrastructure\aspect\LoggingAspect.java
[INFO] 	Stale source detected: C:\Users\naidu\Downloads\ecommerce-api-spring-kafka-main\ecommerce-api-spring-kafka-main\src\main\java\com\naidugudivada\ecommerce\domain\customer\exceptions\CustomerNotFoundException.java
[INFO] 	Stale source detected: C:\Users\naidu\Downloads\ecommerce-api-spring-kafka-main\ecommerce-api-spring-kafka-main\src\main\java\com\naidugudivada\ecommerce\domain\address\dto\AddressRequestDTO.java
[INFO] 	Stale source detected: C:\Users\naidu\Downloads\ecommerce-api-spring-kafka-main\ecommerce-api-spring-kafka-main\src\main\java\com\naidugudivada\ecommerce\domain\order\exceptions\OrderNotFoundException.java
[INFO] 	Stale source detected: C:\Users\naidu\Downloads\ecommerce-api-spring-kafka-main\ecommerce-api-spring-kafka-main\src\main\java\com\naidugudivada\ecommerce\domain\product\review\dto\ReviewRequestDTO.java
[INFO] 	Stale source detected: C:\Users\naidu\Downloads\ecommerce-api-spring-kafka-main\ecommerce-api-spring-kafka-main\src\main\java\com\naidugudivada\ecommerce\domain\address\AddressMapper.java
[INFO] 	Stale source detected: C:\Users\naidu\Downloads\ecommerce-api-spring-kafka-main\ecommerce-api-spring-kafka-main\src\main\java\com\naidugudivada\ecommerce\domain\address\AddressService.java
[INFO] 	Stale source detected: C:\Users\naidu\Downloads\ecommerce-api-spring-kafka-main\ecommerce-api-spring-kafka-main\src\main\java\com\naidugudivada\ecommerce\domain\product\event\ProductEventProducer.java
[INFO] 	Stale source detected: C:\Users\naidu\Downloads\ecommerce-api-spring-kafka-main\ecommerce-api-spring-kafka-main\src\main\java\com\naidugudivada\ecommerce\domain\common\BaseEvent.java
[INFO] 	Stale source detected: C:\Users\naidu\Downloads\ecommerce-api-spring-kafka-main\ecommerce-api-spring-kafka-main\src\main\java\com\naidugudivada\ecommerce\domain\product\event\StockUpdatedEvent.java
[INFO] 	Stale source detected: C:\Users\naidu\Downloads\ecommerce-api-spring-kafka-main\ecommerce-api-spring-kafka-main\src\main\java\com\naidugudivada\ecommerce\domain\auth\dto\LoginRequestDTO.java
[INFO] 	Stale source detected: C:\Users\naidu\Downloads\ecommerce-api-spring-kafka-main\ecommerce-api-spring-kafka-main\src\main\java\com\naidugudivada\ecommerce\config\S3Config.java
[INFO] 	Stale source detected: C:\Users\naidu\Downloads\ecommerce-api-spring-kafka-main\ecommerce-api-spring-kafka-main\src\main\java\com\naidugudivada\ecommerce\EcommerceApplication.java
[INFO] 	Stale source detected: C:\Users\naidu\Downloads\ecommerce-api-spring-kafka-main\ecommerce-api-spring-kafka-main\src\main\java\com\naidugudivada\ecommerce\domain\payment\exceptions\PaymentStatusException.java
[INFO] 	Stale source detected: C:\Users\naidu\Downloads\ecommerce-api-spring-kafka-main\ecommerce-api-spring-kafka-main\src\main\java\com\naidugudivada\ecommerce\domain\shoppingcart\shoppingcartitem\ShoppingCartItemService.java
[INFO] 	Stale source detected: C:\Users\naidu\Downloads\ecommerce-api-spring-kafka-main\ecommerce-api-spring-kafka-main\src\main\java\com\naidugudivada\ecommerce\domain\shoppingcart\exceptions\NegativeQuantityException.java
[INFO] 	Stale source detected: C:\Users\naidu\Downloads\ecommerce-api-spring-kafka-main\ecommerce-api-spring-kafka-main\src\main\java\com\naidugudivada\ecommerce\infrastructure\utils\JsonUtils.java
[INFO] 	Stale source detected: C:\Users\naidu\Downloads\ecommerce-api-spring-kafka-main\ecommerce-api-spring-kafka-main\src\main\java\com\naidugudivada\ecommerce\infrastructure\security\SecurityConfig.java
[INFO] 	Stale source detected: C:\Users\naidu\Downloads\ecommerce-api-spring-kafka-main\ecommerce-api-spring-kafka-main\src\main\java\com\naidugudivada\ecommerce\domain\product\review\ReviewMapper.java
[INFO] 	Stale source detected: C:\Users\naidu\Downloads\ecommerce-api-spring-kafka-main\ecommerce-api-spring-kafka-main\src\main\java\com\naidugudivada\ecommerce\domain\auth\AuthController.java
[INFO] 	Stale source detected: C:\Users\naidu\Downloads\ecommerce-api-spring-kafka-main\ecommerce-api-spring-kafka-main\src\main\java\com\naidugudivada\ecommerce\domain\customer\event\CustomerEventProducer.java
[INFO] 	Stale source detected: C:\Users\naidu\Downloads\ecommerce-api-spring-kafka-main\ecommerce-api-spring-kafka-main\src\main\java\com\naidugudivada\ecommerce\infrastructure\exceptions\GlobalExceptionHandler.java
[INFO] 	Stale source detected: C:\Users\naidu\Downloads\ecommerce-api-spring-kafka-main\ecommerce-api-spring-kafka-main\src\main\java\com\naidugudivada\ecommerce\service\AwsS3Service.java
[INFO] 	Stale source detected: C:\Users\naidu\Downloads\ecommerce-api-spring-kafka-main\ecommerce-api-spring-kafka-main\src\main\java\com\naidugudivada\ecommerce\infrastructure\constants\KafkaConstants.java
[INFO] 	Stale source detected: C:\Users\naidu\Downloads\ecommerce-api-spring-kafka-main\ecommerce-api-spring-kafka-main\src\main\java\com\naidugudivada\ecommerce\domain\order\orderitem\OrderItemRepository.java
[INFO] 	Stale source detected: C:\Users\naidu\Downloads\ecommerce-api-spring-kafka-main\ecommerce-api-spring-kafka-main\src\main\java\com\naidugudivada\ecommerce\domain\shoppingcart\exceptions\QuantityGreaterThanAvailableException.java
[INFO] 	Stale source detected: C:\Users\naidu\Downloads\ecommerce-api-spring-kafka-main\ecommerce-api-spring-kafka-main\src\main\java\com\naidugudivada\ecommerce\domain\BaseEntity.java
[INFO] 	Stale source detected: C:\Users\naidu\Downloads\ecommerce-api-spring-kafka-main\ecommerce-api-spring-kafka-main\src\main\java\com\naidugudivada\ecommerce\domain\shoppingcart\dto\ShoppingCartRequestDTO.java
[INFO] 	Stale source detected: C:\Users\naidu\Downloads\ecommerce-api-spring-kafka-main\ecommerce-api-spring-kafka-main\src\main\java\com\naidugudivada\ecommerce\infrastructure\security\JwtAuthenticationFilter.java
[INFO] 	Stale source detected: C:\Users\naidu\Downloads\ecommerce-api-spring-kafka-main\ecommerce-api-spring-kafka-main\src\main\java\com\naidugudivada\ecommerce\controller\ProductController.java
[INFO] 	Stale source detected: C:\Users\naidu\Downloads\ecommerce-api-spring-kafka-main\ecommerce-api-spring-kafka-main\src\main\java\com\naidugudivada\ecommerce\domain\product\review\ReviewController.java
[INFO] 	Stale source detected: C:\Users\naidu\Downloads\ecommerce-api-spring-kafka-main\ecommerce-api-spring-kafka-main\src\main\java\com\naidugudivada\ecommerce\controller\AddressController.java
[INFO] 	Stale source detected: C:\Users\naidu\Downloads\ecommerce-api-spring-kafka-main\ecommerce-api-spring-kafka-main\src\main\java\com\naidugudivada\ecommerce\domain\address\exceptions\AddressNotFoundException.java
[INFO] 	Stale source detected: C:\Users\naidu\Downloads\ecommerce-api-spring-kafka-main\ecommerce-api-spring-kafka-main\src\main\java\com\naidugudivada\ecommerce\domain\customer\CustomerMapper.java
[INFO] 	Stale source detected: C:\Users\naidu\Downloads\ecommerce-api-spring-kafka-main\ecommerce-api-spring-kafka-main\src\main\java\com\naidugudivada\ecommerce\domain\address\dto\AddressResponseDTO.java
[INFO] 	Stale source detected: C:\Users\naidu\Downloads\ecommerce-api-spring-kafka-main\ecommerce-api-spring-kafka-main\src\main\java\com\naidugudivada\ecommerce\domain\customer\dto\CustomerPatchDTO.java
[INFO] 	Stale source detected: C:\Users\naidu\Downloads\ecommerce-api-spring-kafka-main\ecommerce-api-spring-kafka-main\src\main\java\com\naidugudivada\ecommerce\domain\customer\exceptions\CustomerAlreadyExistsWithEmail.java
[INFO] 	Stale source detected: C:\Users\naidu\Downloads\ecommerce-api-spring-kafka-main\ecommerce-api-spring-kafka-main\src\main\java\com\naidugudivada\ecommerce\domain\order\dto\OrderResponseDTO.java
[INFO] 	Stale source detected: C:\Users\naidu\Downloads\ecommerce-api-spring-kafka-main\ecommerce-api-spring-kafka-main\src\main\java\com\naidugudivada\ecommerce\domain\product\exceptions\InvalidCategoryException.java
[INFO] 	Stale source detected: C:\Users\naidu\Downloads\ecommerce-api-spring-kafka-main\ecommerce-api-spring-kafka-main\src\main\java\com\naidugudivada\ecommerce\domain\product\ProductCategoryEnum.java
[INFO] 	Stale source detected: C:\Users\naidu\Downloads\ecommerce-api-spring-kafka-main\ecommerce-api-spring-kafka-main\src\main\java\com\naidugudivada\ecommerce\domain\product\ProductService.java
[INFO] 	Stale source detected: C:\Users\naidu\Downloads\ecommerce-api-spring-kafka-main\ecommerce-api-spring-kafka-main\src\main\java\com\naidugudivada\ecommerce\domain\shoppingcart\ShoppingCartMapper.java
[INFO] 	Stale source detected: C:\Users\naidu\Downloads\ecommerce-api-spring-kafka-main\ecommerce-api-spring-kafka-main\src\main\java\com\naidugudivada\ecommerce\domain\product\ProductRepository.java
[INFO] 	Stale source detected: C:\Users\naidu\Downloads\ecommerce-api-spring-kafka-main\ecommerce-api-spring-kafka-main\src\main\java\com\naidugudivada\ecommerce\domain\product\review\exceptions\ReviewNotFoundException.java
[INFO] 	Stale source detected: C:\Users\naidu\Downloads\ecommerce-api-spring-kafka-main\ecommerce-api-spring-kafka-main\src\main\java\com\naidugudivada\ecommerce\domain\customer\event\CustomerRegisteredEvent.java
[INFO] 	Stale source detected: C:\Users\naidu\Downloads\ecommerce-api-spring-kafka-main\ecommerce-api-spring-kafka-main\src\main\java\com\naidugudivada\ecommerce\domain\shoppingcart\ShoppingCartRepository.java
[INFO] 	Stale source detected: C:\Users\naidu\Downloads\ecommerce-api-spring-kafka-main\ecommerce-api-spring-kafka-main\src\main\java\com\naidugudivada\ecommerce\infrastructure\constants\ErrorMessages.java
[INFO] 	Stale source detected: C:\Users\naidu\Downloads\ecommerce-api-spring-kafka-main\ecommerce-api-spring-kafka-main\src\main\java\com\naidugudivada\ecommerce\domain\address\AddressRepository.java
[INFO] 	Stale source detected: C:\Users\naidu\Downloads\ecommerce-api-spring-kafka-main\ecommerce-api-spring-kafka-main\src\main\java\com\naidugudivada\ecommerce\domain\order\orderaddress\OrderAddressEntity.java
[INFO] 	Stale source detected: C:\Users\naidu\Downloads\ecommerce-api-spring-kafka-main\ecommerce-api-spring-kafka-main\src\main\java\com\naidugudivada\ecommerce\domain\shoppingcart\ShoppingCartService.java
[INFO] 	Stale source detected: C:\Users\naidu\Downloads\ecommerce-api-spring-kafka-main\ecommerce-api-spring-kafka-main\src\main\java\com\naidugudivada\ecommerce\domain\shoppingcart\shoppingcartitem\dto\ShoppingCartItemResponseDTO.java
[INFO] 	Stale source detected: C:\Users\naidu\Downloads\ecommerce-api-spring-kafka-main\ecommerce-api-spring-kafka-main\src\main\java\com\naidugudivada\ecommerce\infrastructure\config\SpringDataConfig.java
[INFO] 	Stale source detected: C:\Users\naidu\Downloads\ecommerce-api-spring-kafka-main\ecommerce-api-spring-kafka-main\src\main\java\com\naidugudivada\ecommerce\domain\payment\exceptions\PaymentProcessingException.java
[INFO] 	Stale source detected: C:\Users\naidu\Downloads\ecommerce-api-spring-kafka-main\ecommerce-api-spring-kafka-main\src\main\java\com\naidugudivada\ecommerce\infrastructure\security\CustomUserDetailsService.java
[INFO] 	Stale source detected: C:\Users\naidu\Downloads\ecommerce-api-spring-kafka-main\ecommerce-api-spring-kafka-main\src\main\java\com\naidugudivada\ecommerce\domain\product\review\exceptions\DuplicateReviewException.java
[INFO] 	Stale source detected: C:\Users\naidu\Downloads\ecommerce-api-spring-kafka-main\ecommerce-api-spring-kafka-main\src\main\java\com\naidugudivada\ecommerce\domain\order\kafka\OrderConsumer.java
[INFO] 	Stale source detected: C:\Users\naidu\Downloads\ecommerce-api-spring-kafka-main\ecommerce-api-spring-kafka-main\src\main\java\com\naidugudivada\ecommerce\domain\shoppingcart\dto\ShoppingCartResponseDTO.java
[INFO] 	Stale source detected: C:\Users\naidu\Downloads\ecommerce-api-spring-kafka-main\ecommerce-api-spring-kafka-main\src\main\java\com\naidugudivada\ecommerce\domain\idempotency\IdempotencyEntity.java
[INFO] 	Stale source detected: C:\Users\naidu\Downloads\ecommerce-api-spring-kafka-main\ecommerce-api-spring-kafka-main\src\main\java\com\naidugudivada\ecommerce\domain\payment\kafka\PaymentProducer.java
[INFO] 	Input tree files (+): C:\Users\naidu\Downloads\ecommerce-api-spring-kafka-main\ecommerce-api-spring-kafka-main\src\main\java\com\naidugudivada\ecommerce\config\S3Config.java
[INFO] 	Input tree files (+): C:\Users\naidu\Downloads\ecommerce-api-spring-kafka-main\ecommerce-api-spring-kafka-main\src\main\java\com\naidugudivada\ecommerce\controller\AddressController.java
[INFO] 	Input tree files (+): C:\Users\naidu\Downloads\ecommerce-api-spring-kafka-main\ecommerce-api-spring-kafka-main\src\main\java\com\naidugudivada\ecommerce\controller\CustomerController.java
[INFO] 	Input tree files (+): C:\Users\naidu\Downloads\ecommerce-api-spring-kafka-main\ecommerce-api-spring-kafka-main\src\main\java\com\naidugudivada\ecommerce\controller\OrderController.java
[INFO] 	Input tree files (+): C:\Users\naidu\Downloads\ecommerce-api-spring-kafka-main\ecommerce-api-spring-kafka-main\src\main\java\com\naidugudivada\ecommerce\controller\PaymentController.java
[INFO] 	Input tree files (+): C:\Users\naidu\Downloads\ecommerce-api-spring-kafka-main\ecommerce-api-spring-kafka-main\src\main\java\com\naidugudivada\ecommerce\controller\ProductController.java
[INFO] 	Input tree files (+): C:\Users\naidu\Downloads\ecommerce-api-spring-kafka-main\ecommerce-api-spring-kafka-main\src\main\java\com\naidugudivada\ecommerce\controller\ShoppingCartController.java
[INFO] 	Input tree files (+): C:\Users\naidu\Downloads\ecommerce-api-spring-kafka-main\ecommerce-api-spring-kafka-main\src\main\java\com\naidugudivada\ecommerce\domain\address\AddressEntity.java
[INFO] 	Input tree files (+): C:\Users\naidu\Downloads\ecommerce-api-spring-kafka-main\ecommerce-api-spring-kafka-main\src\main\java\com\naidugudivada\ecommerce\domain\address\AddressMapper.java
[INFO] 	Input tree files (+): C:\Users\naidu\Downloads\ecommerce-api-spring-kafka-main\ecommerce-api-spring-kafka-main\src\main\java\com\naidugudivada\ecommerce\domain\address\AddressRepository.java
[INFO] 	Input tree files (+): C:\Users\naidu\Downloads\ecommerce-api-spring-kafka-main\ecommerce-api-spring-kafka-main\src\main\java\com\naidugudivada\ecommerce\domain\address\AddressService.java
[INFO] 	Input tree files (+): C:\Users\naidu\Downloads\ecommerce-api-spring-kafka-main\ecommerce-api-spring-kafka-main\src\main\java\com\naidugudivada\ecommerce\domain\address\AddressTypeEnum.java
[INFO] 	Input tree files (+): C:\Users\naidu\Downloads\ecommerce-api-spring-kafka-main\ecommerce-api-spring-kafka-main\src\main\java\com\naidugudivada\ecommerce\domain\address\dto\AddressRequestDTO.java
[INFO] 	Input tree files (+): C:\Users\naidu\Downloads\ecommerce-api-spring-kafka-main\ecommerce-api-spring-kafka-main\src\main\java\com\naidugudivada\ecommerce\domain\address\dto\AddressResponseDTO.java
[INFO] 	Input tree files (+): C:\Users\naidu\Downloads\ecommerce-api-spring-kafka-main\ecommerce-api-spring-kafka-main\src\main\java\com\naidugudivada\ecommerce\domain\address\exceptions\AddressNotFoundException.java
[INFO] 	Input tree files (+): C:\Users\naidu\Downloads\ecommerce-api-spring-kafka-main\ecommerce-api-spring-kafka-main\src\main\java\com\naidugudivada\ecommerce\domain\auth\AuthController.java
[INFO] 	Input tree files (+): C:\Users\naidu\Downloads\ecommerce-api-spring-kafka-main\ecommerce-api-spring-kafka-main\src\main\java\com\naidugudivada\ecommerce\domain\auth\AuthService.java
[INFO] 	Input tree files (+): C:\Users\naidu\Downloads\ecommerce-api-spring-kafka-main\ecommerce-api-spring-kafka-main\src\main\java\com\naidugudivada\ecommerce\domain\auth\dto\AuthResponseDTO.java
[INFO] 	Input tree files (+): C:\Users\naidu\Downloads\ecommerce-api-spring-kafka-main\ecommerce-api-spring-kafka-main\src\main\java\com\naidugudivada\ecommerce\domain\auth\dto\LoginRequestDTO.java
[INFO] 	Input tree files (+): C:\Users\naidu\Downloads\ecommerce-api-spring-kafka-main\ecommerce-api-spring-kafka-main\src\main\java\com\naidugudivada\ecommerce\domain\BaseEntity.java
[INFO] 	Input tree files (+): C:\Users\naidu\Downloads\ecommerce-api-spring-kafka-main\ecommerce-api-spring-kafka-main\src\main\java\com\naidugudivada\ecommerce\domain\common\BaseEvent.java
[INFO] 	Input tree files (+): C:\Users\naidu\Downloads\ecommerce-api-spring-kafka-main\ecommerce-api-spring-kafka-main\src\main\java\com\naidugudivada\ecommerce\domain\customer\CustomerEntity.java
[INFO] 	Input tree files (+): C:\Users\naidu\Downloads\ecommerce-api-spring-kafka-main\ecommerce-api-spring-kafka-main\src\main\java\com\naidugudivada\ecommerce\domain\customer\CustomerMapper.java
[INFO] 	Input tree files (+): C:\Users\naidu\Downloads\ecommerce-api-spring-kafka-main\ecommerce-api-spring-kafka-main\src\main\java\com\naidugudivada\ecommerce\domain\customer\CustomerRepository.java
[INFO] 	Input tree files (+): C:\Users\naidu\Downloads\ecommerce-api-spring-kafka-main\ecommerce-api-spring-kafka-main\src\main\java\com\naidugudivada\ecommerce\domain\customer\CustomerService.java
[INFO] 	Input tree files (+): C:\Users\naidu\Downloads\ecommerce-api-spring-kafka-main\ecommerce-api-spring-kafka-main\src\main\java\com\naidugudivada\ecommerce\domain\customer\dto\CustomerPatchDTO.java
[INFO] 	Input tree files (+): C:\Users\naidu\Downloads\ecommerce-api-spring-kafka-main\ecommerce-api-spring-kafka-main\src\main\java\com\naidugudivada\ecommerce\domain\customer\dto\CustomerRequestDTO.java
[INFO] 	Input tree files (+): C:\Users\naidu\Downloads\ecommerce-api-spring-kafka-main\ecommerce-api-spring-kafka-main\src\main\java\com\naidugudivada\ecommerce\domain\customer\dto\CustomerResponseDTO.java
[INFO] 	Input tree files (+): C:\Users\naidu\Downloads\ecommerce-api-spring-kafka-main\ecommerce-api-spring-kafka-main\src\main\java\com\naidugudivada\ecommerce\domain\customer\event\CustomerEventProducer.java
[INFO] 	Input tree files (+): C:\Users\naidu\Downloads\ecommerce-api-spring-kafka-main\ecommerce-api-spring-kafka-main\src\main\java\com\naidugudivada\ecommerce\domain\customer\event\CustomerRegisteredEvent.java
[INFO] 	Input tree files (+): C:\Users\naidu\Downloads\ecommerce-api-spring-kafka-main\ecommerce-api-spring-kafka-main\src\main\java\com\naidugudivada\ecommerce\domain\customer\exceptions\CustomerAlreadyExistsWithEmail.java
[INFO] 	Input tree files (+): C:\Users\naidu\Downloads\ecommerce-api-spring-kafka-main\ecommerce-api-spring-kafka-main\src\main\java\com\naidugudivada\ecommerce\domain\customer\exceptions\CustomerNotFoundException.java
[INFO] 	Input tree files (+): C:\Users\naidu\Downloads\ecommerce-api-spring-kafka-main\ecommerce-api-spring-kafka-main\src\main\java\com\naidugudivada\ecommerce\domain\idempotency\IdempotencyEntity.java
[INFO] 	Input tree files (+): C:\Users\naidu\Downloads\ecommerce-api-spring-kafka-main\ecommerce-api-spring-kafka-main\src\main\java\com\naidugudivada\ecommerce\domain\idempotency\IdempotencyRepository.java
[INFO] 	Input tree files (+): C:\Users\naidu\Downloads\ecommerce-api-spring-kafka-main\ecommerce-api-spring-kafka-main\src\main\java\com\naidugudivada\ecommerce\domain\notification\NotificationConsumer.java
[INFO] 	Input tree files (+): C:\Users\naidu\Downloads\ecommerce-api-spring-kafka-main\ecommerce-api-spring-kafka-main\src\main\java\com\naidugudivada\ecommerce\domain\order\dto\OrderResponseDTO.java
[INFO] 	Input tree files (+): C:\Users\naidu\Downloads\ecommerce-api-spring-kafka-main\ecommerce-api-spring-kafka-main\src\main\java\com\naidugudivada\ecommerce\domain\order\event\OrderCreatedEvent.java
[INFO] 	Input tree files (+): C:\Users\naidu\Downloads\ecommerce-api-spring-kafka-main\ecommerce-api-spring-kafka-main\src\main\java\com\naidugudivada\ecommerce\domain\order\event\OrderEventProducer.java
[INFO] 	Input tree files (+): C:\Users\naidu\Downloads\ecommerce-api-spring-kafka-main\ecommerce-api-spring-kafka-main\src\main\java\com\naidugudivada\ecommerce\domain\order\exceptions\EmptyShoppingCartException.java
[INFO] 	Input tree files (+): C:\Users\naidu\Downloads\ecommerce-api-spring-kafka-main\ecommerce-api-spring-kafka-main\src\main\java\com\naidugudivada\ecommerce\domain\order\exceptions\OrderNotFoundException.java
[INFO] 	Input tree files (+): C:\Users\naidu\Downloads\ecommerce-api-spring-kafka-main\ecommerce-api-spring-kafka-main\src\main\java\com\naidugudivada\ecommerce\domain\order\kafka\OrderConsumer.java
[INFO] 	Input tree files (+): C:\Users\naidu\Downloads\ecommerce-api-spring-kafka-main\ecommerce-api-spring-kafka-main\src\main\java\com\naidugudivada\ecommerce\domain\order\orderaddress\dto\OrderAddressResponseDTO.java
[INFO] 	Input tree files (+): C:\Users\naidu\Downloads\ecommerce-api-spring-kafka-main\ecommerce-api-spring-kafka-main\src\main\java\com\naidugudivada\ecommerce\domain\order\orderaddress\OrderAddressEntity.java
[INFO] 	Input tree files (+): C:\Users\naidu\Downloads\ecommerce-api-spring-kafka-main\ecommerce-api-spring-kafka-main\src\main\java\com\naidugudivada\ecommerce\domain\order\orderaddress\OrderAddressRepository.java
[INFO] 	Input tree files (+): C:\Users\naidu\Downloads\ecommerce-api-spring-kafka-main\ecommerce-api-spring-kafka-main\src\main\java\com\naidugudivada\ecommerce\domain\order\OrderEntity.java
[INFO] 	Input tree files (+): C:\Users\naidu\Downloads\ecommerce-api-spring-kafka-main\ecommerce-api-spring-kafka-main\src\main\java\com\naidugudivada\ecommerce\domain\order\orderitem\dto\OrderItemResponseDTO.java
[INFO] 	Input tree files (+): C:\Users\naidu\Downloads\ecommerce-api-spring-kafka-main\ecommerce-api-spring-kafka-main\src\main\java\com\naidugudivada\ecommerce\domain\order\orderitem\OrderItemEntity.java
[INFO] 	Input tree files (+): C:\Users\naidu\Downloads\ecommerce-api-spring-kafka-main\ecommerce-api-spring-kafka-main\src\main\java\com\naidugudivada\ecommerce\domain\order\orderitem\OrderItemRepository.java
[INFO] 	Input tree files (+): C:\Users\naidu\Downloads\ecommerce-api-spring-kafka-main\ecommerce-api-spring-kafka-main\src\main\java\com\naidugudivada\ecommerce\domain\order\OrderMapper.java
[INFO] 	Input tree files (+): C:\Users\naidu\Downloads\ecommerce-api-spring-kafka-main\ecommerce-api-spring-kafka-main\src\main\java\com\naidugudivada\ecommerce\domain\order\OrderRepository.java
[INFO] 	Input tree files (+): C:\Users\naidu\Downloads\ecommerce-api-spring-kafka-main\ecommerce-api-spring-kafka-main\src\main\java\com\naidugudivada\ecommerce\domain\order\OrderService.java
[INFO] 	Input tree files (+): C:\Users\naidu\Downloads\ecommerce-api-spring-kafka-main\ecommerce-api-spring-kafka-main\src\main\java\com\naidugudivada\ecommerce\domain\order\OrderStatusEnum.java
[INFO] 	Input tree files (+): C:\Users\naidu\Downloads\ecommerce-api-spring-kafka-main\ecommerce-api-spring-kafka-main\src\main\java\com\naidugudivada\ecommerce\domain\payment\dto\PaymentProducerResponseDTO.java
[INFO] 	Input tree files (+): C:\Users\naidu\Downloads\ecommerce-api-spring-kafka-main\ecommerce-api-spring-kafka-main\src\main\java\com\naidugudivada\ecommerce\domain\payment\dto\PaymentRequest.java
[INFO] 	Input tree files (+): C:\Users\naidu\Downloads\ecommerce-api-spring-kafka-main\ecommerce-api-spring-kafka-main\src\main\java\com\naidugudivada\ecommerce\domain\payment\exceptions\PaymentProcessingException.java
[INFO] 	Input tree files (+): C:\Users\naidu\Downloads\ecommerce-api-spring-kafka-main\ecommerce-api-spring-kafka-main\src\main\java\com\naidugudivada\ecommerce\domain\payment\exceptions\PaymentStatusException.java
[INFO] 	Input tree files (+): C:\Users\naidu\Downloads\ecommerce-api-spring-kafka-main\ecommerce-api-spring-kafka-main\src\main\java\com\naidugudivada\ecommerce\domain\payment\kafka\PaymentConsumer.java
[INFO] 	Input tree files (+): C:\Users\naidu\Downloads\ecommerce-api-spring-kafka-main\ecommerce-api-spring-kafka-main\src\main\java\com\naidugudivada\ecommerce\domain\payment\kafka\PaymentProducer.java
[INFO] 	Input tree files (+): C:\Users\naidu\Downloads\ecommerce-api-spring-kafka-main\ecommerce-api-spring-kafka-main\src\main\java\com\naidugudivada\ecommerce\domain\payment\PaymentService.java
[INFO] 	Input tree files (+): C:\Users\naidu\Downloads\ecommerce-api-spring-kafka-main\ecommerce-api-spring-kafka-main\src\main\java\com\naidugudivada\ecommerce\domain\product\dto\ProductRequestDTO.java
[INFO] 	Input tree files (+): C:\Users\naidu\Downloads\ecommerce-api-spring-kafka-main\ecommerce-api-spring-kafka-main\src\main\java\com\naidugudivada\ecommerce\domain\product\dto\ProductResponseDTO.java
[INFO] 	Input tree files (+): C:\Users\naidu\Downloads\ecommerce-api-spring-kafka-main\ecommerce-api-spring-kafka-main\src\main\java\com\naidugudivada\ecommerce\domain\product\event\ProductCreatedEvent.java
[INFO] 	Input tree files (+): C:\Users\naidu\Downloads\ecommerce-api-spring-kafka-main\ecommerce-api-spring-kafka-main\src\main\java\com\naidugudivada\ecommerce\domain\product\event\ProductEventProducer.java
[INFO] 	Input tree files (+): C:\Users\naidu\Downloads\ecommerce-api-spring-kafka-main\ecommerce-api-spring-kafka-main\src\main\java\com\naidugudivada\ecommerce\domain\product\event\StockUpdatedEvent.java
[INFO] 	Input tree files (+): C:\Users\naidu\Downloads\ecommerce-api-spring-kafka-main\ecommerce-api-spring-kafka-main\src\main\java\com\naidugudivada\ecommerce\domain\product\exceptions\DuplicateProductException.java
[INFO] 	Input tree files (+): C:\Users\naidu\Downloads\ecommerce-api-spring-kafka-main\ecommerce-api-spring-kafka-main\src\main\java\com\naidugudivada\ecommerce\domain\product\exceptions\InvalidCategoryException.java
[INFO] 	Input tree files (+): C:\Users\naidu\Downloads\ecommerce-api-spring-kafka-main\ecommerce-api-spring-kafka-main\src\main\java\com\naidugudivada\ecommerce\domain\product\exceptions\ProductNotFoundException.java
[INFO] 	Input tree files (+): C:\Users\naidu\Downloads\ecommerce-api-spring-kafka-main\ecommerce-api-spring-kafka-main\src\main\java\com\naidugudivada\ecommerce\domain\product\ProductCategoryEnum.java
[INFO] 	Input tree files (+): C:\Users\naidu\Downloads\ecommerce-api-spring-kafka-main\ecommerce-api-spring-kafka-main\src\main\java\com\naidugudivada\ecommerce\domain\product\ProductEntity.java
[INFO] 	Input tree files (+): C:\Users\naidu\Downloads\ecommerce-api-spring-kafka-main\ecommerce-api-spring-kafka-main\src\main\java\com\naidugudivada\ecommerce\domain\product\ProductMapper.java
[INFO] 	Input tree files (+): C:\Users\naidu\Downloads\ecommerce-api-spring-kafka-main\ecommerce-api-spring-kafka-main\src\main\java\com\naidugudivada\ecommerce\domain\product\ProductRepository.java
[INFO] 	Input tree files (+): C:\Users\naidu\Downloads\ecommerce-api-spring-kafka-main\ecommerce-api-spring-kafka-main\src\main\java\com\naidugudivada\ecommerce\domain\product\ProductService.java
[INFO] 	Input tree files (+): C:\Users\naidu\Downloads\ecommerce-api-spring-kafka-main\ecommerce-api-spring-kafka-main\src\main\java\com\naidugudivada\ecommerce\domain\product\review\dto\ReviewRequestDTO.java
[INFO] 	Input tree files (+): C:\Users\naidu\Downloads\ecommerce-api-spring-kafka-main\ecommerce-api-spring-kafka-main\src\main\java\com\naidugudivada\ecommerce\domain\product\review\dto\ReviewResponseDTO.java
[INFO] 	Input tree files (+): C:\Users\naidu\Downloads\ecommerce-api-spring-kafka-main\ecommerce-api-spring-kafka-main\src\main\java\com\naidugudivada\ecommerce\domain\product\review\exceptions\DuplicateReviewException.java
[INFO] 	Input tree files (+): C:\Users\naidu\Downloads\ecommerce-api-spring-kafka-main\ecommerce-api-spring-kafka-main\src\main\java\com\naidugudivada\ecommerce\domain\product\review\exceptions\ReviewNotFoundException.java
[INFO] 	Input tree files (+): C:\Users\naidu\Downloads\ecommerce-api-spring-kafka-main\ecommerce-api-spring-kafka-main\src\main\java\com\naidugudivada\ecommerce\domain\product\review\ReviewController.java
[INFO] 	Input tree files (+): C:\Users\naidu\Downloads\ecommerce-api-spring-kafka-main\ecommerce-api-spring-kafka-main\src\main\java\com\naidugudivada\ecommerce\domain\product\review\ReviewEntity.java
[INFO] 	Input tree files (+): C:\Users\naidu\Downloads\ecommerce-api-spring-kafka-main\ecommerce-api-spring-kafka-main\src\main\java\com\naidugudivada\ecommerce\domain\product\review\ReviewMapper.java
[INFO] 	Input tree files (+): C:\Users\naidu\Downloads\ecommerce-api-spring-kafka-main\ecommerce-api-spring-kafka-main\src\main\java\com\naidugudivada\ecommerce\domain\product\review\ReviewRepository.java
[INFO] 	Input tree files (+): C:\Users\naidu\Downloads\ecommerce-api-spring-kafka-main\ecommerce-api-spring-kafka-main\src\main\java\com\naidugudivada\ecommerce\domain\product\review\ReviewService.java
[INFO] 	Input tree files (+): C:\Users\naidu\Downloads\ecommerce-api-spring-kafka-main\ecommerce-api-spring-kafka-main\src\main\java\com\naidugudivada\ecommerce\domain\shoppingcart\dto\ShoppingCartRequestDTO.java
[INFO] 	Input tree files (+): C:\Users\naidu\Downloads\ecommerce-api-spring-kafka-main\ecommerce-api-spring-kafka-main\src\main\java\com\naidugudivada\ecommerce\domain\shoppingcart\dto\ShoppingCartResponseDTO.java
[INFO] 	Input tree files (+): C:\Users\naidu\Downloads\ecommerce-api-spring-kafka-main\ecommerce-api-spring-kafka-main\src\main\java\com\naidugudivada\ecommerce\domain\shoppingcart\exceptions\NegativeQuantityException.java
[INFO] 	Input tree files (+): C:\Users\naidu\Downloads\ecommerce-api-spring-kafka-main\ecommerce-api-spring-kafka-main\src\main\java\com\naidugudivada\ecommerce\domain\shoppingcart\exceptions\QuantityGreaterThanAvailableException.java
[INFO] 	Input tree files (+): C:\Users\naidu\Downloads\ecommerce-api-spring-kafka-main\ecommerce-api-spring-kafka-main\src\main\java\com\naidugudivada\ecommerce\domain\shoppingcart\exceptions\ShoppingCartNotFoundException.java
[INFO] 	Input tree files (+): C:\Users\naidu\Downloads\ecommerce-api-spring-kafka-main\ecommerce-api-spring-kafka-main\src\main\java\com\naidugudivada\ecommerce\domain\shoppingcart\ShoppingCartEntity.java
[INFO] 	Input tree files (+): C:\Users\naidu\Downloads\ecommerce-api-spring-kafka-main\ecommerce-api-spring-kafka-main\src\main\java\com\naidugudivada\ecommerce\domain\shoppingcart\shoppingcartitem\dto\ShoppingCartItemResponseDTO.java
[INFO] 	Input tree files (+): C:\Users\naidu\Downloads\ecommerce-api-spring-kafka-main\ecommerce-api-spring-kafka-main\src\main\java\com\naidugudivada\ecommerce\domain\shoppingcart\shoppingcartitem\ShoppingCartItemEntity.java
[INFO] 	Input tree files (+): C:\Users\naidu\Downloads\ecommerce-api-spring-kafka-main\ecommerce-api-spring-kafka-main\src\main\java\com\naidugudivada\ecommerce\domain\shoppingcart\shoppingcartitem\ShoppingCartItemRepository.java
[INFO] 	Input tree files (+): C:\Users\naidu\Downloads\ecommerce-api-spring-kafka-main\ecommerce-api-spring-kafka-main\src\main\java\com\naidugudivada\ecommerce\domain\shoppingcart\shoppingcartitem\ShoppingCartItemService.java
[INFO] 	Input tree files (+): C:\Users\naidu\Downloads\ecommerce-api-spring-kafka-main\ecommerce-api-spring-kafka-main\src\main\java\com\naidugudivada\ecommerce\domain\shoppingcart\ShoppingCartMapper.java
[INFO] 	Input tree files (+): C:\Users\naidu\Downloads\ecommerce-api-spring-kafka-main\ecommerce-api-spring-kafka-main\src\main\java\com\naidugudivada\ecommerce\domain\shoppingcart\ShoppingCartRepository.java
[INFO] 	Input tree files (+): C:\Users\naidu\Downloads\ecommerce-api-spring-kafka-main\ecommerce-api-spring-kafka-main\src\main\java\com\naidugudivada\ecommerce\domain\shoppingcart\ShoppingCartService.java
[INFO] 	Input tree files (+): C:\Users\naidu\Downloads\ecommerce-api-spring-kafka-main\ecommerce-api-spring-kafka-main\src\main\java\com\naidugudivada\ecommerce\EcommerceApplication.java
[INFO] 	Input tree files (+): C:\Users\naidu\Downloads\ecommerce-api-spring-kafka-main\ecommerce-api-spring-kafka-main\src\main\java\com\naidugudivada\ecommerce\infrastructure\aspect\LoggingAspect.java
[INFO] 	Input tree files (+): C:\Users\naidu\Downloads\ecommerce-api-spring-kafka-main\ecommerce-api-spring-kafka-main\src\main\java\com\naidugudivada\ecommerce\infrastructure\config\CacheConfig.java
[INFO] 	Input tree files (+): C:\Users\naidu\Downloads\ecommerce-api-spring-kafka-main\ecommerce-api-spring-kafka-main\src\main\java\com\naidugudivada\ecommerce\infrastructure\config\CorsConfig.java
[INFO] 	Input tree files (+): C:\Users\naidu\Downloads\ecommerce-api-spring-kafka-main\ecommerce-api-spring-kafka-main\src\main\java\com\naidugudivada\ecommerce\infrastructure\config\SpringDataConfig.java
[INFO] 	Input tree files (+): C:\Users\naidu\Downloads\ecommerce-api-spring-kafka-main\ecommerce-api-spring-kafka-main\src\main\java\com\naidugudivada\ecommerce\infrastructure\constants\ErrorMessages.java
[INFO] 	Input tree files (+): C:\Users\naidu\Downloads\ecommerce-api-spring-kafka-main\ecommerce-api-spring-kafka-main\src\main\java\com\naidugudivada\ecommerce\infrastructure\constants\KafkaConstants.java
[INFO] 	Input tree files (+): C:\Users\naidu\Downloads\ecommerce-api-spring-kafka-main\ecommerce-api-spring-kafka-main\src\main\java\com\naidugudivada\ecommerce\infrastructure\exceptions\DuplicateEmailException.java
[INFO] 	Input tree files (+): C:\Users\naidu\Downloads\ecommerce-api-spring-kafka-main\ecommerce-api-spring-kafka-main\src\main\java\com\naidugudivada\ecommerce\infrastructure\exceptions\GlobalExceptionHandler.java
[INFO] 	Input tree files (+): C:\Users\naidu\Downloads\ecommerce-api-spring-kafka-main\ecommerce-api-spring-kafka-main\src\main\java\com\naidugudivada\ecommerce\infrastructure\exceptions\JacksonException.java
[INFO] 	Input tree files (+): C:\Users\naidu\Downloads\ecommerce-api-spring-kafka-main\ecommerce-api-spring-kafka-main\src\main\java\com\naidugudivada\ecommerce\infrastructure\kafka\KafkaConfig.java
[INFO] 	Input tree files (+): C:\Users\naidu\Downloads\ecommerce-api-spring-kafka-main\ecommerce-api-spring-kafka-main\src\main\java\com\naidugudivada\ecommerce\infrastructure\security\CustomUserDetailsService.java
[INFO] 	Input tree files (+): C:\Users\naidu\Downloads\ecommerce-api-spring-kafka-main\ecommerce-api-spring-kafka-main\src\main\java\com\naidugudivada\ecommerce\infrastructure\security\JwtAuthenticationFilter.java
[INFO] 	Input tree files (+): C:\Users\naidu\Downloads\ecommerce-api-spring-kafka-main\ecommerce-api-spring-kafka-main\src\main\java\com\naidugudivada\ecommerce\infrastructure\security\JwtTokenProvider.java
[INFO] 	Input tree files (+): C:\Users\naidu\Downloads\ecommerce-api-spring-kafka-main\ecommerce-api-spring-kafka-main\src\main\java\com\naidugudivada\ecommerce\infrastructure\security\SecurityConfig.java
[INFO] 	Input tree files (+): C:\Users\naidu\Downloads\ecommerce-api-spring-kafka-main\ecommerce-api-spring-kafka-main\src\main\java\com\naidugudivada\ecommerce\infrastructure\utils\JsonUtils.java
[INFO] 	Input tree files (+): C:\Users\naidu\Downloads\ecommerce-api-spring-kafka-main\ecommerce-api-spring-kafka-main\src\main\java\com\naidugudivada\ecommerce\service\AwsS3Service.java
[INFO] Recompiling the module because of changed source code.
[DEBUG] Classpath:
[DEBUG]  C:\Users\naidu\Downloads\ecommerce-api-spring-kafka-main\ecommerce-api-spring-kafka-main\target\classes
[DEBUG]  C:\Users\naidu\.m2\repository\org\springframework\boot\spring-boot-starter-data-jpa\3.5.3\spring-boot-starter-data-jpa-3.5.3.jar
[DEBUG]  C:\Users\naidu\.m2\repository\org\springframework\boot\spring-boot-starter\3.5.3\spring-boot-starter-3.5.3.jar
[DEBUG]  C:\Users\naidu\.m2\repository\org\springframework\boot\spring-boot-starter-logging\3.5.3\spring-boot-starter-logging-3.5.3.jar
[DEBUG]  C:\Users\naidu\.m2\repository\ch\qos\logback\logback-classic\1.5.18\logback-classic-1.5.18.jar
[DEBUG]  C:\Users\naidu\.m2\repository\ch\qos\logback\logback-core\1.5.18\logback-core-1.5.18.jar
[DEBUG]  C:\Users\naidu\.m2\repository\org\apache\logging\log4j\log4j-to-slf4j\2.24.3\log4j-to-slf4j-2.24.3.jar
[DEBUG]  C:\Users\naidu\.m2\repository\org\apache\logging\log4j\log4j-api\2.24.3\log4j-api-2.24.3.jar
[DEBUG]  C:\Users\naidu\.m2\repository\org\slf4j\jul-to-slf4j\2.0.17\jul-to-slf4j-2.0.17.jar
[DEBUG]  C:\Users\naidu\.m2\repository\jakarta\annotation\jakarta.annotation-api\2.1.1\jakarta.annotation-api-2.1.1.jar
[DEBUG]  C:\Users\naidu\.m2\repository\org\yaml\snakeyaml\2.4\snakeyaml-2.4.jar
[DEBUG]  C:\Users\naidu\.m2\repository\org\springframework\boot\spring-boot-starter-jdbc\3.5.3\spring-boot-starter-jdbc-3.5.3.jar
[DEBUG]  C:\Users\naidu\.m2\repository\com\zaxxer\HikariCP\6.3.0\HikariCP-6.3.0.jar
[DEBUG]  C:\Users\naidu\.m2\repository\org\springframework\spring-jdbc\6.2.8\spring-jdbc-6.2.8.jar
[DEBUG]  C:\Users\naidu\.m2\repository\org\hibernate\orm\hibernate-core\6.6.18.Final\hibernate-core-6.6.18.Final.jar
[DEBUG]  C:\Users\naidu\.m2\repository\jakarta\persistence\jakarta.persistence-api\3.1.0\jakarta.persistence-api-3.1.0.jar
[DEBUG]  C:\Users\naidu\.m2\repository\jakarta\transaction\jakarta.transaction-api\2.0.1\jakarta.transaction-api-2.0.1.jar
[DEBUG]  C:\Users\naidu\.m2\repository\org\jboss\logging\jboss-logging\3.6.1.Final\jboss-logging-3.6.1.Final.jar
[DEBUG]  C:\Users\naidu\.m2\repository\com\fasterxml\classmate\1.7.0\classmate-1.7.0.jar
[DEBUG]  C:\Users\naidu\.m2\repository\org\antlr\antlr4-runtime\4.13.0\antlr4-runtime-4.13.0.jar
[DEBUG]  C:\Users\naidu\.m2\repository\org\springframework\data\spring-data-jpa\3.5.1\spring-data-jpa-3.5.1.jar
[DEBUG]  C:\Users\naidu\.m2\repository\org\springframework\data\spring-data-commons\3.5.1\spring-data-commons-3.5.1.jar
[DEBUG]  C:\Users\naidu\.m2\repository\org\springframework\spring-orm\6.2.8\spring-orm-6.2.8.jar
[DEBUG]  C:\Users\naidu\.m2\repository\org\springframework\spring-beans\6.2.8\spring-beans-6.2.8.jar
[DEBUG]  C:\Users\naidu\.m2\repository\org\springframework\spring-aspects\6.2.8\spring-aspects-6.2.8.jar
[DEBUG]  C:\Users\naidu\.m2\repository\org\springframework\boot\spring-boot-starter-web\3.5.3\spring-boot-starter-web-3.5.3.jar
[DEBUG]  C:\Users\naidu\.m2\repository\org\springframework\boot\spring-boot-starter-json\3.5.3\spring-boot-starter-json-3.5.3.jar
[DEBUG]  C:\Users\naidu\.m2\repository\com\fasterxml\jackson\datatype\jackson-datatype-jdk8\2.19.1\jackson-datatype-jdk8-2.19.1.jar
[DEBUG]  C:\Users\naidu\.m2\repository\com\fasterxml\jackson\module\jackson-module-parameter-names\2.19.1\jackson-module-parameter-names-2.19.1.jar
[DEBUG]  C:\Users\naidu\.m2\repository\org\springframework\boot\spring-boot-starter-tomcat\3.5.3\spring-boot-starter-tomcat-3.5.3.jar
[DEBUG]  C:\Users\naidu\.m2\repository\org\apache\tomcat\embed\tomcat-embed-core\10.1.42\tomcat-embed-core-10.1.42.jar
[DEBUG]  C:\Users\naidu\.m2\repository\org\apache\tomcat\embed\tomcat-embed-websocket\10.1.42\tomcat-embed-websocket-10.1.42.jar
[DEBUG]  C:\Users\naidu\.m2\repository\org\springframework\spring-web\6.2.8\spring-web-6.2.8.jar
[DEBUG]  C:\Users\naidu\.m2\repository\org\springframework\spring-webmvc\6.2.8\spring-webmvc-6.2.8.jar
[DEBUG]  C:\Users\naidu\.m2\repository\org\springframework\spring-expression\6.2.8\spring-expression-6.2.8.jar
[DEBUG]  C:\Users\naidu\.m2\repository\org\springframework\boot\spring-boot-starter-actuator\3.5.3\spring-boot-starter-actuator-3.5.3.jar
[DEBUG]  C:\Users\naidu\.m2\repository\org\springframework\boot\spring-boot-actuator-autoconfigure\3.5.3\spring-boot-actuator-autoconfigure-3.5.3.jar
[DEBUG]  C:\Users\naidu\.m2\repository\org\springframework\boot\spring-boot-actuator\3.5.3\spring-boot-actuator-3.5.3.jar
[DEBUG]  C:\Users\naidu\.m2\repository\io\micrometer\micrometer-observation\1.15.1\micrometer-observation-1.15.1.jar
[DEBUG]  C:\Users\naidu\.m2\repository\io\micrometer\micrometer-commons\1.15.1\micrometer-commons-1.15.1.jar
[DEBUG]  C:\Users\naidu\.m2\repository\io\micrometer\micrometer-jakarta9\1.15.1\micrometer-jakarta9-1.15.1.jar
[DEBUG]  C:\Users\naidu\.m2\repository\io\micrometer\micrometer-core\1.15.1\micrometer-core-1.15.1.jar
[DEBUG]  C:\Users\naidu\.m2\repository\org\springframework\boot\spring-boot\3.5.3\spring-boot-3.5.3.jar
[DEBUG]  C:\Users\naidu\.m2\repository\org\springframework\boot\spring-boot-autoconfigure\3.5.3\spring-boot-autoconfigure-3.5.3.jar
[DEBUG]  C:\Users\naidu\.m2\repository\org\projectlombok\lombok\1.18.38\lombok-1.18.38.jar
[DEBUG]  C:\Users\naidu\.m2\repository\jakarta\xml\bind\jakarta.xml.bind-api\4.0.2\jakarta.xml.bind-api-4.0.2.jar
[DEBUG]  C:\Users\naidu\.m2\repository\jakarta\activation\jakarta.activation-api\2.1.3\jakarta.activation-api-2.1.3.jar
[DEBUG]  C:\Users\naidu\.m2\repository\org\springframework\spring-core\6.2.8\spring-core-6.2.8.jar
[DEBUG]  C:\Users\naidu\.m2\repository\org\springframework\spring-jcl\6.2.8\spring-jcl-6.2.8.jar
[DEBUG]  C:\Users\naidu\.m2\repository\org\springframework\boot\spring-boot-starter-validation\3.5.3\spring-boot-starter-validation-3.5.3.jar
[DEBUG]  C:\Users\naidu\.m2\repository\org\apache\tomcat\embed\tomcat-embed-el\10.1.42\tomcat-embed-el-10.1.42.jar
[DEBUG]  C:\Users\naidu\.m2\repository\org\hibernate\validator\hibernate-validator\8.0.2.Final\hibernate-validator-8.0.2.Final.jar
[DEBUG]  C:\Users\naidu\.m2\repository\jakarta\validation\jakarta.validation-api\3.0.2\jakarta.validation-api-3.0.2.jar
[DEBUG]  C:\Users\naidu\.m2\repository\org\mapstruct\mapstruct\1.5.3.Final\mapstruct-1.5.3.Final.jar
[DEBUG]  C:\Users\naidu\.m2\repository\org\mapstruct\mapstruct-processor\1.5.3.Final\mapstruct-processor-1.5.3.Final.jar
[DEBUG]  C:\Users\naidu\.m2\repository\org\flywaydb\flyway-core\11.7.2\flyway-core-11.7.2.jar
[DEBUG]  C:\Users\naidu\.m2\repository\com\fasterxml\jackson\dataformat\jackson-dataformat-toml\2.19.1\jackson-dataformat-toml-2.19.1.jar
[DEBUG]  C:\Users\naidu\.m2\repository\com\fasterxml\jackson\core\jackson-core\2.19.1\jackson-core-2.19.1.jar
[DEBUG]  C:\Users\naidu\.m2\repository\com\fasterxml\jackson\datatype\jackson-datatype-jsr310\2.19.1\jackson-datatype-jsr310-2.19.1.jar
[DEBUG]  C:\Users\naidu\.m2\repository\com\fasterxml\jackson\core\jackson-annotations\2.19.1\jackson-annotations-2.19.1.jar
[DEBUG]  C:\Users\naidu\.m2\repository\org\flywaydb\flyway-database-postgresql\11.7.2\flyway-database-postgresql-11.7.2.jar
[DEBUG]  C:\Users\naidu\.m2\repository\org\springdoc\springdoc-openapi-starter-webmvc-ui\2.8.5\springdoc-openapi-starter-webmvc-ui-2.8.5.jar
[DEBUG]  C:\Users\naidu\.m2\repository\org\springdoc\springdoc-openapi-starter-webmvc-api\2.8.5\springdoc-openapi-starter-webmvc-api-2.8.5.jar
[DEBUG]  C:\Users\naidu\.m2\repository\org\springdoc\springdoc-openapi-starter-common\2.8.5\springdoc-openapi-starter-common-2.8.5.jar
[DEBUG]  C:\Users\naidu\.m2\repository\io\swagger\core\v3\swagger-core-jakarta\2.2.28\swagger-core-jakarta-2.2.28.jar
[DEBUG]  C:\Users\naidu\.m2\repository\io\swagger\core\v3\swagger-annotations-jakarta\2.2.28\swagger-annotations-jakarta-2.2.28.jar
[DEBUG]  C:\Users\naidu\.m2\repository\io\swagger\core\v3\swagger-models-jakarta\2.2.28\swagger-models-jakarta-2.2.28.jar
[DEBUG]  C:\Users\naidu\.m2\repository\com\fasterxml\jackson\dataformat\jackson-dataformat-yaml\2.19.1\jackson-dataformat-yaml-2.19.1.jar
[DEBUG]  C:\Users\naidu\.m2\repository\org\webjars\swagger-ui\5.18.3\swagger-ui-5.18.3.jar
[DEBUG]  C:\Users\naidu\.m2\repository\org\webjars\webjars-locator-lite\1.1.0\webjars-locator-lite-1.1.0.jar
[DEBUG]  C:\Users\naidu\.m2\repository\org\jspecify\jspecify\1.0.0\jspecify-1.0.0.jar
[DEBUG]  C:\Users\naidu\.m2\repository\org\apache\commons\commons-lang3\3.12.0\commons-lang3-3.12.0.jar
[DEBUG]  C:\Users\naidu\.m2\repository\org\springframework\kafka\spring-kafka\3.3.7\spring-kafka-3.3.7.jar
[DEBUG]  C:\Users\naidu\.m2\repository\org\springframework\spring-context\6.2.8\spring-context-6.2.8.jar
[DEBUG]  C:\Users\naidu\.m2\repository\org\springframework\spring-messaging\6.2.8\spring-messaging-6.2.8.jar
[DEBUG]  C:\Users\naidu\.m2\repository\org\springframework\spring-tx\6.2.8\spring-tx-6.2.8.jar
[DEBUG]  C:\Users\naidu\.m2\repository\org\springframework\retry\spring-retry\2.0.12\spring-retry-2.0.12.jar
[DEBUG]  C:\Users\naidu\.m2\repository\org\apache\kafka\kafka-clients\3.9.1\kafka-clients-3.9.1.jar
[DEBUG]  C:\Users\naidu\.m2\repository\org\springframework\boot\spring-boot-starter-cache\3.5.3\spring-boot-starter-cache-3.5.3.jar
[DEBUG]  C:\Users\naidu\.m2\repository\org\springframework\spring-context-support\6.2.8\spring-context-support-6.2.8.jar
[DEBUG]  C:\Users\naidu\.m2\repository\org\springframework\boot\spring-boot-starter-data-redis\3.5.3\spring-boot-starter-data-redis-3.5.3.jar
[DEBUG]  C:\Users\naidu\.m2\repository\io\lettuce\lettuce-core\6.6.0.RELEASE\lettuce-core-6.6.0.RELEASE.jar
[DEBUG]  C:\Users\naidu\.m2\repository\redis\clients\authentication\redis-authx-core\0.1.1-beta2\redis-authx-core-0.1.1-beta2.jar
[DEBUG]  C:\Users\naidu\.m2\repository\io\netty\netty-common\4.1.122.Final\netty-common-4.1.122.Final.jar
[DEBUG]  C:\Users\naidu\.m2\repository\io\netty\netty-handler\4.1.122.Final\netty-handler-4.1.122.Final.jar
[DEBUG]  C:\Users\naidu\.m2\repository\io\netty\netty-resolver\4.1.122.Final\netty-resolver-4.1.122.Final.jar
[DEBUG]  C:\Users\naidu\.m2\repository\io\netty\netty-buffer\4.1.122.Final\netty-buffer-4.1.122.Final.jar
[DEBUG]  C:\Users\naidu\.m2\repository\io\netty\netty-transport-native-unix-common\4.1.122.Final\netty-transport-native-unix-common-4.1.122.Final.jar
[DEBUG]  C:\Users\naidu\.m2\repository\io\netty\netty-codec\4.1.122.Final\netty-codec-4.1.122.Final.jar
[DEBUG]  C:\Users\naidu\.m2\repository\io\netty\netty-transport\4.1.122.Final\netty-transport-4.1.122.Final.jar
[DEBUG]  C:\Users\naidu\.m2\repository\io\projectreactor\reactor-core\3.7.7\reactor-core-3.7.7.jar
[DEBUG]  C:\Users\naidu\.m2\repository\org\reactivestreams\reactive-streams\1.0.4\reactive-streams-1.0.4.jar
[DEBUG]  C:\Users\naidu\.m2\repository\org\springframework\data\spring-data-redis\3.5.1\spring-data-redis-3.5.1.jar
[DEBUG]  C:\Users\naidu\.m2\repository\org\springframework\data\spring-data-keyvalue\3.5.1\spring-data-keyvalue-3.5.1.jar
[DEBUG]  C:\Users\naidu\.m2\repository\org\springframework\spring-oxm\6.2.8\spring-oxm-6.2.8.jar
[DEBUG]  C:\Users\naidu\.m2\repository\org\springframework\boot\spring-boot-starter-webflux\3.5.3\spring-boot-starter-webflux-3.5.3.jar
[DEBUG]  C:\Users\naidu\.m2\repository\org\springframework\boot\spring-boot-starter-reactor-netty\3.5.3\spring-boot-starter-reactor-netty-3.5.3.jar
[DEBUG]  C:\Users\naidu\.m2\repository\io\projectreactor\netty\reactor-netty-http\1.2.7\reactor-netty-http-1.2.7.jar
[DEBUG]  C:\Users\naidu\.m2\repository\io\netty\netty-codec-http\4.1.122.Final\netty-codec-http-4.1.122.Final.jar
[DEBUG]  C:\Users\naidu\.m2\repository\io\netty\netty-codec-http2\4.1.122.Final\netty-codec-http2-4.1.122.Final.jar
[DEBUG]  C:\Users\naidu\.m2\repository\io\netty\netty-resolver-dns\4.1.122.Final\netty-resolver-dns-4.1.122.Final.jar
[DEBUG]  C:\Users\naidu\.m2\repository\io\netty\netty-codec-dns\4.1.122.Final\netty-codec-dns-4.1.122.Final.jar
[DEBUG]  C:\Users\naidu\.m2\repository\io\netty\netty-resolver-dns-native-macos\4.1.122.Final\netty-resolver-dns-native-macos-4.1.122.Final-osx-x86_64.jar
[DEBUG]  C:\Users\naidu\.m2\repository\io\netty\netty-resolver-dns-classes-macos\4.1.122.Final\netty-resolver-dns-classes-macos-4.1.122.Final.jar
[DEBUG]  C:\Users\naidu\.m2\repository\io\netty\netty-transport-native-epoll\4.1.122.Final\netty-transport-native-epoll-4.1.122.Final-linux-x86_64.jar
[DEBUG]  C:\Users\naidu\.m2\repository\io\netty\netty-transport-classes-epoll\4.1.122.Final\netty-transport-classes-epoll-4.1.122.Final.jar
[DEBUG]  C:\Users\naidu\.m2\repository\io\projectreactor\netty\reactor-netty-core\1.2.7\reactor-netty-core-1.2.7.jar
[DEBUG]  C:\Users\naidu\.m2\repository\io\netty\netty-handler-proxy\4.1.122.Final\netty-handler-proxy-4.1.122.Final.jar
[DEBUG]  C:\Users\naidu\.m2\repository\io\netty\netty-codec-socks\4.1.122.Final\netty-codec-socks-4.1.122.Final.jar
[DEBUG]  C:\Users\naidu\.m2\repository\org\springframework\spring-webflux\6.2.8\spring-webflux-6.2.8.jar
[DEBUG]  C:\Users\naidu\.m2\repository\org\springframework\boot\spring-boot-starter-aop\3.5.3\spring-boot-starter-aop-3.5.3.jar
[DEBUG]  C:\Users\naidu\.m2\repository\org\springframework\spring-aop\6.2.8\spring-aop-6.2.8.jar
[DEBUG]  C:\Users\naidu\.m2\repository\org\aspectj\aspectjweaver\1.9.24\aspectjweaver-1.9.24.jar
[DEBUG]  C:\Users\naidu\.m2\repository\org\springframework\boot\spring-boot-starter-security\3.5.3\spring-boot-starter-security-3.5.3.jar
[DEBUG]  C:\Users\naidu\.m2\repository\org\springframework\security\spring-security-config\6.5.1\spring-security-config-6.5.1.jar
[DEBUG]  C:\Users\naidu\.m2\repository\org\springframework\security\spring-security-web\6.5.1\spring-security-web-6.5.1.jar
[DEBUG]  C:\Users\naidu\.m2\repository\io\jsonwebtoken\jjwt-api\0.11.5\jjwt-api-0.11.5.jar
[DEBUG]  C:\Users\naidu\.m2\repository\com\fasterxml\jackson\core\jackson-databind\2.19.1\jackson-databind-2.19.1.jar
[DEBUG]  C:\Users\naidu\.m2\repository\io\awspring\cloud\spring-cloud-aws-starter-s3\3.2.0\spring-cloud-aws-starter-s3-3.2.0.jar
[DEBUG]  C:\Users\naidu\.m2\repository\io\awspring\cloud\spring-cloud-aws-s3\3.2.0\spring-cloud-aws-s3-3.2.0.jar
[DEBUG]  C:\Users\naidu\.m2\repository\software\amazon\awssdk\s3\2.25.70\s3-2.25.70.jar
[DEBUG]  C:\Users\naidu\.m2\repository\software\amazon\awssdk\aws-xml-protocol\2.25.70\aws-xml-protocol-2.25.70.jar
[DEBUG]  C:\Users\naidu\.m2\repository\software\amazon\awssdk\aws-query-protocol\2.25.70\aws-query-protocol-2.25.70.jar
[DEBUG]  C:\Users\naidu\.m2\repository\software\amazon\awssdk\protocol-core\2.25.70\protocol-core-2.25.70.jar
[DEBUG]  C:\Users\naidu\.m2\repository\software\amazon\awssdk\arns\2.25.70\arns-2.25.70.jar
[DEBUG]  C:\Users\naidu\.m2\repository\software\amazon\awssdk\profiles\2.25.70\profiles-2.25.70.jar
[DEBUG]  C:\Users\naidu\.m2\repository\software\amazon\awssdk\crt-core\2.25.70\crt-core-2.25.70.jar
[DEBUG]  C:\Users\naidu\.m2\repository\software\amazon\awssdk\http-auth\2.25.70\http-auth-2.25.70.jar
[DEBUG]  C:\Users\naidu\.m2\repository\software\amazon\awssdk\identity-spi\2.25.70\identity-spi-2.25.70.jar
[DEBUG]  C:\Users\naidu\.m2\repository\software\amazon\awssdk\http-auth-spi\2.25.70\http-auth-spi-2.25.70.jar
[DEBUG]  C:\Users\naidu\.m2\repository\software\amazon\awssdk\http-auth-aws\2.25.70\http-auth-aws-2.25.70.jar
[DEBUG]  C:\Users\naidu\.m2\repository\software\amazon\awssdk\checksums\2.25.70\checksums-2.25.70.jar
[DEBUG]  C:\Users\naidu\.m2\repository\software\amazon\awssdk\checksums-spi\2.25.70\checksums-spi-2.25.70.jar
[DEBUG]  C:\Users\naidu\.m2\repository\software\amazon\awssdk\sdk-core\2.25.70\sdk-core-2.25.70.jar
[DEBUG]  C:\Users\naidu\.m2\repository\software\amazon\awssdk\auth\2.25.70\auth-2.25.70.jar
[DEBUG]  C:\Users\naidu\.m2\repository\software\amazon\eventstream\eventstream\1.0.1\eventstream-1.0.1.jar
[DEBUG]  C:\Users\naidu\.m2\repository\software\amazon\awssdk\http-client-spi\2.25.70\http-client-spi-2.25.70.jar
[DEBUG]  C:\Users\naidu\.m2\repository\software\amazon\awssdk\regions\2.25.70\regions-2.25.70.jar
[DEBUG]  C:\Users\naidu\.m2\repository\software\amazon\awssdk\annotations\2.25.70\annotations-2.25.70.jar
[DEBUG]  C:\Users\naidu\.m2\repository\software\amazon\awssdk\utils\2.25.70\utils-2.25.70.jar
[DEBUG]  C:\Users\naidu\.m2\repository\software\amazon\awssdk\aws-core\2.25.70\aws-core-2.25.70.jar
[DEBUG]  C:\Users\naidu\.m2\repository\software\amazon\awssdk\metrics-spi\2.25.70\metrics-spi-2.25.70.jar
[DEBUG]  C:\Users\naidu\.m2\repository\software\amazon\awssdk\json-utils\2.25.70\json-utils-2.25.70.jar
[DEBUG]  C:\Users\naidu\.m2\repository\software\amazon\awssdk\third-party-jackson-core\2.25.70\third-party-jackson-core-2.25.70.jar
[DEBUG]  C:\Users\naidu\.m2\repository\software\amazon\awssdk\endpoints-spi\2.25.70\endpoints-spi-2.25.70.jar
[DEBUG]  C:\Users\naidu\.m2\repository\io\awspring\cloud\spring-cloud-aws-starter\3.2.0\spring-cloud-aws-starter-3.2.0.jar
[DEBUG]  C:\Users\naidu\.m2\repository\io\awspring\cloud\spring-cloud-aws-autoconfigure\3.2.0\spring-cloud-aws-autoconfigure-3.2.0.jar
[DEBUG]  C:\Users\naidu\.m2\repository\io\awspring\cloud\spring-cloud-aws-core\3.2.0\spring-cloud-aws-core-3.2.0.jar
[DEBUG]  C:\Users\naidu\.m2\repository\org\slf4j\slf4j-api\2.0.17\slf4j-api-2.0.17.jar
[DEBUG]  C:\Users\naidu\.m2\repository\org\springframework\security\spring-security-core\6.5.1\spring-security-core-6.5.1.jar
[DEBUG]  C:\Users\naidu\.m2\repository\org\springframework\security\spring-security-crypto\6.5.1\spring-security-crypto-6.5.1.jar
[DEBUG] Source roots:
[DEBUG]  C:\Users\naidu\Downloads\ecommerce-api-spring-kafka-main\ecommerce-api-spring-kafka-main\src\main\java
[DEBUG]  C:\Users\naidu\Downloads\ecommerce-api-spring-kafka-main\ecommerce-api-spring-kafka-main\target\generated-sources\annotations
[DEBUG] Command line options:
[DEBUG] -d C:\Users\naidu\Downloads\ecommerce-api-spring-kafka-main\ecommerce-api-spring-kafka-main\target\classes -classpath C:\Users\naidu\Downloads\ecommerce-api-spring-kafka-main\ecommerce-api-spring-kafka-main\target\classes;C:\Users\naidu\.m2\repository\org\springframework\boot\spring-boot-starter-data-jpa\3.5.3\spring-boot-starter-data-jpa-3.5.3.jar;C:\Users\naidu\.m2\repository\org\springframework\boot\spring-boot-starter\3.5.3\spring-boot-starter-3.5.3.jar;C:\Users\naidu\.m2\repository\org\springframework\boot\spring-boot-starter-logging\3.5.3\spring-boot-starter-logging-3.5.3.jar;C:\Users\naidu\.m2\repository\ch\qos\logback\logback-classic\1.5.18\logback-classic-1.5.18.jar;C:\Users\naidu\.m2\repository\ch\qos\logback\logback-core\1.5.18\logback-core-1.5.18.jar;C:\Users\naidu\.m2\repository\org\apache\logging\log4j\log4j-to-slf4j\2.24.3\log4j-to-slf4j-2.24.3.jar;C:\Users\naidu\.m2\repository\org\apache\logging\log4j\log4j-api\2.24.3\log4j-api-2.24.3.jar;C:\Users\naidu\.m2\repository\org\slf4j\jul-to-slf4j\2.0.17\jul-to-slf4j-2.0.17.jar;C:\Users\naidu\.m2\repository\jakarta\annotation\jakarta.annotation-api\2.1.1\jakarta.annotation-api-2.1.1.jar;C:\Users\naidu\.m2\repository\org\yaml\snakeyaml\2.4\snakeyaml-2.4.jar;C:\Users\naidu\.m2\repository\org\springframework\boot\spring-boot-starter-jdbc\3.5.3\spring-boot-starter-jdbc-3.5.3.jar;C:\Users\naidu\.m2\repository\com\zaxxer\HikariCP\6.3.0\HikariCP-6.3.0.jar;C:\Users\naidu\.m2\repository\org\springframework\spring-jdbc\6.2.8\spring-jdbc-6.2.8.jar;C:\Users\naidu\.m2\repository\org\hibernate\orm\hibernate-core\6.6.18.Final\hibernate-core-6.6.18.Final.jar;C:\Users\naidu\.m2\repository\jakarta\persistence\jakarta.persistence-api\3.1.0\jakarta.persistence-api-3.1.0.jar;C:\Users\naidu\.m2\repository\jakarta\transaction\jakarta.transaction-api\2.0.1\jakarta.transaction-api-2.0.1.jar;C:\Users\naidu\.m2\repository\org\jboss\logging\jboss-logging\3.6.1.Final\jboss-logging-3.6.1.Final.jar;C:\Users\naidu\.m2\repository\com\fasterxml\classmate\1.7.0\classmate-1.7.0.jar;C:\Users\naidu\.m2\repository\org\antlr\antlr4-runtime\4.13.0\antlr4-runtime-4.13.0.jar;C:\Users\naidu\.m2\repository\org\springframework\data\spring-data-jpa\3.5.1\spring-data-jpa-3.5.1.jar;C:\Users\naidu\.m2\repository\org\springframework\data\spring-data-commons\3.5.1\spring-data-commons-3.5.1.jar;C:\Users\naidu\.m2\repository\org\springframework\spring-orm\6.2.8\spring-orm-6.2.8.jar;C:\Users\naidu\.m2\repository\org\springframework\spring-beans\6.2.8\spring-beans-6.2.8.jar;C:\Users\naidu\.m2\repository\org\springframework\spring-aspects\6.2.8\spring-aspects-6.2.8.jar;C:\Users\naidu\.m2\repository\org\springframework\boot\spring-boot-starter-web\3.5.3\spring-boot-starter-web-3.5.3.jar;C:\Users\naidu\.m2\repository\org\springframework\boot\spring-boot-starter-json\3.5.3\spring-boot-starter-json-3.5.3.jar;C:\Users\naidu\.m2\repository\com\fasterxml\jackson\datatype\jackson-datatype-jdk8\2.19.1\jackson-datatype-jdk8-2.19.1.jar;C:\Users\naidu\.m2\repository\com\fasterxml\jackson\module\jackson-module-parameter-names\2.19.1\jackson-module-parameter-names-2.19.1.jar;C:\Users\naidu\.m2\repository\org\springframework\boot\spring-boot-starter-tomcat\3.5.3\spring-boot-starter-tomcat-3.5.3.jar;C:\Users\naidu\.m2\repository\org\apache\tomcat\embed\tomcat-embed-core\10.1.42\tomcat-embed-core-10.1.42.jar;C:\Users\naidu\.m2\repository\org\apache\tomcat\embed\tomcat-embed-websocket\10.1.42\tomcat-embed-websocket-10.1.42.jar;C:\Users\naidu\.m2\repository\org\springframework\spring-web\6.2.8\spring-web-6.2.8.jar;C:\Users\naidu\.m2\repository\org\springframework\spring-webmvc\6.2.8\spring-webmvc-6.2.8.jar;C:\Users\naidu\.m2\repository\org\springframework\spring-expression\6.2.8\spring-expression-6.2.8.jar;C:\Users\naidu\.m2\repository\org\springframework\boot\spring-boot-starter-actuator\3.5.3\spring-boot-starter-actuator-3.5.3.jar;C:\Users\naidu\.m2\repository\org\springframework\boot\spring-boot-actuator-autoconfigure\3.5.3\spring-boot-actuator-autoconfigure-3.5.3.jar;C:\Users\naidu\.m2\repository\org\springframework\boot\spring-boot-actuator\3.5.3\spring-boot-actuator-3.5.3.jar;C:\Users\naidu\.m2\repository\io\micrometer\micrometer-observation\1.15.1\micrometer-observation-1.15.1.jar;C:\Users\naidu\.m2\repository\io\micrometer\micrometer-commons\1.15.1\micrometer-commons-1.15.1.jar;C:\Users\naidu\.m2\repository\io\micrometer\micrometer-jakarta9\1.15.1\micrometer-jakarta9-1.15.1.jar;C:\Users\naidu\.m2\repository\io\micrometer\micrometer-core\1.15.1\micrometer-core-1.15.1.jar;C:\Users\naidu\.m2\repository\org\springframework\boot\spring-boot\3.5.3\spring-boot-3.5.3.jar;C:\Users\naidu\.m2\repository\org\springframework\boot\spring-boot-autoconfigure\3.5.3\spring-boot-autoconfigure-3.5.3.jar;C:\Users\naidu\.m2\repository\org\projectlombok\lombok\1.18.38\lombok-1.18.38.jar;C:\Users\naidu\.m2\repository\jakarta\xml\bind\jakarta.xml.bind-api\4.0.2\jakarta.xml.bind-api-4.0.2.jar;C:\Users\naidu\.m2\repository\jakarta\activation\jakarta.activation-api\2.1.3\jakarta.activation-api-2.1.3.jar;C:\Users\naidu\.m2\repository\org\springframework\spring-core\6.2.8\spring-core-6.2.8.jar;C:\Users\naidu\.m2\repository\org\springframework\spring-jcl\6.2.8\spring-jcl-6.2.8.jar;C:\Users\naidu\.m2\repository\org\springframework\boot\spring-boot-starter-validation\3.5.3\spring-boot-starter-validation-3.5.3.jar;C:\Users\naidu\.m2\repository\org\apache\tomcat\embed\tomcat-embed-el\10.1.42\tomcat-embed-el-10.1.42.jar;C:\Users\naidu\.m2\repository\org\hibernate\validator\hibernate-validator\8.0.2.Final\hibernate-validator-8.0.2.Final.jar;C:\Users\naidu\.m2\repository\jakarta\validation\jakarta.validation-api\3.0.2\jakarta.validation-api-3.0.2.jar;C:\Users\naidu\.m2\repository\org\mapstruct\mapstruct\1.5.3.Final\mapstruct-1.5.3.Final.jar;C:\Users\naidu\.m2\repository\org\mapstruct\mapstruct-processor\1.5.3.Final\mapstruct-processor-1.5.3.Final.jar;C:\Users\naidu\.m2\repository\org\flywaydb\flyway-core\11.7.2\flyway-core-11.7.2.jar;C:\Users\naidu\.m2\repository\com\fasterxml\jackson\dataformat\jackson-dataformat-toml\2.19.1\jackson-dataformat-toml-2.19.1.jar;C:\Users\naidu\.m2\repository\com\fasterxml\jackson\core\jackson-core\2.19.1\jackson-core-2.19.1.jar;C:\Users\naidu\.m2\repository\com\fasterxml\jackson\datatype\jackson-datatype-jsr310\2.19.1\jackson-datatype-jsr310-2.19.1.jar;C:\Users\naidu\.m2\repository\com\fasterxml\jackson\core\jackson-annotations\2.19.1\jackson-annotations-2.19.1.jar;C:\Users\naidu\.m2\repository\org\flywaydb\flyway-database-postgresql\11.7.2\flyway-database-postgresql-11.7.2.jar;C:\Users\naidu\.m2\repository\org\springdoc\springdoc-openapi-starter-webmvc-ui\2.8.5\springdoc-openapi-starter-webmvc-ui-2.8.5.jar;C:\Users\naidu\.m2\repository\org\springdoc\springdoc-openapi-starter-webmvc-api\2.8.5\springdoc-openapi-starter-webmvc-api-2.8.5.jar;C:\Users\naidu\.m2\repository\org\springdoc\springdoc-openapi-starter-common\2.8.5\springdoc-openapi-starter-common-2.8.5.jar;C:\Users\naidu\.m2\repository\io\swagger\core\v3\swagger-core-jakarta\2.2.28\swagger-core-jakarta-2.2.28.jar;C:\Users\naidu\.m2\repository\io\swagger\core\v3\swagger-annotations-jakarta\2.2.28\swagger-annotations-jakarta-2.2.28.jar;C:\Users\naidu\.m2\repository\io\swagger\core\v3\swagger-models-jakarta\2.2.28\swagger-models-jakarta-2.2.28.jar;C:\Users\naidu\.m2\repository\com\fasterxml\jackson\dataformat\jackson-dataformat-yaml\2.19.1\jackson-dataformat-yaml-2.19.1.jar;C:\Users\naidu\.m2\repository\org\webjars\swagger-ui\5.18.3\swagger-ui-5.18.3.jar;C:\Users\naidu\.m2\repository\org\webjars\webjars-locator-lite\1.1.0\webjars-locator-lite-1.1.0.jar;C:\Users\naidu\.m2\repository\org\jspecify\jspecify\1.0.0\jspecify-1.0.0.jar;C:\Users\naidu\.m2\repository\org\apache\commons\commons-lang3\3.12.0\commons-lang3-3.12.0.jar;C:\Users\naidu\.m2\repository\org\springframework\kafka\spring-kafka\3.3.7\spring-kafka-3.3.7.jar;C:\Users\naidu\.m2\repository\org\springframework\spring-context\6.2.8\spring-context-6.2.8.jar;C:\Users\naidu\.m2\repository\org\springframework\spring-messaging\6.2.8\spring-messaging-6.2.8.jar;C:\Users\naidu\.m2\repository\org\springframework\spring-tx\6.2.8\spring-tx-6.2.8.jar;C:\Users\naidu\.m2\repository\org\springframework\retry\spring-retry\2.0.12\spring-retry-2.0.12.jar;C:\Users\naidu\.m2\repository\org\apache\kafka\kafka-clients\3.9.1\kafka-clients-3.9.1.jar;C:\Users\naidu\.m2\repository\org\springframework\boot\spring-boot-starter-cache\3.5.3\spring-boot-starter-cache-3.5.3.jar;C:\Users\naidu\.m2\repository\org\springframework\spring-context-support\6.2.8\spring-context-support-6.2.8.jar;C:\Users\naidu\.m2\repository\org\springframework\boot\spring-boot-starter-data-redis\3.5.3\spring-boot-starter-data-redis-3.5.3.jar;C:\Users\naidu\.m2\repository\io\lettuce\lettuce-core\6.6.0.RELEASE\lettuce-core-6.6.0.RELEASE.jar;C:\Users\naidu\.m2\repository\redis\clients\authentication\redis-authx-core\0.1.1-beta2\redis-authx-core-0.1.1-beta2.jar;C:\Users\naidu\.m2\repository\io\netty\netty-common\4.1.122.Final\netty-common-4.1.122.Final.jar;C:\Users\naidu\.m2\repository\io\netty\netty-handler\4.1.122.Final\netty-handler-4.1.122.Final.jar;C:\Users\naidu\.m2\repository\io\netty\netty-resolver\4.1.122.Final\netty-resolver-4.1.122.Final.jar;C:\Users\naidu\.m2\repository\io\netty\netty-buffer\4.1.122.Final\netty-buffer-4.1.122.Final.jar;C:\Users\naidu\.m2\repository\io\netty\netty-transport-native-unix-common\4.1.122.Final\netty-transport-native-unix-common-4.1.122.Final.jar;C:\Users\naidu\.m2\repository\io\netty\netty-codec\4.1.122.Final\netty-codec-4.1.122.Final.jar;C:\Users\naidu\.m2\repository\io\netty\netty-transport\4.1.122.Final\netty-transport-4.1.122.Final.jar;C:\Users\naidu\.m2\repository\io\projectreactor\reactor-core\3.7.7\reactor-core-3.7.7.jar;C:\Users\naidu\.m2\repository\org\reactivestreams\reactive-streams\1.0.4\reactive-streams-1.0.4.jar;C:\Users\naidu\.m2\repository\org\springframework\data\spring-data-redis\3.5.1\spring-data-redis-3.5.1.jar;C:\Users\naidu\.m2\repository\org\springframework\data\spring-data-keyvalue\3.5.1\spring-data-keyvalue-3.5.1.jar;C:\Users\naidu\.m2\repository\org\springframework\spring-oxm\6.2.8\spring-oxm-6.2.8.jar;C:\Users\naidu\.m2\repository\org\springframework\boot\spring-boot-starter-webflux\3.5.3\spring-boot-starter-webflux-3.5.3.jar;C:\Users\naidu\.m2\repository\org\springframework\boot\spring-boot-starter-reactor-netty\3.5.3\spring-boot-starter-reactor-netty-3.5.3.jar;C:\Users\naidu\.m2\repository\io\projectreactor\netty\reactor-netty-http\1.2.7\reactor-netty-http-1.2.7.jar;C:\Users\naidu\.m2\repository\io\netty\netty-codec-http\4.1.122.Final\netty-codec-http-4.1.122.Final.jar;C:\Users\naidu\.m2\repository\io\netty\netty-codec-http2\4.1.122.Final\netty-codec-http2-4.1.122.Final.jar;C:\Users\naidu\.m2\repository\io\netty\netty-resolver-dns\4.1.122.Final\netty-resolver-dns-4.1.122.Final.jar;C:\Users\naidu\.m2\repository\io\netty\netty-codec-dns\4.1.122.Final\netty-codec-dns-4.1.122.Final.jar;C:\Users\naidu\.m2\repository\io\netty\netty-resolver-dns-native-macos\4.1.122.Final\netty-resolver-dns-native-macos-4.1.122.Final-osx-x86_64.jar;C:\Users\naidu\.m2\repository\io\netty\netty-resolver-dns-classes-macos\4.1.122.Final\netty-resolver-dns-classes-macos-4.1.122.Final.jar;C:\Users\naidu\.m2\repository\io\netty\netty-transport-native-epoll\4.1.122.Final\netty-transport-native-epoll-4.1.122.Final-linux-x86_64.jar;C:\Users\naidu\.m2\repository\io\netty\netty-transport-classes-epoll\4.1.122.Final\netty-transport-classes-epoll-4.1.122.Final.jar;C:\Users\naidu\.m2\repository\io\projectreactor\netty\reactor-netty-core\1.2.7\reactor-netty-core-1.2.7.jar;C:\Users\naidu\.m2\repository\io\netty\netty-handler-proxy\4.1.122.Final\netty-handler-proxy-4.1.122.Final.jar;C:\Users\naidu\.m2\repository\io\netty\netty-codec-socks\4.1.122.Final\netty-codec-socks-4.1.122.Final.jar;C:\Users\naidu\.m2\repository\org\springframework\spring-webflux\6.2.8\spring-webflux-6.2.8.jar;C:\Users\naidu\.m2\repository\org\springframework\boot\spring-boot-starter-aop\3.5.3\spring-boot-starter-aop-3.5.3.jar;C:\Users\naidu\.m2\repository\org\springframework\spring-aop\6.2.8\spring-aop-6.2.8.jar;C:\Users\naidu\.m2\repository\org\aspectj\aspectjweaver\1.9.24\aspectjweaver-1.9.24.jar;C:\Users\naidu\.m2\repository\org\springframework\boot\spring-boot-starter-security\3.5.3\spring-boot-starter-security-3.5.3.jar;C:\Users\naidu\.m2\repository\org\springframework\security\spring-security-config\6.5.1\spring-security-config-6.5.1.jar;C:\Users\naidu\.m2\repository\org\springframework\security\spring-security-web\6.5.1\spring-security-web-6.5.1.jar;C:\Users\naidu\.m2\repository\io\jsonwebtoken\jjwt-api\0.11.5\jjwt-api-0.11.5.jar;C:\Users\naidu\.m2\repository\com\fasterxml\jackson\core\jackson-databind\2.19.1\jackson-databind-2.19.1.jar;C:\Users\naidu\.m2\repository\io\awspring\cloud\spring-cloud-aws-starter-s3\3.2.0\spring-cloud-aws-starter-s3-3.2.0.jar;C:\Users\naidu\.m2\repository\io\awspring\cloud\spring-cloud-aws-s3\3.2.0\spring-cloud-aws-s3-3.2.0.jar;C:\Users\naidu\.m2\repository\software\amazon\awssdk\s3\2.25.70\s3-2.25.70.jar;C:\Users\naidu\.m2\repository\software\amazon\awssdk\aws-xml-protocol\2.25.70\aws-xml-protocol-2.25.70.jar;C:\Users\naidu\.m2\repository\software\amazon\awssdk\aws-query-protocol\2.25.70\aws-query-protocol-2.25.70.jar;C:\Users\naidu\.m2\repository\software\amazon\awssdk\protocol-core\2.25.70\protocol-core-2.25.70.jar;C:\Users\naidu\.m2\repository\software\amazon\awssdk\arns\2.25.70\arns-2.25.70.jar;C:\Users\naidu\.m2\repository\software\amazon\awssdk\profiles\2.25.70\profiles-2.25.70.jar;C:\Users\naidu\.m2\repository\software\amazon\awssdk\crt-core\2.25.70\crt-core-2.25.70.jar;C:\Users\naidu\.m2\repository\software\amazon\awssdk\http-auth\2.25.70\http-auth-2.25.70.jar;C:\Users\naidu\.m2\repository\software\amazon\awssdk\identity-spi\2.25.70\identity-spi-2.25.70.jar;C:\Users\naidu\.m2\repository\software\amazon\awssdk\http-auth-spi\2.25.70\http-auth-spi-2.25.70.jar;C:\Users\naidu\.m2\repository\software\amazon\awssdk\http-auth-aws\2.25.70\http-auth-aws-2.25.70.jar;C:\Users\naidu\.m2\repository\software\amazon\awssdk\checksums\2.25.70\checksums-2.25.70.jar;C:\Users\naidu\.m2\repository\software\amazon\awssdk\checksums-spi\2.25.70\checksums-spi-2.25.70.jar;C:\Users\naidu\.m2\repository\software\amazon\awssdk\sdk-core\2.25.70\sdk-core-2.25.70.jar;C:\Users\naidu\.m2\repository\software\amazon\awssdk\auth\2.25.70\auth-2.25.70.jar;C:\Users\naidu\.m2\repository\software\amazon\eventstream\eventstream\1.0.1\eventstream-1.0.1.jar;C:\Users\naidu\.m2\repository\software\amazon\awssdk\http-client-spi\2.25.70\http-client-spi-2.25.70.jar;C:\Users\naidu\.m2\repository\software\amazon\awssdk\regions\2.25.70\regions-2.25.70.jar;C:\Users\naidu\.m2\repository\software\amazon\awssdk\annotations\2.25.70\annotations-2.25.70.jar;C:\Users\naidu\.m2\repository\software\amazon\awssdk\utils\2.25.70\utils-2.25.70.jar;C:\Users\naidu\.m2\repository\software\amazon\awssdk\aws-core\2.25.70\aws-core-2.25.70.jar;C:\Users\naidu\.m2\repository\software\amazon\awssdk\metrics-spi\2.25.70\metrics-spi-2.25.70.jar;C:\Users\naidu\.m2\repository\software\amazon\awssdk\json-utils\2.25.70\json-utils-2.25.70.jar;C:\Users\naidu\.m2\repository\software\amazon\awssdk\third-party-jackson-core\2.25.70\third-party-jackson-core-2.25.70.jar;C:\Users\naidu\.m2\repository\software\amazon\awssdk\endpoints-spi\2.25.70\endpoints-spi-2.25.70.jar;C:\Users\naidu\.m2\repository\io\awspring\cloud\spring-cloud-aws-starter\3.2.0\spring-cloud-aws-starter-3.2.0.jar;C:\Users\naidu\.m2\repository\io\awspring\cloud\spring-cloud-aws-autoconfigure\3.2.0\spring-cloud-aws-autoconfigure-3.2.0.jar;C:\Users\naidu\.m2\repository\io\awspring\cloud\spring-cloud-aws-core\3.2.0\spring-cloud-aws-core-3.2.0.jar;C:\Users\naidu\.m2\repository\org\slf4j\slf4j-api\2.0.17\slf4j-api-2.0.17.jar;C:\Users\naidu\.m2\repository\org\springframework\security\spring-security-core\6.5.1\spring-security-core-6.5.1.jar;C:\Users\naidu\.m2\repository\org\springframework\security\spring-security-crypto\6.5.1\spring-security-crypto-6.5.1.jar; -sourcepath C:\Users\naidu\Downloads\ecommerce-api-spring-kafka-main\ecommerce-api-spring-kafka-main\src\main\java;C:\Users\naidu\Downloads\ecommerce-api-spring-kafka-main\ecommerce-api-spring-kafka-main\target\generated-sources\annotations; -s C:\Users\naidu\Downloads\ecommerce-api-spring-kafka-main\ecommerce-api-spring-kafka-main\target\generated-sources\annotations -g -parameters --release 17 -encoding UTF-8 -XDuseUnsharedTable=true
[DEBUG] incrementalBuildHelper#beforeRebuildExecution
[INFO] Compiling 111 source files with javac [debug parameters release 17] to target\classes
[DEBUG] incrementalBuildHelper#afterRebuildExecution
[WARNING] /C:/Users/naidu/Downloads/ecommerce-api-spring-kafka-main/ecommerce-api-spring-kafka-main/src/main/java/com/naidugudivada/ecommerce/domain/order/OrderEntity.java:[40,35] @SuperBuilder will ignore the initializing expression entirely. If you want the initializing expression to serve as default, add @Builder.Default. If it is not supposed to be settable during building, make the field final.
[WARNING] /C:/Users/naidu/Downloads/ecommerce-api-spring-kafka-main/ecommerce-api-spring-kafka-main/src/main/java/com/naidugudivada/ecommerce/domain/product/ProductEntity.java:[57,20] @SuperBuilder will ignore the initializing expression entirely. If you want the initializing expression to serve as default, add @Builder.Default. If it is not supposed to be settable during building, make the field final.
[WARNING] /C:/Users/naidu/Downloads/ecommerce-api-spring-kafka-main/ecommerce-api-spring-kafka-main/src/main/java/com/naidugudivada/ecommerce/domain/product/ProductEntity.java:[61,21] @SuperBuilder will ignore the initializing expression entirely. If you want the initializing expression to serve as default, add @Builder.Default. If it is not supposed to be settable during building, make the field final.
[WARNING] /C:/Users/naidu/Downloads/ecommerce-api-spring-kafka-main/ecommerce-api-spring-kafka-main/src/main/java/com/naidugudivada/ecommerce/domain/customer/CustomerMapper.java:[19,20] Unmapped target properties: "createdAt, updatedAt, role".
[WARNING] /C:/Users/naidu/Downloads/ecommerce-api-spring-kafka-main/ecommerce-api-spring-kafka-main/src/main/java/com/naidugudivada/ecommerce/domain/customer/CustomerMapper.java:[34,10] Unmapped target properties: "id, createdAt, updatedAt, address, password, role".
[WARNING] /C:/Users/naidu/Downloads/ecommerce-api-spring-kafka-main/ecommerce-api-spring-kafka-main/src/main/java/com/naidugudivada/ecommerce/domain/product/ProductMapper.java:[15,19] Unmapped target properties: "createdAt, updatedAt, averageRating, totalReviews".
[WARNING] /C:/Users/naidu/Downloads/ecommerce-api-spring-kafka-main/ecommerce-api-spring-kafka-main/src/main/java/com/naidugudivada/ecommerce/domain/product/ProductMapper.java:[20,10] Unmapped target properties: "createdAt, updatedAt, averageRating, totalReviews".
[WARNING] /C:/Users/naidu/Downloads/ecommerce-api-spring-kafka-main/ecommerce-api-spring-kafka-main/src/main/java/com/naidugudivada/ecommerce/domain/address/AddressMapper.java:[14,19] Unmapped target properties: "createdAt, updatedAt".
[WARNING] /C:/Users/naidu/Downloads/ecommerce-api-spring-kafka-main/ecommerce-api-spring-kafka-main/src/main/java/com/naidugudivada/ecommerce/domain/shoppingcart/ShoppingCartMapper.java:[15,24] Unmapped target properties: "createdAt, updatedAt, customer, items, totalPrice".
[INFO] 
[INFO] --- resources:3.3.1:testResources (default-testResources) @ ecommerce-extension ---
[DEBUG] Loading mojo org.apache.maven.plugins:maven-resources-plugin:3.3.1:testResources from plugin realm ClassRealm[plugin>org.apache.maven.plugins:maven-resources-plugin:3.3.1, parent: java.net.URLClassLoader@46f7f36a]
[DEBUG] Configuring mojo execution 'org.apache.maven.plugins:maven-resources-plugin:3.3.1:testResources:default-testResources' with basic configurator -->
[DEBUG]   (f) addDefaultExcludes = true
[DEBUG]   (f) buildFilters = []
[DEBUG]   (s) delimiters = [@]
[DEBUG]   (f) encoding = UTF-8
[DEBUG]   (f) escapeWindowsPaths = true
[DEBUG]   (f) fileNameFiltering = false
[DEBUG]   (s) includeEmptyDirs = false
[DEBUG]   (s) outputDirectory = C:\Users\naidu\Downloads\ecommerce-api-spring-kafka-main\ecommerce-api-spring-kafka-main\target\test-classes
[DEBUG]   (s) overwrite = false
[DEBUG]   (f) project = MavenProject: com.naidugudivada:ecommerce-extension:0.0.1-SNAPSHOT @ C:\Users\naidu\Downloads\ecommerce-api-spring-kafka-main\ecommerce-api-spring-kafka-main\pom.xml
[DEBUG]   (f) propertiesEncoding = UTF-8
[DEBUG]   (s) resources = [Resource {targetPath: null, filtering: false, FileSet {directory: C:\Users\naidu\Downloads\ecommerce-api-spring-kafka-main\ecommerce-api-spring-kafka-main\src\test\resources, PatternSet [includes: {}, excludes: {}]}}]
[DEBUG]   (f) session = org.apache.maven.execution.MavenSession@4fe533ff
[DEBUG]   (f) skip = false
[DEBUG]   (f) supportMultiLineFiltering = false
[DEBUG]   (f) useBuildFilters = true
[DEBUG]   (s) useDefaultDelimiters = false
[DEBUG] -- end configuration --
[DEBUG] properties used:
[DEBUG] activemq.version: 6.1.6
[DEBUG] angus-mail.version: 2.0.3
[DEBUG] artemis.version: 2.40.0
[DEBUG] aspectj.version: 1.9.24
[DEBUG] assertj.version: 3.27.3
[DEBUG] awaitility.version: 4.2.2
[DEBUG] brave.version: 6.1.0
[DEBUG] build-helper-maven-plugin.version: 3.6.1
[DEBUG] byte-buddy.version: 1.17.6
[DEBUG] cache2k.version: 2.6.1.Final
[DEBUG] caffeine.version: 3.2.1
[DEBUG] cassandra-driver.version: 4.19.0
[DEBUG] classmate.version: 1.7.0
[DEBUG] classworlds.conf: C:\Users\naidu\.m2\wrapper\dists\apache-maven-3.9.4-bin\32a55694\apache-maven-3.9.4\bin\m2.conf
[DEBUG] commons-codec.version: 1.18.0
[DEBUG] commons-dbcp2.version: 2.13.0
[DEBUG] commons-lang3.version: 3.17.0
[DEBUG] commons-pool.version: 1.6
[DEBUG] commons-pool2.version: 2.12.1
[DEBUG] couchbase-client.version: 3.8.1
[DEBUG] crac.version: 1.5.0
[DEBUG] cyclonedx-maven-plugin.version: 2.9.1
[DEBUG] db2-jdbc.version: 12.1.2.0
[DEBUG] dependency-management-plugin.version: 1.1.7
[DEBUG] derby.version: 10.16.1.1
[DEBUG] ehcache3.version: 3.10.8
[DEBUG] elasticsearch-client.version: 8.18.1
[DEBUG] env.=C:: C:\Users\naidu\Downloads\ecommerce-api-spring-kafka-main\ecommerce-api-spring-kafka-main
[DEBUG] env.ALLUSERSPROFILE: C:\ProgramData
[DEBUG] env.ANTIGRAVITY_AGENT: 1
[DEBUG] env.ANTIGRAVITY_CLI_ALIAS: agy
[DEBUG] env.APPDATA: C:\Users\naidu\AppData\Roaming
[DEBUG] env.CHOCOLATEYINSTALL: C:\ProgramData\chocolatey
[DEBUG] env.CHOCOLATEYLASTPATHUPDATE: 133240667555723345
[DEBUG] env.CHOCOLATEYTOOLSLOCATION: C:\tools
[DEBUG] env.CHROME_CRASHPAD_PIPE_NAME: \\.\pipe\crashpad_6264_AIRWBVXJDMQADQIA
[DEBUG] env.CLAUDE_CODE_SSE_PORT: 41198
[DEBUG] env.CLION: C:\Program Files\JetBrains\CLion 2024.2.1\bin;
[DEBUG] env.COLORTERM: truecolor
[DEBUG] env.COMMONPROGRAMFILES: C:\Program Files\Common Files
[DEBUG] env.COMMONPROGRAMFILES(X86): C:\Program Files (x86)\Common Files
[DEBUG] env.COMMONPROGRAMW6432: C:\Program Files\Common Files
[DEBUG] env.COMPUTERNAME: DESKTOP-JC803G5
[DEBUG] env.COMSPEC: C:\WINDOWS\system32\cmd.exe
[DEBUG] env.DRIVERDATA: C:\Windows\System32\Drivers\DriverData
[DEBUG] env.ERROR_CODE: 0
[DEBUG] env.EXEC_DIR: C:\Users\naidu\Downloads\ecommerce-api-spring-kafka-main\ecommerce-api-spring-kafka-main
[DEBUG] env.GIT_ASKPASS: d:\Antigravity\resources\app\extensions\git\dist\askpass.sh
[DEBUG] env.HOME: C:\Users\naidu
[DEBUG] env.HOMEDRIVE: C:
[DEBUG] env.HOMEPATH: \Users\naidu
[DEBUG] env.INTELLIJ IDEA COMMUNITY EDITION: C:\Program Files\JetBrains\IntelliJ IDEA Community Edition 2022.3.2\bin;
[DEBUG] env.JAVA_HOME: C:\Program Files\Microsoft\jdk-17.0.18.8-hotspot\
[DEBUG] env.LANG: en_US.UTF-8
[DEBUG] env.LOCALAPPDATA: C:\Users\naidu\AppData\Local
[DEBUG] env.LOGONSERVER: \\DESKTOP-JC803G5
[DEBUG] env.MAVEN_CMD_LINE_ARGS: clean test -X
[DEBUG] env.MAVEN_JAVA_EXE: "C:\Program Files\Microsoft\jdk-17.0.18.8-hotspot\\bin\java.exe"
[DEBUG] env.MAVEN_PROJECTBASEDIR: C:\Users\naidu\Downloads\ecommerce-api-spring-kafka-main\ecommerce-api-spring-kafka-main
[DEBUG] env.NUMBER_OF_PROCESSORS: 8
[DEBUG] env.NVM_HOME: C:\Users\naidu\AppData\Roaming\nvm
[DEBUG] env.NVM_SYMLINK: C:\Program Files\nodejs
[DEBUG] env.ONEDRIVE: C:\Users\naidu\OneDrive
[DEBUG] env.OS: Windows_NT
[DEBUG] env.PAGER: cat
[DEBUG] env.PATH: C:\Program Files\Microsoft\jdk-17.0.18.8-hotspot\bin;C:\Program Files\Common Files\Oracle\Java\javapath;C:\WINDOWS\system32;C:\WINDOWS;C:\WINDOWS\System32\Wbem;C:\WINDOWS\System32\WindowsPowerShell\v1.0\;C:\WINDOWS\System32\OpenSSH\;C:\ProgramData\chocolatey\bin;C:\Program Files\dotnet\;C:\dartsdk-windows-x64-release\dart-sdk\bin;C:\msys64\mingw64\bin;C:\Program Files\Geth;C:\Users\naidu\AppData\Roaming\nvm;C:\Program Files\nodejs;C:\Users\naidu\AppData\Roaming\nvm;C:\xampp\php;C:\Program Files\Microsoft SQL Server\150\Tools\Binn\;C:\Users\naidu\.git;C:\Program Files (x86)\Git\cmd;C:\Program Files (x86)\Git\bin;C:\Users\naidu\AppData\Local\Pub\Cache\bin;C:\Program Files\Git\cmd;C:\flutter-software-new\flutter\bin;C:\Users\naidu\AppData\Local\Android\Sdk\platform-tools;C:\Program Files\Java\jdk-18.0.2.1\bin;C:\Program Files\MongoDB\Server\7.0\bin;C:\mongosh-2.1.1-win32-x64\bin;C:\MinGW\bin;C:\Program Files\heroku\bin;C:\Program Files\Java\jdk-11\bin;C:\Users\naidu\AppData\Roaming\Python\Python39\Scripts;C:\Program Files\R\R-4.3.3\bin;C:\Program Files\R\R-4.3.3\bin\x64;C:\Users\naidu\AppData\Local\Programs\Python\Python39;C:\Program Files (x86)\Microsoft SQL Server\160\Tools\Binn\;C:\Program Files\Microsoft SQL Server\160\Tools\Binn\;C:\Program Files\Microsoft SQL Server\Client SDK\ODBC\170\Tools\Binn\;C:\Program Files\Microsoft SQL Server\160\DTS\Binn\;C:\Python311;C:\Python311\Scripts;C:\Users\naidu\AppData\Roaming\npm;C:\Program Files\Amazon\AWSCLIV2\;C:\Program Files\MongoDB\Tools\100\bin;C:\Users\naidu\anaconda3;C:\Users\naidu\anaconda3\Scripts;C:\Users\naidu\anaconda3\condabin;C:\win_flex_bison-latest;;C:\Program Files\Docker\Docker\resources\bin;C:\Users\naidu\scoop\shims;C:\Users\naidu\AppData\Local\Programs\Python\Python39\;C:\Users\naidu\AppData\Local\Microsoft\WindowsApps;C:\Program Files\JetBrains\PyCharm Community Edition 2022.2.3\bin;C:\Program Files (x86)\Git\cm;C:\Users\naidu\AppData\Local\Programs\Microsoft VS Code\bin;C:\Program Files\JetBrains\IntelliJ IDEA Community Edition 2022.3.2\bin;C:\Users\naidu\AppData\Roaming\;C:\Program Files\JetBrains\CLion 2024.2.1\bin;C:\Users\naidu\AppData\Local\Programs\Python\Python39\Scripts;c:\users\naidu\.local\bin;C:\Users\naidu\AppData\Local\Programs\Ollama;D:\Antigravity\bin
[DEBUG] env.PATHEXT: .COM;.EXE;.BAT;.CMD;.VBS;.VBE;.JS;.JSE;.WSF;.WSH;.MSC;.PY;.PYW;.CPL
[DEBUG] env.PROCESSOR_ARCHITECTURE: AMD64
[DEBUG] env.PROCESSOR_IDENTIFIER: Intel64 Family 6 Model 142 Stepping 12, GenuineIntel
[DEBUG] env.PROCESSOR_LEVEL: 6
[DEBUG] env.PROCESSOR_REVISION: 8e0c
[DEBUG] env.PROGRAMDATA: C:\ProgramData
[DEBUG] env.PROGRAMFILES: C:\Program Files
[DEBUG] env.PROGRAMFILES(X86): C:\Program Files (x86)
[DEBUG] env.PROGRAMW6432: C:\Program Files
[DEBUG] env.PROMPT: $P$G
[DEBUG] env.PSMODULEPATH: C:\Users\naidu\Documents\WindowsPowerShell\Modules;C:\Program Files\WindowsPowerShell\Modules;C:\WINDOWS\system32\WindowsPowerShell\v1.0\Modules;C:\Program Files (x86)\Microsoft SQL Server\160\Tools\PowerShell\Modules\
[DEBUG] env.PUBLIC: C:\Users\Public
[DEBUG] env.PYCHARM COMMUNITY EDITION: C:\Program Files\JetBrains\PyCharm Community Edition 2022.2.3\bin;
[DEBUG] env.PYTHONSTARTUP: c:\Users\naidu\AppData\Roaming\Antigravity\User\workspaceStorage\97c499aa88e2c17cf4ee404de22e6548\ms-python.python\pythonrc.py
[DEBUG] env.PYTHON_BASIC_REPL: 1
[DEBUG] env.SYSTEMDRIVE: C:
[DEBUG] env.SYSTEMROOT: C:\WINDOWS
[DEBUG] env.TEMP: C:\Users\naidu\AppData\Local\Temp
[DEBUG] env.TERM_PROGRAM: vscode
[DEBUG] env.TERM_PROGRAM_VERSION: 1.107.0
[DEBUG] env.TMP: C:\Users\naidu\AppData\Local\Temp
[DEBUG] env.USERDOMAIN: DESKTOP-JC803G5
[DEBUG] env.USERDOMAIN_ROAMINGPROFILE: DESKTOP-JC803G5
[DEBUG] env.USERNAME: naidu
[DEBUG] env.USERPROFILE: C:\Users\naidu
[DEBUG] env.VSCODE_GIT_ASKPASS_EXTRA_ARGS: 
[DEBUG] env.VSCODE_GIT_ASKPASS_MAIN: d:\Antigravity\resources\app\extensions\git\dist\askpass-main.js
[DEBUG] env.VSCODE_GIT_ASKPASS_NODE: D:\Antigravity\Antigravity.exe
[DEBUG] env.VSCODE_GIT_IPC_HANDLE: \\.\pipe\vscode-git-25b4496481-sock
[DEBUG] env.VSCODE_INJECTION: 1
[DEBUG] env.VSCODE_JDWP_ADAPTER_ENDPOINTS: c:\Users\naidu\.antigravity\extensions\vscjava.vscode-java-debug-0.58.5-universal\.noConfigDebugAdapterEndpoints\endpoint-c84c97519bf6e7b7.txt
[DEBUG] env.VSCODE_PYTHON_AUTOACTIVATE_GUARD: 1
[DEBUG] env.WDIR: C:\Users\naidu\Downloads\ecommerce-api-spring-kafka-main\ecommerce-api-spring-kafka-main
[DEBUG] env.WINDIR: C:\WINDOWS
[DEBUG] env.WRAPPER_JAR: "C:\Users\naidu\Downloads\ecommerce-api-spring-kafka-main\ecommerce-api-spring-kafka-main\.mvn\wrapper\maven-wrapper.jar"
[DEBUG] env.WRAPPER_LAUNCHER: org.apache.maven.wrapper.MavenWrapperMain
[DEBUG] env.WRAPPER_SHA_256_SUM: ""
[DEBUG] env.WRAPPER_URL: https://repo.maven.apache.org/maven2/org/apache/maven/wrapper/maven-wrapper/3.2.0/maven-wrapper-3.2.0.jar
[DEBUG] env.ZES_ENABLE_SYSMAN: 1
[DEBUG] file.encoding: Cp1252
[DEBUG] file.separator: \
[DEBUG] flyway.version: 11.7.2
[DEBUG] freemarker.version: 2.3.34
[DEBUG] git-commit-id-maven-plugin.version: 9.0.2
[DEBUG] glassfish-jaxb.version: 4.0.5
[DEBUG] glassfish-jstl.version: 3.0.1
[DEBUG] graphql-java.version: 24.0
[DEBUG] groovy.version: 4.0.27
[DEBUG] gson.version: 2.13.1
[DEBUG] h2.version: 2.3.232
[DEBUG] hamcrest.version: 3.0
[DEBUG] hazelcast.version: 5.5.0
[DEBUG] hibernate-validator.version: 8.0.2.Final
[DEBUG] hibernate.version: 6.6.18.Final
[DEBUG] hikaricp.version: 6.3.0
[DEBUG] hsqldb.version: 2.7.3
[DEBUG] htmlunit.version: 4.11.1
[DEBUG] httpasyncclient.version: 4.1.5
[DEBUG] httpclient5.version: 5.5
[DEBUG] httpcore.version: 4.4.16
[DEBUG] httpcore5.version: 5.3.4
[DEBUG] infinispan.version: 15.2.4.Final
[DEBUG] influxdb-java.version: 2.25
[DEBUG] jackson-bom.version: 2.19.1
[DEBUG] jakarta-activation.version: 2.1.3
[DEBUG] jakarta-annotation.version: 2.1.1
[DEBUG] jakarta-inject.version: 2.0.1
[DEBUG] jakarta-jms.version: 3.1.0
[DEBUG] jakarta-json-bind.version: 3.0.1
[DEBUG] jakarta-json.version: 2.1.3
[DEBUG] jakarta-mail.version: 2.1.3
[DEBUG] jakarta-management.version: 1.1.4
[DEBUG] jakarta-persistence.version: 3.1.0
[DEBUG] jakarta-servlet-jsp-jstl.version: 3.0.2
[DEBUG] jakarta-servlet.version: 6.0.0
[DEBUG] jakarta-transaction.version: 2.0.1
[DEBUG] jakarta-validation.version: 3.0.2
[DEBUG] jakarta-websocket.version: 2.1.1
[DEBUG] jakarta-ws-rs.version: 3.1.0
[DEBUG] jakarta-xml-bind.version: 4.0.2
[DEBUG] jakarta-xml-soap.version: 3.0.2
[DEBUG] jakarta-xml-ws.version: 4.0.2
[DEBUG] janino.version: 3.1.12
[DEBUG] java.class.path: C:\Users\naidu\Downloads\ecommerce-api-spring-kafka-main\ecommerce-api-spring-kafka-main\.mvn\wrapper\maven-wrapper.jar
[DEBUG] java.class.version: 61.0
[DEBUG] java.home: C:\Program Files\Microsoft\jdk-17.0.18.8-hotspot
[DEBUG] java.io.tmpdir: C:\Users\naidu\AppData\Local\Temp\
[DEBUG] java.library.path: C:\Program Files\Microsoft\jdk-17.0.18.8-hotspot\bin;C:\WINDOWS\Sun\Java\bin;C:\WINDOWS\system32;C:\WINDOWS;C:\Program Files\Microsoft\jdk-17.0.18.8-hotspot\bin;C:\Program Files\Common Files\Oracle\Java\javapath;C:\WINDOWS\system32;C:\WINDOWS;C:\WINDOWS\System32\Wbem;C:\WINDOWS\System32\WindowsPowerShell\v1.0\;C:\WINDOWS\System32\OpenSSH\;C:\ProgramData\chocolatey\bin;C:\Program Files\dotnet\;C:\dartsdk-windows-x64-release\dart-sdk\bin;C:\msys64\mingw64\bin;C:\Program Files\Geth;C:\Users\naidu\AppData\Roaming\nvm;C:\Program Files\nodejs;C:\Users\naidu\AppData\Roaming\nvm;C:\xampp\php;C:\Program Files\Microsoft SQL Server\150\Tools\Binn\;C:\Users\naidu\.git;C:\Program Files (x86)\Git\cmd;C:\Program Files (x86)\Git\bin;C:\Users\naidu\AppData\Local\Pub\Cache\bin;C:\Program Files\Git\cmd;C:\flutter-software-new\flutter\bin;C:\Users\naidu\AppData\Local\Android\Sdk\platform-tools;C:\Program Files\Java\jdk-18.0.2.1\bin;C:\Program Files\MongoDB\Server\7.0\bin;C:\mongosh-2.1.1-win32-x64\bin;C:\MinGW\bin;C:\Program Files\heroku\bin;C:\Program Files\Java\jdk-11\bin;C:\Users\naidu\AppData\Roaming\Python\Python39\Scripts;C:\Program Files\R\R-4.3.3\bin;C:\Program Files\R\R-4.3.3\bin\x64;C:\Users\naidu\AppData\Local\Programs\Python\Python39;C:\Program Files (x86)\Microsoft SQL Server\160\Tools\Binn\;C:\Program Files\Microsoft SQL Server\160\Tools\Binn\;C:\Program Files\Microsoft SQL Server\Client SDK\ODBC\170\Tools\Binn\;C:\Program Files\Microsoft SQL Server\160\DTS\Binn\;C:\Python311;C:\Python311\Scripts;C:\Users\naidu\AppData\Roaming\npm;C:\Program Files\Amazon\AWSCLIV2\;C:\Program Files\MongoDB\Tools\100\bin;C:\Users\naidu\anaconda3;C:\Users\naidu\anaconda3\Scripts;C:\Users\naidu\anaconda3\condabin;C:\win_flex_bison-latest;;C:\Program Files\Docker\Docker\resources\bin;C:\Users\naidu\scoop\shims;C:\Users\naidu\AppData\Local\Programs\Python\Python39\;C:\Users\naidu\AppData\Local\Microsoft\WindowsApps;C:\Program Files\JetBrains\PyCharm Community Edition 2022.2.3\bin;C:\Program Files (x86)\Git\cm;C:\Users\naidu\AppData\Local\Programs\Microsoft VS Code\bin;C:\Program Files\JetBrains\IntelliJ IDEA Community Edition 2022.3.2\bin;C:\Users\naidu\AppData\Roaming\;C:\Program Files\JetBrains\CLion 2024.2.1\bin;C:\Users\naidu\AppData\Local\Programs\Python\Python39\Scripts;c:\users\naidu\.local\bin;C:\Users\naidu\AppData\Local\Programs\Ollama;D:\Antigravity\bin;.
[DEBUG] java.runtime.name: OpenJDK Runtime Environment
[DEBUG] java.runtime.version: 17.0.18+8-LTS
[DEBUG] java.specification.maintenance.version: 1
[DEBUG] java.specification.name: Java Platform API Specification
[DEBUG] java.specification.vendor: Oracle Corporation
[DEBUG] java.specification.version: 17
[DEBUG] java.vendor: Microsoft
[DEBUG] java.vendor.url: https://www.microsoft.com
[DEBUG] java.vendor.url.bug: https://github.com/microsoft/openjdk/issues
[DEBUG] java.vendor.version: Microsoft-13106358
[DEBUG] java.version: 17.0.18
[DEBUG] java.version.date: 2026-01-20
[DEBUG] java.vm.compressedOopsMode: Zero based
[DEBUG] java.vm.info: mixed mode, sharing
[DEBUG] java.vm.name: OpenJDK 64-Bit Server VM
[DEBUG] java.vm.specification.name: Java Virtual Machine Specification
[DEBUG] java.vm.specification.vendor: Oracle Corporation
[DEBUG] java.vm.specification.version: 17
[DEBUG] java.vm.vendor: Microsoft
[DEBUG] java.vm.version: 17.0.18+8-LTS
[DEBUG] javax-cache.version: 1.1.1
[DEBUG] javax-money.version: 1.1
[DEBUG] jaxen.version: 2.0.0
[DEBUG] jaybird.version: 6.0.2
[DEBUG] jboss-logging.version: 3.6.1.Final
[DEBUG] jdk.debug: release
[DEBUG] jdom2.version: 2.0.6.1
[DEBUG] jedis.version: 6.0.0
[DEBUG] jersey.version: 3.1.10
[DEBUG] jetty-reactive-httpclient.version: 4.0.10
[DEBUG] jetty.version: 12.0.22
[DEBUG] jmustache.version: 1.16
[DEBUG] jooq.version: 3.19.24
[DEBUG] json-path.version: 2.9.0
[DEBUG] json-smart.version: 2.5.2
[DEBUG] jsonassert.version: 1.5.3
[DEBUG] jtds.version: 1.3.1
[DEBUG] junit-jupiter.version: 5.12.2
[DEBUG] junit.version: 4.13.2
[DEBUG] kafka.version: 3.9.1
[DEBUG] kotlin-coroutines.version: 1.8.1
[DEBUG] kotlin-serialization.version: 1.6.3
[DEBUG] kotlin.version: 1.9.25
[DEBUG] lettuce.version: 6.6.0.RELEASE
[DEBUG] line.separator: 

[DEBUG] liquibase.version: 4.31.1
[DEBUG] log4j2.version: 2.24.3
[DEBUG] logback.version: 1.5.18
[DEBUG] lombok.version: 1.18.38
[DEBUG] mariadb.version: 3.5.3
[DEBUG] maven-antrun-plugin.version: 3.1.0
[DEBUG] maven-assembly-plugin.version: 3.7.1
[DEBUG] maven-clean-plugin.version: 3.4.1
[DEBUG] maven-compiler-plugin.version: 3.14.0
[DEBUG] maven-dependency-plugin.version: 3.8.1
[DEBUG] maven-deploy-plugin.version: 3.1.4
[DEBUG] maven-enforcer-plugin.version: 3.5.0
[DEBUG] maven-failsafe-plugin.version: 3.5.3
[DEBUG] maven-help-plugin.version: 3.5.1
[DEBUG] maven-install-plugin.version: 3.1.4
[DEBUG] maven-invoker-plugin.version: 3.9.0
[DEBUG] maven-jar-plugin.version: 3.4.2
[DEBUG] maven-javadoc-plugin.version: 3.11.2
[DEBUG] maven-resources-plugin.version: 3.3.1
[DEBUG] maven-shade-plugin.version: 3.6.0
[DEBUG] maven-source-plugin.version: 3.3.1
[DEBUG] maven-surefire-plugin.version: 3.5.3
[DEBUG] maven-war-plugin.version: 3.4.0
[DEBUG] maven.build.timestamp: 2026-02-21T09:46:10Z
[DEBUG] maven.build.version: Apache Maven 3.9.4 (dfbb324ad4a7c8fb0bf182e6d91b0ae20e3d2dd9)
[DEBUG] maven.compiler.release: 17
[DEBUG] maven.conf: C:\Users\naidu\.m2\wrapper\dists\apache-maven-3.9.4-bin\32a55694\apache-maven-3.9.4/conf
[DEBUG] maven.home: C:\Users\naidu\.m2\wrapper\dists\apache-maven-3.9.4-bin\32a55694\apache-maven-3.9.4
[DEBUG] maven.multiModuleProjectDirectory: C:\Users\naidu\Downloads\ecommerce-api-spring-kafka-main\ecommerce-api-spring-kafka-main
[DEBUG] maven.version: 3.9.4
[DEBUG] micrometer-tracing.version: 1.5.1
[DEBUG] micrometer.version: 1.15.1
[DEBUG] mockito.version: 5.17.0
[DEBUG] mongodb.version: 5.5.1
[DEBUG] mssql-jdbc.version: 12.10.0.jre11
[DEBUG] mysql.version: 9.2.0
[DEBUG] native-build-tools-plugin.version: 0.10.6
[DEBUG] native.encoding: Cp1252
[DEBUG] nekohtml.version: 1.9.22
[DEBUG] neo4j-java-driver.version: 5.28.5
[DEBUG] netty.version: 4.1.122.Final
[DEBUG] opentelemetry.version: 1.49.0
[DEBUG] oracle-database.version: 23.7.0.25.01
[DEBUG] oracle-r2dbc.version: 1.3.0
[DEBUG] os.arch: amd64
[DEBUG] os.name: Windows 11
[DEBUG] os.version: 10.0
[DEBUG] path.separator: ;
[DEBUG] pooled-jms.version: 3.1.7
[DEBUG] postgresql.version: 42.7.7
[DEBUG] project.baseUri: file:/C:/Users/naidu/Downloads/ecommerce-api-spring-kafka-main/ecommerce-api-spring-kafka-main/
[DEBUG] project.build.sourceEncoding: UTF-8
[DEBUG] project.reporting.outputEncoding: UTF-8
[DEBUG] prometheus-client.version: 1.3.8
[DEBUG] prometheus-simpleclient.version: 0.16.0
[DEBUG] pulsar-reactive.version: 0.6.0
[DEBUG] pulsar.version: 4.0.5
[DEBUG] quartz.version: 2.5.0
[DEBUG] querydsl.version: 5.1.0
[DEBUG] r2dbc-h2.version: 1.0.0.RELEASE
[DEBUG] r2dbc-mariadb.version: 1.3.0
[DEBUG] r2dbc-mssql.version: 1.0.2.RELEASE
[DEBUG] r2dbc-mysql.version: 1.4.1
[DEBUG] r2dbc-pool.version: 1.0.2.RELEASE
[DEBUG] r2dbc-postgresql.version: 1.0.7.RELEASE
[DEBUG] r2dbc-proxy.version: 1.1.6.RELEASE
[DEBUG] r2dbc-spi.version: 1.0.0.RELEASE
[DEBUG] rabbit-amqp-client.version: 5.25.0
[DEBUG] rabbit-stream-client.version: 0.23.0
[DEBUG] reactive-streams.version: 1.0.4
[DEBUG] reactor-bom.version: 2024.0.7
[DEBUG] resource.delimiter: @
[DEBUG] rest-assured.version: 5.5.5
[DEBUG] rsocket.version: 1.1.5
[DEBUG] rxjava3.version: 3.1.10
[DEBUG] saaj-impl.version: 3.0.4
[DEBUG] selenium-htmlunit.version: 4.30.0
[DEBUG] selenium.version: 4.31.0
[DEBUG] sendgrid.version: 4.10.3
[DEBUG] slf4j.version: 2.0.17
[DEBUG] snakeyaml.version: 2.4
[DEBUG] spring-amqp.version: 3.2.5
[DEBUG] spring-authorization-server.version: 1.5.1
[DEBUG] spring-batch.version: 5.2.2
[DEBUG] spring-boot.run.main-class: ${start-class}
[DEBUG] spring-data-bom.version: 2025.0.1
[DEBUG] spring-framework.version: 6.2.8
[DEBUG] spring-graphql.version: 1.4.0
[DEBUG] spring-hateoas.version: 2.5.1
[DEBUG] spring-integration.version: 6.5.0
[DEBUG] spring-kafka.version: 3.3.7
[DEBUG] spring-ldap.version: 3.3.1
[DEBUG] spring-pulsar.version: 1.2.7
[DEBUG] spring-restdocs.version: 3.0.4
[DEBUG] spring-retry.version: 2.0.12
[DEBUG] spring-security.version: 6.5.1
[DEBUG] spring-session.version: 3.5.1
[DEBUG] spring-ws.version: 4.1.0
[DEBUG] sqlite-jdbc.version: 3.49.1.0
[DEBUG] sun.arch.data.model: 64
[DEBUG] sun.boot.library.path: C:\Program Files\Microsoft\jdk-17.0.18.8-hotspot\bin
[DEBUG] sun.cpu.endian: little
[DEBUG] sun.cpu.isalist: amd64
[DEBUG] sun.io.unicode.encoding: UnicodeLittle
[DEBUG] sun.java.command: org.apache.maven.wrapper.MavenWrapperMain clean test -X
[DEBUG] sun.java.launcher: SUN_STANDARD
[DEBUG] sun.jnu.encoding: Cp1252
[DEBUG] sun.management.compiler: HotSpot 64-Bit Tiered Compilers
[DEBUG] sun.os.patch.level: 
[DEBUG] sun.stderr.encoding: cp437
[DEBUG] testcontainers-redis-module.version: 2.2.4
[DEBUG] testcontainers.version: 1.21.2
[DEBUG] thymeleaf-extras-data-attribute.version: 2.0.1
[DEBUG] thymeleaf-extras-springsecurity.version: 3.1.3.RELEASE
[DEBUG] thymeleaf-layout-dialect.version: 3.4.0
[DEBUG] thymeleaf.version: 3.1.3.RELEASE
[DEBUG] tomcat.version: 10.1.42
[DEBUG] unboundid-ldapsdk.version: 7.0.3
[DEBUG] undertow.version: 2.3.18.Final
[DEBUG] user.country: US
[DEBUG] user.dir: C:\Users\naidu\Downloads\ecommerce-api-spring-kafka-main\ecommerce-api-spring-kafka-main
[DEBUG] user.home: C:\Users\naidu
[DEBUG] user.language: en
[DEBUG] user.name: naidu
[DEBUG] user.script: 
[DEBUG] user.variant: 
[DEBUG] versions-maven-plugin.version: 2.18.0
[DEBUG] vibur.version: 26.0
[DEBUG] webjars-locator-core.version: 0.59
[DEBUG] webjars-locator-lite.version: 1.1.0
[DEBUG] wsdl4j.version: 1.6.3
[DEBUG] xml-maven-plugin.version: 1.1.0
[DEBUG] xmlunit2.version: 2.10.2
[DEBUG] yasson.version: 3.0.4
[DEBUG] zipkin-reporter.version: 3.5.1
[DEBUG] Using 'UTF-8' encoding to copy filtered resources.
[DEBUG] Using 'UTF-8' encoding to copy filtered properties files.
[DEBUG] resource with targetPath null
directory C:\Users\naidu\Downloads\ecommerce-api-spring-kafka-main\ecommerce-api-spring-kafka-main\src\test\resources
excludes []
includes []
[INFO] skip non existing resourceDirectory C:\Users\naidu\Downloads\ecommerce-api-spring-kafka-main\ecommerce-api-spring-kafka-main\src\test\resources
[DEBUG] no user filter components
[INFO] 
[INFO] --- compiler:3.14.0:testCompile (default-testCompile) @ ecommerce-extension ---
[DEBUG] Loading mojo org.apache.maven.plugins:maven-compiler-plugin:3.14.0:testCompile from plugin realm ClassRealm[plugin>org.apache.maven.plugins:maven-compiler-plugin:3.14.0, parent: java.net.URLClassLoader@46f7f36a]
[DEBUG] Configuring mojo execution 'org.apache.maven.plugins:maven-compiler-plugin:3.14.0:testCompile:default-testCompile' with basic configurator -->
[DEBUG]   (f) annotationProcessorPathsUseDepMgmt = false
[DEBUG]   (f) basedir = C:\Users\naidu\Downloads\ecommerce-api-spring-kafka-main\ecommerce-api-spring-kafka-main
[DEBUG]   (f) buildDirectory = C:\Users\naidu\Downloads\ecommerce-api-spring-kafka-main\ecommerce-api-spring-kafka-main\target
[DEBUG]   (f) compileSourceRoots = [C:\Users\naidu\Downloads\ecommerce-api-spring-kafka-main\ecommerce-api-spring-kafka-main\src\test\java]
[DEBUG]   (f) compilerId = javac
[DEBUG]   (f) createMissingPackageInfoClass = true
[DEBUG]   (f) debug = true
[DEBUG]   (f) debugFileName = javac-test
[DEBUG]   (f) enablePreview = false
[DEBUG]   (f) encoding = UTF-8
[DEBUG]   (f) failOnError = true
[DEBUG]   (f) failOnWarning = false
[DEBUG]   (f) fileExtensions = [jar, class]
[DEBUG]   (f) forceJavacCompilerUse = false
[DEBUG]   (f) forceLegacyJavacApi = false
[DEBUG]   (f) fork = false
[DEBUG]   (f) generatedTestSourcesDirectory = C:\Users\naidu\Downloads\ecommerce-api-spring-kafka-main\ecommerce-api-spring-kafka-main\target\generated-test-sources\test-annotations
[DEBUG]   (f) mojoExecution = org.apache.maven.plugins:maven-compiler-plugin:3.14.0:testCompile {execution: default-testCompile}
[DEBUG]   (f) optimize = false
[DEBUG]   (f) outputDirectory = C:\Users\naidu\Downloads\ecommerce-api-spring-kafka-main\ecommerce-api-spring-kafka-main\target\test-classes
[DEBUG]   (f) parameters = true
[DEBUG]   (f) project = MavenProject: com.naidugudivada:ecommerce-extension:0.0.1-SNAPSHOT @ C:\Users\naidu\Downloads\ecommerce-api-spring-kafka-main\ecommerce-api-spring-kafka-main\pom.xml
[DEBUG]   (s) release = 17
[DEBUG]   (f) session = org.apache.maven.execution.MavenSession@4fe533ff
[DEBUG]   (f) showCompilationChanges = false
[DEBUG]   (f) showDeprecation = false
[DEBUG]   (f) showWarnings = true
[DEBUG]   (f) skipMultiThreadWarning = false
[DEBUG]   (f) source = 1.8
[DEBUG]   (f) staleMillis = 0
[DEBUG]   (s) target = 1.8
[DEBUG]   (f) testPath = [C:\Users\naidu\Downloads\ecommerce-api-spring-kafka-main\ecommerce-api-spring-kafka-main\target\test-classes, C:\Users\naidu\Downloads\ecommerce-api-spring-kafka-main\ecommerce-api-spring-kafka-main\target\classes, C:\Users\naidu\.m2\repository\org\springframework\boot\spring-boot-starter-data-jpa\3.5.3\spring-boot-starter-data-jpa-3.5.3.jar, C:\Users\naidu\.m2\repository\org\springframework\boot\spring-boot-starter\3.5.3\spring-boot-starter-3.5.3.jar, C:\Users\naidu\.m2\repository\org\springframework\boot\spring-boot-starter-logging\3.5.3\spring-boot-starter-logging-3.5.3.jar, C:\Users\naidu\.m2\repository\ch\qos\logback\logback-classic\1.5.18\logback-classic-1.5.18.jar, C:\Users\naidu\.m2\repository\ch\qos\logback\logback-core\1.5.18\logback-core-1.5.18.jar, C:\Users\naidu\.m2\repository\org\apache\logging\log4j\log4j-to-slf4j\2.24.3\log4j-to-slf4j-2.24.3.jar, C:\Users\naidu\.m2\repository\org\apache\logging\log4j\log4j-api\2.24.3\log4j-api-2.24.3.jar, C:\Users\naidu\.m2\repository\org\slf4j\jul-to-slf4j\2.0.17\jul-to-slf4j-2.0.17.jar, C:\Users\naidu\.m2\repository\jakarta\annotation\jakarta.annotation-api\2.1.1\jakarta.annotation-api-2.1.1.jar, C:\Users\naidu\.m2\repository\org\yaml\snakeyaml\2.4\snakeyaml-2.4.jar, C:\Users\naidu\.m2\repository\org\springframework\boot\spring-boot-starter-jdbc\3.5.3\spring-boot-starter-jdbc-3.5.3.jar, C:\Users\naidu\.m2\repository\com\zaxxer\HikariCP\6.3.0\HikariCP-6.3.0.jar, C:\Users\naidu\.m2\repository\org\springframework\spring-jdbc\6.2.8\spring-jdbc-6.2.8.jar, C:\Users\naidu\.m2\repository\org\hibernate\orm\hibernate-core\6.6.18.Final\hibernate-core-6.6.18.Final.jar, C:\Users\naidu\.m2\repository\jakarta\persistence\jakarta.persistence-api\3.1.0\jakarta.persistence-api-3.1.0.jar, C:\Users\naidu\.m2\repository\jakarta\transaction\jakarta.transaction-api\2.0.1\jakarta.transaction-api-2.0.1.jar, C:\Users\naidu\.m2\repository\org\jboss\logging\jboss-logging\3.6.1.Final\jboss-logging-3.6.1.Final.jar, C:\Users\naidu\.m2\repository\org\hibernate\common\hibernate-commons-annotations\7.0.3.Final\hibernate-commons-annotations-7.0.3.Final.jar, C:\Users\naidu\.m2\repository\io\smallrye\jandex\3.2.0\jandex-3.2.0.jar, C:\Users\naidu\.m2\repository\com\fasterxml\classmate\1.7.0\classmate-1.7.0.jar, C:\Users\naidu\.m2\repository\net\bytebuddy\byte-buddy\1.17.6\byte-buddy-1.17.6.jar, C:\Users\naidu\.m2\repository\org\glassfish\jaxb\jaxb-runtime\4.0.5\jaxb-runtime-4.0.5.jar, C:\Users\naidu\.m2\repository\org\glassfish\jaxb\jaxb-core\4.0.5\jaxb-core-4.0.5.jar, C:\Users\naidu\.m2\repository\org\eclipse\angus\angus-activation\2.0.2\angus-activation-2.0.2.jar, C:\Users\naidu\.m2\repository\org\glassfish\jaxb\txw2\4.0.5\txw2-4.0.5.jar, C:\Users\naidu\.m2\repository\com\sun\istack\istack-commons-runtime\4.1.2\istack-commons-runtime-4.1.2.jar, C:\Users\naidu\.m2\repository\jakarta\inject\jakarta.inject-api\2.0.1\jakarta.inject-api-2.0.1.jar, C:\Users\naidu\.m2\repository\org\antlr\antlr4-runtime\4.13.0\antlr4-runtime-4.13.0.jar, C:\Users\naidu\.m2\repository\org\springframework\data\spring-data-jpa\3.5.1\spring-data-jpa-3.5.1.jar, C:\Users\naidu\.m2\repository\org\springframework\data\spring-data-commons\3.5.1\spring-data-commons-3.5.1.jar, C:\Users\naidu\.m2\repository\org\springframework\spring-orm\6.2.8\spring-orm-6.2.8.jar, C:\Users\naidu\.m2\repository\org\springframework\spring-beans\6.2.8\spring-beans-6.2.8.jar, C:\Users\naidu\.m2\repository\org\springframework\spring-aspects\6.2.8\spring-aspects-6.2.8.jar, C:\Users\naidu\.m2\repository\org\springframework\boot\spring-boot-starter-web\3.5.3\spring-boot-starter-web-3.5.3.jar, C:\Users\naidu\.m2\repository\org\springframework\boot\spring-boot-starter-json\3.5.3\spring-boot-starter-json-3.5.3.jar, C:\Users\naidu\.m2\repository\com\fasterxml\jackson\datatype\jackson-datatype-jdk8\2.19.1\jackson-datatype-jdk8-2.19.1.jar, C:\Users\naidu\.m2\repository\com\fasterxml\jackson\module\jackson-module-parameter-names\2.19.1\jackson-module-parameter-names-2.19.1.jar, C:\Users\naidu\.m2\repository\org\springframework\boot\spring-boot-starter-tomcat\3.5.3\spring-boot-starter-tomcat-3.5.3.jar, C:\Users\naidu\.m2\repository\org\apache\tomcat\embed\tomcat-embed-core\10.1.42\tomcat-embed-core-10.1.42.jar, C:\Users\naidu\.m2\repository\org\apache\tomcat\embed\tomcat-embed-websocket\10.1.42\tomcat-embed-websocket-10.1.42.jar, C:\Users\naidu\.m2\repository\org\springframework\spring-web\6.2.8\spring-web-6.2.8.jar, C:\Users\naidu\.m2\repository\org\springframework\spring-webmvc\6.2.8\spring-webmvc-6.2.8.jar, C:\Users\naidu\.m2\repository\org\springframework\spring-expression\6.2.8\spring-expression-6.2.8.jar, C:\Users\naidu\.m2\repository\org\springframework\boot\spring-boot-starter-actuator\3.5.3\spring-boot-starter-actuator-3.5.3.jar, C:\Users\naidu\.m2\repository\org\springframework\boot\spring-boot-actuator-autoconfigure\3.5.3\spring-boot-actuator-autoconfigure-3.5.3.jar, C:\Users\naidu\.m2\repository\org\springframework\boot\spring-boot-actuator\3.5.3\spring-boot-actuator-3.5.3.jar, C:\Users\naidu\.m2\repository\io\micrometer\micrometer-observation\1.15.1\micrometer-observation-1.15.1.jar, C:\Users\naidu\.m2\repository\io\micrometer\micrometer-commons\1.15.1\micrometer-commons-1.15.1.jar, C:\Users\naidu\.m2\repository\io\micrometer\micrometer-jakarta9\1.15.1\micrometer-jakarta9-1.15.1.jar, C:\Users\naidu\.m2\repository\io\micrometer\micrometer-core\1.15.1\micrometer-core-1.15.1.jar, C:\Users\naidu\.m2\repository\org\hdrhistogram\HdrHistogram\2.2.2\HdrHistogram-2.2.2.jar, C:\Users\naidu\.m2\repository\org\latencyutils\LatencyUtils\2.0.3\LatencyUtils-2.0.3.jar, C:\Users\naidu\.m2\repository\org\springframework\boot\spring-boot-devtools\3.5.3\spring-boot-devtools-3.5.3.jar, C:\Users\naidu\.m2\repository\org\springframework\boot\spring-boot\3.5.3\spring-boot-3.5.3.jar, C:\Users\naidu\.m2\repository\org\springframework\boot\spring-boot-autoconfigure\3.5.3\spring-boot-autoconfigure-3.5.3.jar, C:\Users\naidu\.m2\repository\org\postgresql\postgresql\42.7.7\postgresql-42.7.7.jar, C:\Users\naidu\.m2\repository\org\checkerframework\checker-qual\3.49.3\checker-qual-3.49.3.jar, C:\Users\naidu\.m2\repository\org\projectlombok\lombok\1.18.38\lombok-1.18.38.jar, C:\Users\naidu\.m2\repository\org\springframework\boot\spring-boot-starter-test\3.5.3\spring-boot-starter-test-3.5.3.jar, C:\Users\naidu\.m2\repository\org\springframework\boot\spring-boot-test\3.5.3\spring-boot-test-3.5.3.jar, C:\Users\naidu\.m2\repository\org\springframework\boot\spring-boot-test-autoconfigure\3.5.3\spring-boot-test-autoconfigure-3.5.3.jar, C:\Users\naidu\.m2\repository\com\jayway\jsonpath\json-path\2.9.0\json-path-2.9.0.jar, C:\Users\naidu\.m2\repository\jakarta\xml\bind\jakarta.xml.bind-api\4.0.2\jakarta.xml.bind-api-4.0.2.jar, C:\Users\naidu\.m2\repository\jakarta\activation\jakarta.activation-api\2.1.3\jakarta.activation-api-2.1.3.jar, C:\Users\naidu\.m2\repository\net\minidev\json-smart\2.5.2\json-smart-2.5.2.jar, C:\Users\naidu\.m2\repository\net\minidev\accessors-smart\2.5.2\accessors-smart-2.5.2.jar, C:\Users\naidu\.m2\repository\org\ow2\asm\asm\9.7.1\asm-9.7.1.jar, C:\Users\naidu\.m2\repository\org\assertj\assertj-core\3.27.3\assertj-core-3.27.3.jar, C:\Users\naidu\.m2\repository\org\awaitility\awaitility\4.2.2\awaitility-4.2.2.jar, C:\Users\naidu\.m2\repository\org\hamcrest\hamcrest\3.0\hamcrest-3.0.jar, C:\Users\naidu\.m2\repository\org\junit\jupiter\junit-jupiter\5.12.2\junit-jupiter-5.12.2.jar, C:\Users\naidu\.m2\repository\org\junit\jupiter\junit-jupiter-api\5.12.2\junit-jupiter-api-5.12.2.jar, C:\Users\naidu\.m2\repository\org\opentest4j\opentest4j\1.3.0\opentest4j-1.3.0.jar, C:\Users\naidu\.m2\repository\org\junit\platform\junit-platform-commons\1.12.2\junit-platform-commons-1.12.2.jar, C:\Users\naidu\.m2\repository\org\apiguardian\apiguardian-api\1.1.2\apiguardian-api-1.1.2.jar, C:\Users\naidu\.m2\repository\org\junit\jupiter\junit-jupiter-params\5.12.2\junit-jupiter-params-5.12.2.jar, C:\Users\naidu\.m2\repository\org\junit\jupiter\junit-jupiter-engine\5.12.2\junit-jupiter-engine-5.12.2.jar, C:\Users\naidu\.m2\repository\org\junit\platform\junit-platform-engine\1.12.2\junit-platform-engine-1.12.2.jar, C:\Users\naidu\.m2\repository\org\mockito\mockito-core\5.17.0\mockito-core-5.17.0.jar, C:\Users\naidu\.m2\repository\net\bytebuddy\byte-buddy-agent\1.17.6\byte-buddy-agent-1.17.6.jar, C:\Users\naidu\.m2\repository\org\objenesis\objenesis\3.3\objenesis-3.3.jar, C:\Users\naidu\.m2\repository\org\mockito\mockito-junit-jupiter\5.17.0\mockito-junit-jupiter-5.17.0.jar, C:\Users\naidu\.m2\repository\org\skyscreamer\jsonassert\1.5.3\jsonassert-1.5.3.jar, C:\Users\naidu\.m2\repository\com\vaadin\external\google\android-json\0.0.20131108.vaadin1\android-json-0.0.20131108.vaadin1.jar, C:\Users\naidu\.m2\repository\org\springframework\spring-core\6.2.8\spring-core-6.2.8.jar, C:\Users\naidu\.m2\repository\org\springframework\spring-jcl\6.2.8\spring-jcl-6.2.8.jar, C:\Users\naidu\.m2\repository\org\springframework\spring-test\6.2.8\spring-test-6.2.8.jar, C:\Users\naidu\.m2\repository\org\xmlunit\xmlunit-core\2.10.2\xmlunit-core-2.10.2.jar, C:\Users\naidu\.m2\repository\org\springframework\boot\spring-boot-starter-validation\3.5.3\spring-boot-starter-validation-3.5.3.jar, C:\Users\naidu\.m2\repository\org\apache\tomcat\embed\tomcat-embed-el\10.1.42\tomcat-embed-el-10.1.42.jar, C:\Users\naidu\.m2\repository\org\hibernate\validator\hibernate-validator\8.0.2.Final\hibernate-validator-8.0.2.Final.jar, C:\Users\naidu\.m2\repository\jakarta\validation\jakarta.validation-api\3.0.2\jakarta.validation-api-3.0.2.jar, C:\Users\naidu\.m2\repository\org\mapstruct\mapstruct\1.5.3.Final\mapstruct-1.5.3.Final.jar, C:\Users\naidu\.m2\repository\org\mapstruct\mapstruct-processor\1.5.3.Final\mapstruct-processor-1.5.3.Final.jar, C:\Users\naidu\.m2\repository\org\flywaydb\flyway-core\11.7.2\flyway-core-11.7.2.jar, C:\Users\naidu\.m2\repository\com\fasterxml\jackson\dataformat\jackson-dataformat-toml\2.19.1\jackson-dataformat-toml-2.19.1.jar, C:\Users\naidu\.m2\repository\com\fasterxml\jackson\core\jackson-core\2.19.1\jackson-core-2.19.1.jar, C:\Users\naidu\.m2\repository\com\fasterxml\jackson\datatype\jackson-datatype-jsr310\2.19.1\jackson-datatype-jsr310-2.19.1.jar, C:\Users\naidu\.m2\repository\com\fasterxml\jackson\core\jackson-annotations\2.19.1\jackson-annotations-2.19.1.jar, C:\Users\naidu\.m2\repository\org\flywaydb\flyway-database-postgresql\11.7.2\flyway-database-postgresql-11.7.2.jar, C:\Users\naidu\.m2\repository\org\springdoc\springdoc-openapi-starter-webmvc-ui\2.8.5\springdoc-openapi-starter-webmvc-ui-2.8.5.jar, C:\Users\naidu\.m2\repository\org\springdoc\springdoc-openapi-starter-webmvc-api\2.8.5\springdoc-openapi-starter-webmvc-api-2.8.5.jar, C:\Users\naidu\.m2\repository\org\springdoc\springdoc-openapi-starter-common\2.8.5\springdoc-openapi-starter-common-2.8.5.jar, C:\Users\naidu\.m2\repository\io\swagger\core\v3\swagger-core-jakarta\2.2.28\swagger-core-jakarta-2.2.28.jar, C:\Users\naidu\.m2\repository\io\swagger\core\v3\swagger-annotations-jakarta\2.2.28\swagger-annotations-jakarta-2.2.28.jar, C:\Users\naidu\.m2\repository\io\swagger\core\v3\swagger-models-jakarta\2.2.28\swagger-models-jakarta-2.2.28.jar, C:\Users\naidu\.m2\repository\com\fasterxml\jackson\dataformat\jackson-dataformat-yaml\2.19.1\jackson-dataformat-yaml-2.19.1.jar, C:\Users\naidu\.m2\repository\org\webjars\swagger-ui\5.18.3\swagger-ui-5.18.3.jar, C:\Users\naidu\.m2\repository\org\webjars\webjars-locator-lite\1.1.0\webjars-locator-lite-1.1.0.jar, C:\Users\naidu\.m2\repository\org\jspecify\jspecify\1.0.0\jspecify-1.0.0.jar, C:\Users\naidu\.m2\repository\org\apache\commons\commons-lang3\3.12.0\commons-lang3-3.12.0.jar, C:\Users\naidu\.m2\repository\org\springframework\kafka\spring-kafka\3.3.7\spring-kafka-3.3.7.jar, C:\Users\naidu\.m2\repository\org\springframework\spring-context\6.2.8\spring-context-6.2.8.jar, C:\Users\naidu\.m2\repository\org\springframework\spring-messaging\6.2.8\spring-messaging-6.2.8.jar, C:\Users\naidu\.m2\repository\org\springframework\spring-tx\6.2.8\spring-tx-6.2.8.jar, C:\Users\naidu\.m2\repository\org\springframework\retry\spring-retry\2.0.12\spring-retry-2.0.12.jar, C:\Users\naidu\.m2\repository\org\apache\kafka\kafka-clients\3.9.1\kafka-clients-3.9.1.jar, C:\Users\naidu\.m2\repository\com\github\luben\zstd-jni\1.5.6-4\zstd-jni-1.5.6-4.jar, C:\Users\naidu\.m2\repository\org\lz4\lz4-java\1.8.0\lz4-java-1.8.0.jar, C:\Users\naidu\.m2\repository\org\xerial\snappy\snappy-java\1.1.10.5\snappy-java-1.1.10.5.jar, C:\Users\naidu\.m2\repository\org\springframework\boot\spring-boot-starter-cache\3.5.3\spring-boot-starter-cache-3.5.3.jar, C:\Users\naidu\.m2\repository\org\springframework\spring-context-support\6.2.8\spring-context-support-6.2.8.jar, C:\Users\naidu\.m2\repository\org\springframework\boot\spring-boot-starter-data-redis\3.5.3\spring-boot-starter-data-redis-3.5.3.jar, C:\Users\naidu\.m2\repository\io\lettuce\lettuce-core\6.6.0.RELEASE\lettuce-core-6.6.0.RELEASE.jar, C:\Users\naidu\.m2\repository\redis\clients\authentication\redis-authx-core\0.1.1-beta2\redis-authx-core-0.1.1-beta2.jar, C:\Users\naidu\.m2\repository\io\netty\netty-common\4.1.122.Final\netty-common-4.1.122.Final.jar, C:\Users\naidu\.m2\repository\io\netty\netty-handler\4.1.122.Final\netty-handler-4.1.122.Final.jar, C:\Users\naidu\.m2\repository\io\netty\netty-resolver\4.1.122.Final\netty-resolver-4.1.122.Final.jar, C:\Users\naidu\.m2\repository\io\netty\netty-buffer\4.1.122.Final\netty-buffer-4.1.122.Final.jar, C:\Users\naidu\.m2\repository\io\netty\netty-transport-native-unix-common\4.1.122.Final\netty-transport-native-unix-common-4.1.122.Final.jar, C:\Users\naidu\.m2\repository\io\netty\netty-codec\4.1.122.Final\netty-codec-4.1.122.Final.jar, C:\Users\naidu\.m2\repository\io\netty\netty-transport\4.1.122.Final\netty-transport-4.1.122.Final.jar, C:\Users\naidu\.m2\repository\io\projectreactor\reactor-core\3.7.7\reactor-core-3.7.7.jar, C:\Users\naidu\.m2\repository\org\reactivestreams\reactive-streams\1.0.4\reactive-streams-1.0.4.jar, C:\Users\naidu\.m2\repository\org\springframework\data\spring-data-redis\3.5.1\spring-data-redis-3.5.1.jar, C:\Users\naidu\.m2\repository\org\springframework\data\spring-data-keyvalue\3.5.1\spring-data-keyvalue-3.5.1.jar, C:\Users\naidu\.m2\repository\org\springframework\spring-oxm\6.2.8\spring-oxm-6.2.8.jar, C:\Users\naidu\.m2\repository\org\springframework\boot\spring-boot-starter-webflux\3.5.3\spring-boot-starter-webflux-3.5.3.jar, C:\Users\naidu\.m2\repository\org\springframework\boot\spring-boot-starter-reactor-netty\3.5.3\spring-boot-starter-reactor-netty-3.5.3.jar, C:\Users\naidu\.m2\repository\io\projectreactor\netty\reactor-netty-http\1.2.7\reactor-netty-http-1.2.7.jar, C:\Users\naidu\.m2\repository\io\netty\netty-codec-http\4.1.122.Final\netty-codec-http-4.1.122.Final.jar, C:\Users\naidu\.m2\repository\io\netty\netty-codec-http2\4.1.122.Final\netty-codec-http2-4.1.122.Final.jar, C:\Users\naidu\.m2\repository\io\netty\netty-resolver-dns\4.1.122.Final\netty-resolver-dns-4.1.122.Final.jar, C:\Users\naidu\.m2\repository\io\netty\netty-codec-dns\4.1.122.Final\netty-codec-dns-4.1.122.Final.jar, C:\Users\naidu\.m2\repository\io\netty\netty-resolver-dns-native-macos\4.1.122.Final\netty-resolver-dns-native-macos-4.1.122.Final-osx-x86_64.jar, C:\Users\naidu\.m2\repository\io\netty\netty-resolver-dns-classes-macos\4.1.122.Final\netty-resolver-dns-classes-macos-4.1.122.Final.jar, C:\Users\naidu\.m2\repository\io\netty\netty-transport-native-epoll\4.1.122.Final\netty-transport-native-epoll-4.1.122.Final-linux-x86_64.jar, C:\Users\naidu\.m2\repository\io\netty\netty-transport-classes-epoll\4.1.122.Final\netty-transport-classes-epoll-4.1.122.Final.jar, C:\Users\naidu\.m2\repository\io\projectreactor\netty\reactor-netty-core\1.2.7\reactor-netty-core-1.2.7.jar, C:\Users\naidu\.m2\repository\io\netty\netty-handler-proxy\4.1.122.Final\netty-handler-proxy-4.1.122.Final.jar, C:\Users\naidu\.m2\repository\io\netty\netty-codec-socks\4.1.122.Final\netty-codec-socks-4.1.122.Final.jar, C:\Users\naidu\.m2\repository\org\springframework\spring-webflux\6.2.8\spring-webflux-6.2.8.jar, C:\Users\naidu\.m2\repository\org\springframework\boot\spring-boot-starter-aop\3.5.3\spring-boot-starter-aop-3.5.3.jar, C:\Users\naidu\.m2\repository\org\springframework\spring-aop\6.2.8\spring-aop-6.2.8.jar, C:\Users\naidu\.m2\repository\org\aspectj\aspectjweaver\1.9.24\aspectjweaver-1.9.24.jar, C:\Users\naidu\.m2\repository\org\springframework\boot\spring-boot-starter-security\3.5.3\spring-boot-starter-security-3.5.3.jar, C:\Users\naidu\.m2\repository\org\springframework\security\spring-security-config\6.5.1\spring-security-config-6.5.1.jar, C:\Users\naidu\.m2\repository\org\springframework\security\spring-security-web\6.5.1\spring-security-web-6.5.1.jar, C:\Users\naidu\.m2\repository\io\jsonwebtoken\jjwt-api\0.11.5\jjwt-api-0.11.5.jar, C:\Users\naidu\.m2\repository\io\jsonwebtoken\jjwt-impl\0.11.5\jjwt-impl-0.11.5.jar, C:\Users\naidu\.m2\repository\io\jsonwebtoken\jjwt-jackson\0.11.5\jjwt-jackson-0.11.5.jar, C:\Users\naidu\.m2\repository\com\fasterxml\jackson\core\jackson-databind\2.19.1\jackson-databind-2.19.1.jar, C:\Users\naidu\.m2\repository\io\awspring\cloud\spring-cloud-aws-starter-s3\3.2.0\spring-cloud-aws-starter-s3-3.2.0.jar, C:\Users\naidu\.m2\repository\io\awspring\cloud\spring-cloud-aws-s3\3.2.0\spring-cloud-aws-s3-3.2.0.jar, C:\Users\naidu\.m2\repository\software\amazon\awssdk\s3\2.25.70\s3-2.25.70.jar, C:\Users\naidu\.m2\repository\software\amazon\awssdk\aws-xml-protocol\2.25.70\aws-xml-protocol-2.25.70.jar, C:\Users\naidu\.m2\repository\software\amazon\awssdk\aws-query-protocol\2.25.70\aws-query-protocol-2.25.70.jar, C:\Users\naidu\.m2\repository\software\amazon\awssdk\protocol-core\2.25.70\protocol-core-2.25.70.jar, C:\Users\naidu\.m2\repository\software\amazon\awssdk\arns\2.25.70\arns-2.25.70.jar, C:\Users\naidu\.m2\repository\software\amazon\awssdk\profiles\2.25.70\profiles-2.25.70.jar, C:\Users\naidu\.m2\repository\software\amazon\awssdk\crt-core\2.25.70\crt-core-2.25.70.jar, C:\Users\naidu\.m2\repository\software\amazon\awssdk\http-auth\2.25.70\http-auth-2.25.70.jar, C:\Users\naidu\.m2\repository\software\amazon\awssdk\identity-spi\2.25.70\identity-spi-2.25.70.jar, C:\Users\naidu\.m2\repository\software\amazon\awssdk\http-auth-spi\2.25.70\http-auth-spi-2.25.70.jar, C:\Users\naidu\.m2\repository\software\amazon\awssdk\http-auth-aws\2.25.70\http-auth-aws-2.25.70.jar, C:\Users\naidu\.m2\repository\software\amazon\awssdk\checksums\2.25.70\checksums-2.25.70.jar, C:\Users\naidu\.m2\repository\software\amazon\awssdk\checksums-spi\2.25.70\checksums-spi-2.25.70.jar, C:\Users\naidu\.m2\repository\software\amazon\awssdk\sdk-core\2.25.70\sdk-core-2.25.70.jar, C:\Users\naidu\.m2\repository\software\amazon\awssdk\auth\2.25.70\auth-2.25.70.jar, C:\Users\naidu\.m2\repository\software\amazon\eventstream\eventstream\1.0.1\eventstream-1.0.1.jar, C:\Users\naidu\.m2\repository\software\amazon\awssdk\http-client-spi\2.25.70\http-client-spi-2.25.70.jar, C:\Users\naidu\.m2\repository\software\amazon\awssdk\regions\2.25.70\regions-2.25.70.jar, C:\Users\naidu\.m2\repository\software\amazon\awssdk\annotations\2.25.70\annotations-2.25.70.jar, C:\Users\naidu\.m2\repository\software\amazon\awssdk\utils\2.25.70\utils-2.25.70.jar, C:\Users\naidu\.m2\repository\software\amazon\awssdk\aws-core\2.25.70\aws-core-2.25.70.jar, C:\Users\naidu\.m2\repository\software\amazon\awssdk\metrics-spi\2.25.70\metrics-spi-2.25.70.jar, C:\Users\naidu\.m2\repository\software\amazon\awssdk\json-utils\2.25.70\json-utils-2.25.70.jar, C:\Users\naidu\.m2\repository\software\amazon\awssdk\third-party-jackson-core\2.25.70\third-party-jackson-core-2.25.70.jar, C:\Users\naidu\.m2\repository\software\amazon\awssdk\endpoints-spi\2.25.70\endpoints-spi-2.25.70.jar, C:\Users\naidu\.m2\repository\software\amazon\awssdk\apache-client\2.25.70\apache-client-2.25.70.jar, C:\Users\naidu\.m2\repository\org\apache\httpcomponents\httpclient\4.5.13\httpclient-4.5.13.jar, C:\Users\naidu\.m2\repository\commons-logging\commons-logging\1.2\commons-logging-1.2.jar, C:\Users\naidu\.m2\repository\org\apache\httpcomponents\httpcore\4.4.16\httpcore-4.4.16.jar, C:\Users\naidu\.m2\repository\commons-codec\commons-codec\1.18.0\commons-codec-1.18.0.jar, C:\Users\naidu\.m2\repository\software\amazon\awssdk\netty-nio-client\2.25.70\netty-nio-client-2.25.70.jar, C:\Users\naidu\.m2\repository\io\awspring\cloud\spring-cloud-aws-starter\3.2.0\spring-cloud-aws-starter-3.2.0.jar, C:\Users\naidu\.m2\repository\io\awspring\cloud\spring-cloud-aws-autoconfigure\3.2.0\spring-cloud-aws-autoconfigure-3.2.0.jar, C:\Users\naidu\.m2\repository\io\awspring\cloud\spring-cloud-aws-core\3.2.0\spring-cloud-aws-core-3.2.0.jar, C:\Users\naidu\.m2\repository\org\slf4j\slf4j-api\2.0.17\slf4j-api-2.0.17.jar, C:\Users\naidu\.m2\repository\org\springframework\security\spring-security-test\6.5.1\spring-security-test-6.5.1.jar, C:\Users\naidu\.m2\repository\org\springframework\security\spring-security-core\6.5.1\spring-security-core-6.5.1.jar, C:\Users\naidu\.m2\repository\org\springframework\security\spring-security-crypto\6.5.1\spring-security-crypto-6.5.1.jar]
[DEBUG]   (f) useIncrementalCompilation = true
[DEBUG]   (f) useModulePath = true
[DEBUG]   (f) verbose = false
[DEBUG] -- end configuration --
[DEBUG] Using compiler 'javac'.
[DEBUG] Adding C:\Users\naidu\Downloads\ecommerce-api-spring-kafka-main\ecommerce-api-spring-kafka-main\target\generated-test-sources\test-annotations to test-compile source roots:
  C:\Users\naidu\Downloads\ecommerce-api-spring-kafka-main\ecommerce-api-spring-kafka-main\src\test\java
[DEBUG] New test-compile source roots:
  C:\Users\naidu\Downloads\ecommerce-api-spring-kafka-main\ecommerce-api-spring-kafka-main\src\test\java
  C:\Users\naidu\Downloads\ecommerce-api-spring-kafka-main\ecommerce-api-spring-kafka-main\target\generated-test-sources\test-annotations
[DEBUG] CompilerReuseStrategy: reuseCreated
[DEBUG] useIncrementalCompilation enabled
[INFO] 	New dependency detected: C:\Users\naidu\Downloads\ecommerce-api-spring-kafka-main\ecommerce-api-spring-kafka-main\target\classes\com\naidugudivada\ecommerce\config\S3Config.class
[INFO] 	Stale source detected: C:\Users\naidu\Downloads\ecommerce-api-spring-kafka-main\ecommerce-api-spring-kafka-main\src\test\java\com\naidugudivada\ecommerce\domain\customer\CustomerServiceTest.java
[INFO] 	Stale source detected: C:\Users\naidu\Downloads\ecommerce-api-spring-kafka-main\ecommerce-api-spring-kafka-main\src\test\java\com\naidugudivada\ecommerce\domain\order\OrderServiceTest.java
[INFO] 	Stale source detected: C:\Users\naidu\Downloads\ecommerce-api-spring-kafka-main\ecommerce-api-spring-kafka-main\src\test\java\com\naidugudivada\ecommerce\utils\TestConstants.java
[INFO] 	Stale source detected: C:\Users\naidu\Downloads\ecommerce-api-spring-kafka-main\ecommerce-api-spring-kafka-main\src\test\java\com\naidugudivada\ecommerce\controller\PaymentControllerTest.java
[INFO] 	Stale source detected: C:\Users\naidu\Downloads\ecommerce-api-spring-kafka-main\ecommerce-api-spring-kafka-main\src\test\java\com\naidugudivada\ecommerce\utils\ProductTestUtils.java
[INFO] 	Stale source detected: C:\Users\naidu\Downloads\ecommerce-api-spring-kafka-main\ecommerce-api-spring-kafka-main\src\test\java\com\naidugudivada\ecommerce\utils\CustomerTestUtils.java
[INFO] 	Stale source detected: C:\Users\naidu\Downloads\ecommerce-api-spring-kafka-main\ecommerce-api-spring-kafka-main\src\test\java\com\naidugudivada\ecommerce\utils\AddressTestUtils.java
[INFO] 	Stale source detected: C:\Users\naidu\Downloads\ecommerce-api-spring-kafka-main\ecommerce-api-spring-kafka-main\src\test\java\com\naidugudivada\ecommerce\utils\ShoppingCartTestUtils.java
[INFO] 	Stale source detected: C:\Users\naidu\Downloads\ecommerce-api-spring-kafka-main\ecommerce-api-spring-kafka-main\src\test\java\com\naidugudivada\ecommerce\controller\ShoppingCartControllerTest.java
[INFO] 	Stale source detected: C:\Users\naidu\Downloads\ecommerce-api-spring-kafka-main\ecommerce-api-spring-kafka-main\src\test\java\com\naidugudivada\ecommerce\controller\CustomerControllerTest.java
[INFO] 	Stale source detected: C:\Users\naidu\Downloads\ecommerce-api-spring-kafka-main\ecommerce-api-spring-kafka-main\src\test\java\com\naidugudivada\ecommerce\controller\OrderControllerTest.java
[INFO] 	Stale source detected: C:\Users\naidu\Downloads\ecommerce-api-spring-kafka-main\ecommerce-api-spring-kafka-main\src\test\java\com\naidugudivada\ecommerce\controller\ProductControllerTest.java
[INFO] 	Stale source detected: C:\Users\naidu\Downloads\ecommerce-api-spring-kafka-main\ecommerce-api-spring-kafka-main\src\test\java\com\naidugudivada\ecommerce\domain\product\ProductServiceTest.java
[INFO] 	Stale source detected: C:\Users\naidu\Downloads\ecommerce-api-spring-kafka-main\ecommerce-api-spring-kafka-main\src\test\java\com\naidugudivada\ecommerce\controller\AddressControllerTest.java
[INFO] 	Stale source detected: C:\Users\naidu\Downloads\ecommerce-api-spring-kafka-main\ecommerce-api-spring-kafka-main\src\test\java\com\naidugudivada\ecommerce\utils\OrderTestUtils.java
[INFO] 	Stale source detected: C:\Users\naidu\Downloads\ecommerce-api-spring-kafka-main\ecommerce-api-spring-kafka-main\src\test\java\com\naidugudivada\ecommerce\domain\shoppingcart\ShoppingCartServiceTest.java
[INFO] 	Stale source detected: C:\Users\naidu\Downloads\ecommerce-api-spring-kafka-main\ecommerce-api-spring-kafka-main\src\test\java\com\naidugudivada\ecommerce\domain\address\AddressServiceTest.java
[INFO] 	Input tree files (+): C:\Users\naidu\Downloads\ecommerce-api-spring-kafka-main\ecommerce-api-spring-kafka-main\src\test\java\com\naidugudivada\ecommerce\controller\AddressControllerTest.java
[INFO] 	Input tree files (+): C:\Users\naidu\Downloads\ecommerce-api-spring-kafka-main\ecommerce-api-spring-kafka-main\src\test\java\com\naidugudivada\ecommerce\controller\CustomerControllerTest.java
[INFO] 	Input tree files (+): C:\Users\naidu\Downloads\ecommerce-api-spring-kafka-main\ecommerce-api-spring-kafka-main\src\test\java\com\naidugudivada\ecommerce\controller\OrderControllerTest.java
[INFO] 	Input tree files (+): C:\Users\naidu\Downloads\ecommerce-api-spring-kafka-main\ecommerce-api-spring-kafka-main\src\test\java\com\naidugudivada\ecommerce\controller\PaymentControllerTest.java
[INFO] 	Input tree files (+): C:\Users\naidu\Downloads\ecommerce-api-spring-kafka-main\ecommerce-api-spring-kafka-main\src\test\java\com\naidugudivada\ecommerce\controller\ProductControllerTest.java
[INFO] 	Input tree files (+): C:\Users\naidu\Downloads\ecommerce-api-spring-kafka-main\ecommerce-api-spring-kafka-main\src\test\java\com\naidugudivada\ecommerce\controller\ShoppingCartControllerTest.java
[INFO] 	Input tree files (+): C:\Users\naidu\Downloads\ecommerce-api-spring-kafka-main\ecommerce-api-spring-kafka-main\src\test\java\com\naidugudivada\ecommerce\domain\address\AddressServiceTest.java
[INFO] 	Input tree files (+): C:\Users\naidu\Downloads\ecommerce-api-spring-kafka-main\ecommerce-api-spring-kafka-main\src\test\java\com\naidugudivada\ecommerce\domain\customer\CustomerServiceTest.java
[INFO] 	Input tree files (+): C:\Users\naidu\Downloads\ecommerce-api-spring-kafka-main\ecommerce-api-spring-kafka-main\src\test\java\com\naidugudivada\ecommerce\domain\order\OrderServiceTest.java
[INFO] 	Input tree files (+): C:\Users\naidu\Downloads\ecommerce-api-spring-kafka-main\ecommerce-api-spring-kafka-main\src\test\java\com\naidugudivada\ecommerce\domain\product\ProductServiceTest.java
[INFO] 	Input tree files (+): C:\Users\naidu\Downloads\ecommerce-api-spring-kafka-main\ecommerce-api-spring-kafka-main\src\test\java\com\naidugudivada\ecommerce\domain\shoppingcart\ShoppingCartServiceTest.java
[INFO] 	Input tree files (+): C:\Users\naidu\Downloads\ecommerce-api-spring-kafka-main\ecommerce-api-spring-kafka-main\src\test\java\com\naidugudivada\ecommerce\utils\AddressTestUtils.java
[INFO] 	Input tree files (+): C:\Users\naidu\Downloads\ecommerce-api-spring-kafka-main\ecommerce-api-spring-kafka-main\src\test\java\com\naidugudivada\ecommerce\utils\CustomerTestUtils.java
[INFO] 	Input tree files (+): C:\Users\naidu\Downloads\ecommerce-api-spring-kafka-main\ecommerce-api-spring-kafka-main\src\test\java\com\naidugudivada\ecommerce\utils\OrderTestUtils.java
[INFO] 	Input tree files (+): C:\Users\naidu\Downloads\ecommerce-api-spring-kafka-main\ecommerce-api-spring-kafka-main\src\test\java\com\naidugudivada\ecommerce\utils\ProductTestUtils.java
[INFO] 	Input tree files (+): C:\Users\naidu\Downloads\ecommerce-api-spring-kafka-main\ecommerce-api-spring-kafka-main\src\test\java\com\naidugudivada\ecommerce\utils\ShoppingCartTestUtils.java
[INFO] 	Input tree files (+): C:\Users\naidu\Downloads\ecommerce-api-spring-kafka-main\ecommerce-api-spring-kafka-main\src\test\java\com\naidugudivada\ecommerce\utils\TestConstants.java
[INFO] Recompiling the module because of changed dependency.
[DEBUG] Classpath:
[DEBUG]  C:\Users\naidu\Downloads\ecommerce-api-spring-kafka-main\ecommerce-api-spring-kafka-main\target\test-classes
[DEBUG]  C:\Users\naidu\Downloads\ecommerce-api-spring-kafka-main\ecommerce-api-spring-kafka-main\target\classes
[DEBUG]  C:\Users\naidu\.m2\repository\org\springframework\boot\spring-boot-starter-data-jpa\3.5.3\spring-boot-starter-data-jpa-3.5.3.jar
[DEBUG]  C:\Users\naidu\.m2\repository\org\springframework\boot\spring-boot-starter\3.5.3\spring-boot-starter-3.5.3.jar
[DEBUG]  C:\Users\naidu\.m2\repository\org\springframework\boot\spring-boot-starter-logging\3.5.3\spring-boot-starter-logging-3.5.3.jar
[DEBUG]  C:\Users\naidu\.m2\repository\ch\qos\logback\logback-classic\1.5.18\logback-classic-1.5.18.jar
[DEBUG]  C:\Users\naidu\.m2\repository\ch\qos\logback\logback-core\1.5.18\logback-core-1.5.18.jar
[DEBUG]  C:\Users\naidu\.m2\repository\org\apache\logging\log4j\log4j-to-slf4j\2.24.3\log4j-to-slf4j-2.24.3.jar
[DEBUG]  C:\Users\naidu\.m2\repository\org\apache\logging\log4j\log4j-api\2.24.3\log4j-api-2.24.3.jar
[DEBUG]  C:\Users\naidu\.m2\repository\org\slf4j\jul-to-slf4j\2.0.17\jul-to-slf4j-2.0.17.jar
[DEBUG]  C:\Users\naidu\.m2\repository\jakarta\annotation\jakarta.annotation-api\2.1.1\jakarta.annotation-api-2.1.1.jar
[DEBUG]  C:\Users\naidu\.m2\repository\org\yaml\snakeyaml\2.4\snakeyaml-2.4.jar
[DEBUG]  C:\Users\naidu\.m2\repository\org\springframework\boot\spring-boot-starter-jdbc\3.5.3\spring-boot-starter-jdbc-3.5.3.jar
[DEBUG]  C:\Users\naidu\.m2\repository\com\zaxxer\HikariCP\6.3.0\HikariCP-6.3.0.jar
[DEBUG]  C:\Users\naidu\.m2\repository\org\springframework\spring-jdbc\6.2.8\spring-jdbc-6.2.8.jar
[DEBUG]  C:\Users\naidu\.m2\repository\org\hibernate\orm\hibernate-core\6.6.18.Final\hibernate-core-6.6.18.Final.jar
[DEBUG]  C:\Users\naidu\.m2\repository\jakarta\persistence\jakarta.persistence-api\3.1.0\jakarta.persistence-api-3.1.0.jar
[DEBUG]  C:\Users\naidu\.m2\repository\jakarta\transaction\jakarta.transaction-api\2.0.1\jakarta.transaction-api-2.0.1.jar
[DEBUG]  C:\Users\naidu\.m2\repository\org\jboss\logging\jboss-logging\3.6.1.Final\jboss-logging-3.6.1.Final.jar
[DEBUG]  C:\Users\naidu\.m2\repository\org\hibernate\common\hibernate-commons-annotations\7.0.3.Final\hibernate-commons-annotations-7.0.3.Final.jar
[DEBUG]  C:\Users\naidu\.m2\repository\io\smallrye\jandex\3.2.0\jandex-3.2.0.jar
[DEBUG]  C:\Users\naidu\.m2\repository\com\fasterxml\classmate\1.7.0\classmate-1.7.0.jar
[DEBUG]  C:\Users\naidu\.m2\repository\net\bytebuddy\byte-buddy\1.17.6\byte-buddy-1.17.6.jar
[DEBUG]  C:\Users\naidu\.m2\repository\org\glassfish\jaxb\jaxb-runtime\4.0.5\jaxb-runtime-4.0.5.jar
[DEBUG]  C:\Users\naidu\.m2\repository\org\glassfish\jaxb\jaxb-core\4.0.5\jaxb-core-4.0.5.jar
[DEBUG]  C:\Users\naidu\.m2\repository\org\eclipse\angus\angus-activation\2.0.2\angus-activation-2.0.2.jar
[DEBUG]  C:\Users\naidu\.m2\repository\org\glassfish\jaxb\txw2\4.0.5\txw2-4.0.5.jar
[DEBUG]  C:\Users\naidu\.m2\repository\com\sun\istack\istack-commons-runtime\4.1.2\istack-commons-runtime-4.1.2.jar
[DEBUG]  C:\Users\naidu\.m2\repository\jakarta\inject\jakarta.inject-api\2.0.1\jakarta.inject-api-2.0.1.jar
[DEBUG]  C:\Users\naidu\.m2\repository\org\antlr\antlr4-runtime\4.13.0\antlr4-runtime-4.13.0.jar
[DEBUG]  C:\Users\naidu\.m2\repository\org\springframework\data\spring-data-jpa\3.5.1\spring-data-jpa-3.5.1.jar
[DEBUG]  C:\Users\naidu\.m2\repository\org\springframework\data\spring-data-commons\3.5.1\spring-data-commons-3.5.1.jar
[DEBUG]  C:\Users\naidu\.m2\repository\org\springframework\spring-orm\6.2.8\spring-orm-6.2.8.jar
[DEBUG]  C:\Users\naidu\.m2\repository\org\springframework\spring-beans\6.2.8\spring-beans-6.2.8.jar
[DEBUG]  C:\Users\naidu\.m2\repository\org\springframework\spring-aspects\6.2.8\spring-aspects-6.2.8.jar
[DEBUG]  C:\Users\naidu\.m2\repository\org\springframework\boot\spring-boot-starter-web\3.5.3\spring-boot-starter-web-3.5.3.jar
[DEBUG]  C:\Users\naidu\.m2\repository\org\springframework\boot\spring-boot-starter-json\3.5.3\spring-boot-starter-json-3.5.3.jar
[DEBUG]  C:\Users\naidu\.m2\repository\com\fasterxml\jackson\datatype\jackson-datatype-jdk8\2.19.1\jackson-datatype-jdk8-2.19.1.jar
[DEBUG]  C:\Users\naidu\.m2\repository\com\fasterxml\jackson\module\jackson-module-parameter-names\2.19.1\jackson-module-parameter-names-2.19.1.jar
[DEBUG]  C:\Users\naidu\.m2\repository\org\springframework\boot\spring-boot-starter-tomcat\3.5.3\spring-boot-starter-tomcat-3.5.3.jar
[DEBUG]  C:\Users\naidu\.m2\repository\org\apache\tomcat\embed\tomcat-embed-core\10.1.42\tomcat-embed-core-10.1.42.jar
[DEBUG]  C:\Users\naidu\.m2\repository\org\apache\tomcat\embed\tomcat-embed-websocket\10.1.42\tomcat-embed-websocket-10.1.42.jar
[DEBUG]  C:\Users\naidu\.m2\repository\org\springframework\spring-web\6.2.8\spring-web-6.2.8.jar
[DEBUG]  C:\Users\naidu\.m2\repository\org\springframework\spring-webmvc\6.2.8\spring-webmvc-6.2.8.jar
[DEBUG]  C:\Users\naidu\.m2\repository\org\springframework\spring-expression\6.2.8\spring-expression-6.2.8.jar
[DEBUG]  C:\Users\naidu\.m2\repository\org\springframework\boot\spring-boot-starter-actuator\3.5.3\spring-boot-starter-actuator-3.5.3.jar
[DEBUG]  C:\Users\naidu\.m2\repository\org\springframework\boot\spring-boot-actuator-autoconfigure\3.5.3\spring-boot-actuator-autoconfigure-3.5.3.jar
[DEBUG]  C:\Users\naidu\.m2\repository\org\springframework\boot\spring-boot-actuator\3.5.3\spring-boot-actuator-3.5.3.jar
[DEBUG]  C:\Users\naidu\.m2\repository\io\micrometer\micrometer-observation\1.15.1\micrometer-observation-1.15.1.jar
[DEBUG]  C:\Users\naidu\.m2\repository\io\micrometer\micrometer-commons\1.15.1\micrometer-commons-1.15.1.jar
[DEBUG]  C:\Users\naidu\.m2\repository\io\micrometer\micrometer-jakarta9\1.15.1\micrometer-jakarta9-1.15.1.jar
[DEBUG]  C:\Users\naidu\.m2\repository\io\micrometer\micrometer-core\1.15.1\micrometer-core-1.15.1.jar
[DEBUG]  C:\Users\naidu\.m2\repository\org\hdrhistogram\HdrHistogram\2.2.2\HdrHistogram-2.2.2.jar
[DEBUG]  C:\Users\naidu\.m2\repository\org\latencyutils\LatencyUtils\2.0.3\LatencyUtils-2.0.3.jar
[DEBUG]  C:\Users\naidu\.m2\repository\org\springframework\boot\spring-boot-devtools\3.5.3\spring-boot-devtools-3.5.3.jar
[DEBUG]  C:\Users\naidu\.m2\repository\org\springframework\boot\spring-boot\3.5.3\spring-boot-3.5.3.jar
[DEBUG]  C:\Users\naidu\.m2\repository\org\springframework\boot\spring-boot-autoconfigure\3.5.3\spring-boot-autoconfigure-3.5.3.jar
[DEBUG]  C:\Users\naidu\.m2\repository\org\postgresql\postgresql\42.7.7\postgresql-42.7.7.jar
[DEBUG]  C:\Users\naidu\.m2\repository\org\checkerframework\checker-qual\3.49.3\checker-qual-3.49.3.jar
[DEBUG]  C:\Users\naidu\.m2\repository\org\projectlombok\lombok\1.18.38\lombok-1.18.38.jar
[DEBUG]  C:\Users\naidu\.m2\repository\org\springframework\boot\spring-boot-starter-test\3.5.3\spring-boot-starter-test-3.5.3.jar
[DEBUG]  C:\Users\naidu\.m2\repository\org\springframework\boot\spring-boot-test\3.5.3\spring-boot-test-3.5.3.jar
[DEBUG]  C:\Users\naidu\.m2\repository\org\springframework\boot\spring-boot-test-autoconfigure\3.5.3\spring-boot-test-autoconfigure-3.5.3.jar
[DEBUG]  C:\Users\naidu\.m2\repository\com\jayway\jsonpath\json-path\2.9.0\json-path-2.9.0.jar
[DEBUG]  C:\Users\naidu\.m2\repository\jakarta\xml\bind\jakarta.xml.bind-api\4.0.2\jakarta.xml.bind-api-4.0.2.jar
[DEBUG]  C:\Users\naidu\.m2\repository\jakarta\activation\jakarta.activation-api\2.1.3\jakarta.activation-api-2.1.3.jar
[DEBUG]  C:\Users\naidu\.m2\repository\net\minidev\json-smart\2.5.2\json-smart-2.5.2.jar
[DEBUG]  C:\Users\naidu\.m2\repository\net\minidev\accessors-smart\2.5.2\accessors-smart-2.5.2.jar
[DEBUG]  C:\Users\naidu\.m2\repository\org\ow2\asm\asm\9.7.1\asm-9.7.1.jar
[DEBUG]  C:\Users\naidu\.m2\repository\org\assertj\assertj-core\3.27.3\assertj-core-3.27.3.jar
[DEBUG]  C:\Users\naidu\.m2\repository\org\awaitility\awaitility\4.2.2\awaitility-4.2.2.jar
[DEBUG]  C:\Users\naidu\.m2\repository\org\hamcrest\hamcrest\3.0\hamcrest-3.0.jar
[DEBUG]  C:\Users\naidu\.m2\repository\org\junit\jupiter\junit-jupiter\5.12.2\junit-jupiter-5.12.2.jar
[DEBUG]  C:\Users\naidu\.m2\repository\org\junit\jupiter\junit-jupiter-api\5.12.2\junit-jupiter-api-5.12.2.jar
[DEBUG]  C:\Users\naidu\.m2\repository\org\opentest4j\opentest4j\1.3.0\opentest4j-1.3.0.jar
[DEBUG]  C:\Users\naidu\.m2\repository\org\junit\platform\junit-platform-commons\1.12.2\junit-platform-commons-1.12.2.jar
[DEBUG]  C:\Users\naidu\.m2\repository\org\apiguardian\apiguardian-api\1.1.2\apiguardian-api-1.1.2.jar
[DEBUG]  C:\Users\naidu\.m2\repository\org\junit\jupiter\junit-jupiter-params\5.12.2\junit-jupiter-params-5.12.2.jar
[DEBUG]  C:\Users\naidu\.m2\repository\org\junit\jupiter\junit-jupiter-engine\5.12.2\junit-jupiter-engine-5.12.2.jar
[DEBUG]  C:\Users\naidu\.m2\repository\org\junit\platform\junit-platform-engine\1.12.2\junit-platform-engine-1.12.2.jar
[DEBUG]  C:\Users\naidu\.m2\repository\org\mockito\mockito-core\5.17.0\mockito-core-5.17.0.jar
[DEBUG]  C:\Users\naidu\.m2\repository\net\bytebuddy\byte-buddy-agent\1.17.6\byte-buddy-agent-1.17.6.jar
[DEBUG]  C:\Users\naidu\.m2\repository\org\objenesis\objenesis\3.3\objenesis-3.3.jar
[DEBUG]  C:\Users\naidu\.m2\repository\org\mockito\mockito-junit-jupiter\5.17.0\mockito-junit-jupiter-5.17.0.jar
[DEBUG]  C:\Users\naidu\.m2\repository\org\skyscreamer\jsonassert\1.5.3\jsonassert-1.5.3.jar
[DEBUG]  C:\Users\naidu\.m2\repository\com\vaadin\external\google\android-json\0.0.20131108.vaadin1\android-json-0.0.20131108.vaadin1.jar
[DEBUG]  C:\Users\naidu\.m2\repository\org\springframework\spring-core\6.2.8\spring-core-6.2.8.jar
[DEBUG]  C:\Users\naidu\.m2\repository\org\springframework\spring-jcl\6.2.8\spring-jcl-6.2.8.jar
[DEBUG]  C:\Users\naidu\.m2\repository\org\springframework\spring-test\6.2.8\spring-test-6.2.8.jar
[DEBUG]  C:\Users\naidu\.m2\repository\org\xmlunit\xmlunit-core\2.10.2\xmlunit-core-2.10.2.jar
[DEBUG]  C:\Users\naidu\.m2\repository\org\springframework\boot\spring-boot-starter-validation\3.5.3\spring-boot-starter-validation-3.5.3.jar
[DEBUG]  C:\Users\naidu\.m2\repository\org\apache\tomcat\embed\tomcat-embed-el\10.1.42\tomcat-embed-el-10.1.42.jar
[DEBUG]  C:\Users\naidu\.m2\repository\org\hibernate\validator\hibernate-validator\8.0.2.Final\hibernate-validator-8.0.2.Final.jar
[DEBUG]  C:\Users\naidu\.m2\repository\jakarta\validation\jakarta.validation-api\3.0.2\jakarta.validation-api-3.0.2.jar
[DEBUG]  C:\Users\naidu\.m2\repository\org\mapstruct\mapstruct\1.5.3.Final\mapstruct-1.5.3.Final.jar
[DEBUG]  C:\Users\naidu\.m2\repository\org\mapstruct\mapstruct-processor\1.5.3.Final\mapstruct-processor-1.5.3.Final.jar
[DEBUG]  C:\Users\naidu\.m2\repository\org\flywaydb\flyway-core\11.7.2\flyway-core-11.7.2.jar
[DEBUG]  C:\Users\naidu\.m2\repository\com\fasterxml\jackson\dataformat\jackson-dataformat-toml\2.19.1\jackson-dataformat-toml-2.19.1.jar
[DEBUG]  C:\Users\naidu\.m2\repository\com\fasterxml\jackson\core\jackson-core\2.19.1\jackson-core-2.19.1.jar
[DEBUG]  C:\Users\naidu\.m2\repository\com\fasterxml\jackson\datatype\jackson-datatype-jsr310\2.19.1\jackson-datatype-jsr310-2.19.1.jar
[DEBUG]  C:\Users\naidu\.m2\repository\com\fasterxml\jackson\core\jackson-annotations\2.19.1\jackson-annotations-2.19.1.jar
[DEBUG]  C:\Users\naidu\.m2\repository\org\flywaydb\flyway-database-postgresql\11.7.2\flyway-database-postgresql-11.7.2.jar
[DEBUG]  C:\Users\naidu\.m2\repository\org\springdoc\springdoc-openapi-starter-webmvc-ui\2.8.5\springdoc-openapi-starter-webmvc-ui-2.8.5.jar
[DEBUG]  C:\Users\naidu\.m2\repository\org\springdoc\springdoc-openapi-starter-webmvc-api\2.8.5\springdoc-openapi-starter-webmvc-api-2.8.5.jar
[DEBUG]  C:\Users\naidu\.m2\repository\org\springdoc\springdoc-openapi-starter-common\2.8.5\springdoc-openapi-starter-common-2.8.5.jar
[DEBUG]  C:\Users\naidu\.m2\repository\io\swagger\core\v3\swagger-core-jakarta\2.2.28\swagger-core-jakarta-2.2.28.jar
[DEBUG]  C:\Users\naidu\.m2\repository\io\swagger\core\v3\swagger-annotations-jakarta\2.2.28\swagger-annotations-jakarta-2.2.28.jar
[DEBUG]  C:\Users\naidu\.m2\repository\io\swagger\core\v3\swagger-models-jakarta\2.2.28\swagger-models-jakarta-2.2.28.jar
[DEBUG]  C:\Users\naidu\.m2\repository\com\fasterxml\jackson\dataformat\jackson-dataformat-yaml\2.19.1\jackson-dataformat-yaml-2.19.1.jar
[DEBUG]  C:\Users\naidu\.m2\repository\org\webjars\swagger-ui\5.18.3\swagger-ui-5.18.3.jar
[DEBUG]  C:\Users\naidu\.m2\repository\org\webjars\webjars-locator-lite\1.1.0\webjars-locator-lite-1.1.0.jar
[DEBUG]  C:\Users\naidu\.m2\repository\org\jspecify\jspecify\1.0.0\jspecify-1.0.0.jar
[DEBUG]  C:\Users\naidu\.m2\repository\org\apache\commons\commons-lang3\3.12.0\commons-lang3-3.12.0.jar
[DEBUG]  C:\Users\naidu\.m2\repository\org\springframework\kafka\spring-kafka\3.3.7\spring-kafka-3.3.7.jar
[DEBUG]  C:\Users\naidu\.m2\repository\org\springframework\spring-context\6.2.8\spring-context-6.2.8.jar
[DEBUG]  C:\Users\naidu\.m2\repository\org\springframework\spring-messaging\6.2.8\spring-messaging-6.2.8.jar
[DEBUG]  C:\Users\naidu\.m2\repository\org\springframework\spring-tx\6.2.8\spring-tx-6.2.8.jar
[DEBUG]  C:\Users\naidu\.m2\repository\org\springframework\retry\spring-retry\2.0.12\spring-retry-2.0.12.jar
[DEBUG]  C:\Users\naidu\.m2\repository\org\apache\kafka\kafka-clients\3.9.1\kafka-clients-3.9.1.jar
[DEBUG]  C:\Users\naidu\.m2\repository\com\github\luben\zstd-jni\1.5.6-4\zstd-jni-1.5.6-4.jar
[DEBUG]  C:\Users\naidu\.m2\repository\org\lz4\lz4-java\1.8.0\lz4-java-1.8.0.jar
[DEBUG]  C:\Users\naidu\.m2\repository\org\xerial\snappy\snappy-java\1.1.10.5\snappy-java-1.1.10.5.jar
[DEBUG]  C:\Users\naidu\.m2\repository\org\springframework\boot\spring-boot-starter-cache\3.5.3\spring-boot-starter-cache-3.5.3.jar
[DEBUG]  C:\Users\naidu\.m2\repository\org\springframework\spring-context-support\6.2.8\spring-context-support-6.2.8.jar
[DEBUG]  C:\Users\naidu\.m2\repository\org\springframework\boot\spring-boot-starter-data-redis\3.5.3\spring-boot-starter-data-redis-3.5.3.jar
[DEBUG]  C:\Users\naidu\.m2\repository\io\lettuce\lettuce-core\6.6.0.RELEASE\lettuce-core-6.6.0.RELEASE.jar
[DEBUG]  C:\Users\naidu\.m2\repository\redis\clients\authentication\redis-authx-core\0.1.1-beta2\redis-authx-core-0.1.1-beta2.jar
[DEBUG]  C:\Users\naidu\.m2\repository\io\netty\netty-common\4.1.122.Final\netty-common-4.1.122.Final.jar
[DEBUG]  C:\Users\naidu\.m2\repository\io\netty\netty-handler\4.1.122.Final\netty-handler-4.1.122.Final.jar
[DEBUG]  C:\Users\naidu\.m2\repository\io\netty\netty-resolver\4.1.122.Final\netty-resolver-4.1.122.Final.jar
[DEBUG]  C:\Users\naidu\.m2\repository\io\netty\netty-buffer\4.1.122.Final\netty-buffer-4.1.122.Final.jar
[DEBUG]  C:\Users\naidu\.m2\repository\io\netty\netty-transport-native-unix-common\4.1.122.Final\netty-transport-native-unix-common-4.1.122.Final.jar
[DEBUG]  C:\Users\naidu\.m2\repository\io\netty\netty-codec\4.1.122.Final\netty-codec-4.1.122.Final.jar
[DEBUG]  C:\Users\naidu\.m2\repository\io\netty\netty-transport\4.1.122.Final\netty-transport-4.1.122.Final.jar
[DEBUG]  C:\Users\naidu\.m2\repository\io\projectreactor\reactor-core\3.7.7\reactor-core-3.7.7.jar
[DEBUG]  C:\Users\naidu\.m2\repository\org\reactivestreams\reactive-streams\1.0.4\reactive-streams-1.0.4.jar
[DEBUG]  C:\Users\naidu\.m2\repository\org\springframework\data\spring-data-redis\3.5.1\spring-data-redis-3.5.1.jar
[DEBUG]  C:\Users\naidu\.m2\repository\org\springframework\data\spring-data-keyvalue\3.5.1\spring-data-keyvalue-3.5.1.jar
[DEBUG]  C:\Users\naidu\.m2\repository\org\springframework\spring-oxm\6.2.8\spring-oxm-6.2.8.jar
[DEBUG]  C:\Users\naidu\.m2\repository\org\springframework\boot\spring-boot-starter-webflux\3.5.3\spring-boot-starter-webflux-3.5.3.jar
[DEBUG]  C:\Users\naidu\.m2\repository\org\springframework\boot\spring-boot-starter-reactor-netty\3.5.3\spring-boot-starter-reactor-netty-3.5.3.jar
[DEBUG]  C:\Users\naidu\.m2\repository\io\projectreactor\netty\reactor-netty-http\1.2.7\reactor-netty-http-1.2.7.jar
[DEBUG]  C:\Users\naidu\.m2\repository\io\netty\netty-codec-http\4.1.122.Final\netty-codec-http-4.1.122.Final.jar
[DEBUG]  C:\Users\naidu\.m2\repository\io\netty\netty-codec-http2\4.1.122.Final\netty-codec-http2-4.1.122.Final.jar
[DEBUG]  C:\Users\naidu\.m2\repository\io\netty\netty-resolver-dns\4.1.122.Final\netty-resolver-dns-4.1.122.Final.jar
[DEBUG]  C:\Users\naidu\.m2\repository\io\netty\netty-codec-dns\4.1.122.Final\netty-codec-dns-4.1.122.Final.jar
[DEBUG]  C:\Users\naidu\.m2\repository\io\netty\netty-resolver-dns-native-macos\4.1.122.Final\netty-resolver-dns-native-macos-4.1.122.Final-osx-x86_64.jar
[DEBUG]  C:\Users\naidu\.m2\repository\io\netty\netty-resolver-dns-classes-macos\4.1.122.Final\netty-resolver-dns-classes-macos-4.1.122.Final.jar
[DEBUG]  C:\Users\naidu\.m2\repository\io\netty\netty-transport-native-epoll\4.1.122.Final\netty-transport-native-epoll-4.1.122.Final-linux-x86_64.jar
[DEBUG]  C:\Users\naidu\.m2\repository\io\netty\netty-transport-classes-epoll\4.1.122.Final\netty-transport-classes-epoll-4.1.122.Final.jar
[DEBUG]  C:\Users\naidu\.m2\repository\io\projectreactor\netty\reactor-netty-core\1.2.7\reactor-netty-core-1.2.7.jar
[DEBUG]  C:\Users\naidu\.m2\repository\io\netty\netty-handler-proxy\4.1.122.Final\netty-handler-proxy-4.1.122.Final.jar
[DEBUG]  C:\Users\naidu\.m2\repository\io\netty\netty-codec-socks\4.1.122.Final\netty-codec-socks-4.1.122.Final.jar
[DEBUG]  C:\Users\naidu\.m2\repository\org\springframework\spring-webflux\6.2.8\spring-webflux-6.2.8.jar
[DEBUG]  C:\Users\naidu\.m2\repository\org\springframework\boot\spring-boot-starter-aop\3.5.3\spring-boot-starter-aop-3.5.3.jar
[DEBUG]  C:\Users\naidu\.m2\repository\org\springframework\spring-aop\6.2.8\spring-aop-6.2.8.jar
[DEBUG]  C:\Users\naidu\.m2\repository\org\aspectj\aspectjweaver\1.9.24\aspectjweaver-1.9.24.jar
[DEBUG]  C:\Users\naidu\.m2\repository\org\springframework\boot\spring-boot-starter-security\3.5.3\spring-boot-starter-security-3.5.3.jar
[DEBUG]  C:\Users\naidu\.m2\repository\org\springframework\security\spring-security-config\6.5.1\spring-security-config-6.5.1.jar
[DEBUG]  C:\Users\naidu\.m2\repository\org\springframework\security\spring-security-web\6.5.1\spring-security-web-6.5.1.jar
[DEBUG]  C:\Users\naidu\.m2\repository\io\jsonwebtoken\jjwt-api\0.11.5\jjwt-api-0.11.5.jar
[DEBUG]  C:\Users\naidu\.m2\repository\io\jsonwebtoken\jjwt-impl\0.11.5\jjwt-impl-0.11.5.jar
[DEBUG]  C:\Users\naidu\.m2\repository\io\jsonwebtoken\jjwt-jackson\0.11.5\jjwt-jackson-0.11.5.jar
[DEBUG]  C:\Users\naidu\.m2\repository\com\fasterxml\jackson\core\jackson-databind\2.19.1\jackson-databind-2.19.1.jar
[DEBUG]  C:\Users\naidu\.m2\repository\io\awspring\cloud\spring-cloud-aws-starter-s3\3.2.0\spring-cloud-aws-starter-s3-3.2.0.jar
[DEBUG]  C:\Users\naidu\.m2\repository\io\awspring\cloud\spring-cloud-aws-s3\3.2.0\spring-cloud-aws-s3-3.2.0.jar
[DEBUG]  C:\Users\naidu\.m2\repository\software\amazon\awssdk\s3\2.25.70\s3-2.25.70.jar
[DEBUG]  C:\Users\naidu\.m2\repository\software\amazon\awssdk\aws-xml-protocol\2.25.70\aws-xml-protocol-2.25.70.jar
[DEBUG]  C:\Users\naidu\.m2\repository\software\amazon\awssdk\aws-query-protocol\2.25.70\aws-query-protocol-2.25.70.jar
[DEBUG]  C:\Users\naidu\.m2\repository\software\amazon\awssdk\protocol-core\2.25.70\protocol-core-2.25.70.jar
[DEBUG]  C:\Users\naidu\.m2\repository\software\amazon\awssdk\arns\2.25.70\arns-2.25.70.jar
[DEBUG]  C:\Users\naidu\.m2\repository\software\amazon\awssdk\profiles\2.25.70\profiles-2.25.70.jar
[DEBUG]  C:\Users\naidu\.m2\repository\software\amazon\awssdk\crt-core\2.25.70\crt-core-2.25.70.jar
[DEBUG]  C:\Users\naidu\.m2\repository\software\amazon\awssdk\http-auth\2.25.70\http-auth-2.25.70.jar
[DEBUG]  C:\Users\naidu\.m2\repository\software\amazon\awssdk\identity-spi\2.25.70\identity-spi-2.25.70.jar
[DEBUG]  C:\Users\naidu\.m2\repository\software\amazon\awssdk\http-auth-spi\2.25.70\http-auth-spi-2.25.70.jar
[DEBUG]  C:\Users\naidu\.m2\repository\software\amazon\awssdk\http-auth-aws\2.25.70\http-auth-aws-2.25.70.jar
[DEBUG]  C:\Users\naidu\.m2\repository\software\amazon\awssdk\checksums\2.25.70\checksums-2.25.70.jar
[DEBUG]  C:\Users\naidu\.m2\repository\software\amazon\awssdk\checksums-spi\2.25.70\checksums-spi-2.25.70.jar
[DEBUG]  C:\Users\naidu\.m2\repository\software\amazon\awssdk\sdk-core\2.25.70\sdk-core-2.25.70.jar
[DEBUG]  C:\Users\naidu\.m2\repository\software\amazon\awssdk\auth\2.25.70\auth-2.25.70.jar
[DEBUG]  C:\Users\naidu\.m2\repository\software\amazon\eventstream\eventstream\1.0.1\eventstream-1.0.1.jar
[DEBUG]  C:\Users\naidu\.m2\repository\software\amazon\awssdk\http-client-spi\2.25.70\http-client-spi-2.25.70.jar
[DEBUG]  C:\Users\naidu\.m2\repository\software\amazon\awssdk\regions\2.25.70\regions-2.25.70.jar
[DEBUG]  C:\Users\naidu\.m2\repository\software\amazon\awssdk\annotations\2.25.70\annotations-2.25.70.jar
[DEBUG]  C:\Users\naidu\.m2\repository\software\amazon\awssdk\utils\2.25.70\utils-2.25.70.jar
[DEBUG]  C:\Users\naidu\.m2\repository\software\amazon\awssdk\aws-core\2.25.70\aws-core-2.25.70.jar
[DEBUG]  C:\Users\naidu\.m2\repository\software\amazon\awssdk\metrics-spi\2.25.70\metrics-spi-2.25.70.jar
[DEBUG]  C:\Users\naidu\.m2\repository\software\amazon\awssdk\json-utils\2.25.70\json-utils-2.25.70.jar
[DEBUG]  C:\Users\naidu\.m2\repository\software\amazon\awssdk\third-party-jackson-core\2.25.70\third-party-jackson-core-2.25.70.jar
[DEBUG]  C:\Users\naidu\.m2\repository\software\amazon\awssdk\endpoints-spi\2.25.70\endpoints-spi-2.25.70.jar
[DEBUG]  C:\Users\naidu\.m2\repository\software\amazon\awssdk\apache-client\2.25.70\apache-client-2.25.70.jar
[DEBUG]  C:\Users\naidu\.m2\repository\org\apache\httpcomponents\httpclient\4.5.13\httpclient-4.5.13.jar
[DEBUG]  C:\Users\naidu\.m2\repository\commons-logging\commons-logging\1.2\commons-logging-1.2.jar
[DEBUG]  C:\Users\naidu\.m2\repository\org\apache\httpcomponents\httpcore\4.4.16\httpcore-4.4.16.jar
[DEBUG]  C:\Users\naidu\.m2\repository\commons-codec\commons-codec\1.18.0\commons-codec-1.18.0.jar
[DEBUG]  C:\Users\naidu\.m2\repository\software\amazon\awssdk\netty-nio-client\2.25.70\netty-nio-client-2.25.70.jar
[DEBUG]  C:\Users\naidu\.m2\repository\io\awspring\cloud\spring-cloud-aws-starter\3.2.0\spring-cloud-aws-starter-3.2.0.jar
[DEBUG]  C:\Users\naidu\.m2\repository\io\awspring\cloud\spring-cloud-aws-autoconfigure\3.2.0\spring-cloud-aws-autoconfigure-3.2.0.jar
[DEBUG]  C:\Users\naidu\.m2\repository\io\awspring\cloud\spring-cloud-aws-core\3.2.0\spring-cloud-aws-core-3.2.0.jar
[DEBUG]  C:\Users\naidu\.m2\repository\org\slf4j\slf4j-api\2.0.17\slf4j-api-2.0.17.jar
[DEBUG]  C:\Users\naidu\.m2\repository\org\springframework\security\spring-security-test\6.5.1\spring-security-test-6.5.1.jar
[DEBUG]  C:\Users\naidu\.m2\repository\org\springframework\security\spring-security-core\6.5.1\spring-security-core-6.5.1.jar
[DEBUG]  C:\Users\naidu\.m2\repository\org\springframework\security\spring-security-crypto\6.5.1\spring-security-crypto-6.5.1.jar
[DEBUG] Source roots:
[DEBUG]  C:\Users\naidu\Downloads\ecommerce-api-spring-kafka-main\ecommerce-api-spring-kafka-main\src\test\java
[DEBUG]  C:\Users\naidu\Downloads\ecommerce-api-spring-kafka-main\ecommerce-api-spring-kafka-main\target\generated-test-sources\test-annotations
[DEBUG] Command line options:
[DEBUG] -d C:\Users\naidu\Downloads\ecommerce-api-spring-kafka-main\ecommerce-api-spring-kafka-main\target\test-classes -classpath C:\Users\naidu\Downloads\ecommerce-api-spring-kafka-main\ecommerce-api-spring-kafka-main\target\test-classes;C:\Users\naidu\Downloads\ecommerce-api-spring-kafka-main\ecommerce-api-spring-kafka-main\target\classes;C:\Users\naidu\.m2\repository\org\springframework\boot\spring-boot-starter-data-jpa\3.5.3\spring-boot-starter-data-jpa-3.5.3.jar;C:\Users\naidu\.m2\repository\org\springframework\boot\spring-boot-starter\3.5.3\spring-boot-starter-3.5.3.jar;C:\Users\naidu\.m2\repository\org\springframework\boot\spring-boot-starter-logging\3.5.3\spring-boot-starter-logging-3.5.3.jar;C:\Users\naidu\.m2\repository\ch\qos\logback\logback-classic\1.5.18\logback-classic-1.5.18.jar;C:\Users\naidu\.m2\repository\ch\qos\logback\logback-core\1.5.18\logback-core-1.5.18.jar;C:\Users\naidu\.m2\repository\org\apache\logging\log4j\log4j-to-slf4j\2.24.3\log4j-to-slf4j-2.24.3.jar;C:\Users\naidu\.m2\repository\org\apache\logging\log4j\log4j-api\2.24.3\log4j-api-2.24.3.jar;C:\Users\naidu\.m2\repository\org\slf4j\jul-to-slf4j\2.0.17\jul-to-slf4j-2.0.17.jar;C:\Users\naidu\.m2\repository\jakarta\annotation\jakarta.annotation-api\2.1.1\jakarta.annotation-api-2.1.1.jar;C:\Users\naidu\.m2\repository\org\yaml\snakeyaml\2.4\snakeyaml-2.4.jar;C:\Users\naidu\.m2\repository\org\springframework\boot\spring-boot-starter-jdbc\3.5.3\spring-boot-starter-jdbc-3.5.3.jar;C:\Users\naidu\.m2\repository\com\zaxxer\HikariCP\6.3.0\HikariCP-6.3.0.jar;C:\Users\naidu\.m2\repository\org\springframework\spring-jdbc\6.2.8\spring-jdbc-6.2.8.jar;C:\Users\naidu\.m2\repository\org\hibernate\orm\hibernate-core\6.6.18.Final\hibernate-core-6.6.18.Final.jar;C:\Users\naidu\.m2\repository\jakarta\persistence\jakarta.persistence-api\3.1.0\jakarta.persistence-api-3.1.0.jar;C:\Users\naidu\.m2\repository\jakarta\transaction\jakarta.transaction-api\2.0.1\jakarta.transaction-api-2.0.1.jar;C:\Users\naidu\.m2\repository\org\jboss\logging\jboss-logging\3.6.1.Final\jboss-logging-3.6.1.Final.jar;C:\Users\naidu\.m2\repository\org\hibernate\common\hibernate-commons-annotations\7.0.3.Final\hibernate-commons-annotations-7.0.3.Final.jar;C:\Users\naidu\.m2\repository\io\smallrye\jandex\3.2.0\jandex-3.2.0.jar;C:\Users\naidu\.m2\repository\com\fasterxml\classmate\1.7.0\classmate-1.7.0.jar;C:\Users\naidu\.m2\repository\net\bytebuddy\byte-buddy\1.17.6\byte-buddy-1.17.6.jar;C:\Users\naidu\.m2\repository\org\glassfish\jaxb\jaxb-runtime\4.0.5\jaxb-runtime-4.0.5.jar;C:\Users\naidu\.m2\repository\org\glassfish\jaxb\jaxb-core\4.0.5\jaxb-core-4.0.5.jar;C:\Users\naidu\.m2\repository\org\eclipse\angus\angus-activation\2.0.2\angus-activation-2.0.2.jar;C:\Users\naidu\.m2\repository\org\glassfish\jaxb\txw2\4.0.5\txw2-4.0.5.jar;C:\Users\naidu\.m2\repository\com\sun\istack\istack-commons-runtime\4.1.2\istack-commons-runtime-4.1.2.jar;C:\Users\naidu\.m2\repository\jakarta\inject\jakarta.inject-api\2.0.1\jakarta.inject-api-2.0.1.jar;C:\Users\naidu\.m2\repository\org\antlr\antlr4-runtime\4.13.0\antlr4-runtime-4.13.0.jar;C:\Users\naidu\.m2\repository\org\springframework\data\spring-data-jpa\3.5.1\spring-data-jpa-3.5.1.jar;C:\Users\naidu\.m2\repository\org\springframework\data\spring-data-commons\3.5.1\spring-data-commons-3.5.1.jar;C:\Users\naidu\.m2\repository\org\springframework\spring-orm\6.2.8\spring-orm-6.2.8.jar;C:\Users\naidu\.m2\repository\org\springframework\spring-beans\6.2.8\spring-beans-6.2.8.jar;C:\Users\naidu\.m2\repository\org\springframework\spring-aspects\6.2.8\spring-aspects-6.2.8.jar;C:\Users\naidu\.m2\repository\org\springframework\boot\spring-boot-starter-web\3.5.3\spring-boot-starter-web-3.5.3.jar;C:\Users\naidu\.m2\repository\org\springframework\boot\spring-boot-starter-json\3.5.3\spring-boot-starter-json-3.5.3.jar;C:\Users\naidu\.m2\repository\com\fasterxml\jackson\datatype\jackson-datatype-jdk8\2.19.1\jackson-datatype-jdk8-2.19.1.jar;C:\Users\naidu\.m2\repository\com\fasterxml\jackson\module\jackson-module-parameter-names\2.19.1\jackson-module-parameter-names-2.19.1.jar;C:\Users\naidu\.m2\repository\org\springframework\boot\spring-boot-starter-tomcat\3.5.3\spring-boot-starter-tomcat-3.5.3.jar;C:\Users\naidu\.m2\repository\org\apache\tomcat\embed\tomcat-embed-core\10.1.42\tomcat-embed-core-10.1.42.jar;C:\Users\naidu\.m2\repository\org\apache\tomcat\embed\tomcat-embed-websocket\10.1.42\tomcat-embed-websocket-10.1.42.jar;C:\Users\naidu\.m2\repository\org\springframework\spring-web\6.2.8\spring-web-6.2.8.jar;C:\Users\naidu\.m2\repository\org\springframework\spring-webmvc\6.2.8\spring-webmvc-6.2.8.jar;C:\Users\naidu\.m2\repository\org\springframework\spring-expression\6.2.8\spring-expression-6.2.8.jar;C:\Users\naidu\.m2\repository\org\springframework\boot\spring-boot-starter-actuator\3.5.3\spring-boot-starter-actuator-3.5.3.jar;C:\Users\naidu\.m2\repository\org\springframework\boot\spring-boot-actuator-autoconfigure\3.5.3\spring-boot-actuator-autoconfigure-3.5.3.jar;C:\Users\naidu\.m2\repository\org\springframework\boot\spring-boot-actuator\3.5.3\spring-boot-actuator-3.5.3.jar;C:\Users\naidu\.m2\repository\io\micrometer\micrometer-observation\1.15.1\micrometer-observation-1.15.1.jar;C:\Users\naidu\.m2\repository\io\micrometer\micrometer-commons\1.15.1\micrometer-commons-1.15.1.jar;C:\Users\naidu\.m2\repository\io\micrometer\micrometer-jakarta9\1.15.1\micrometer-jakarta9-1.15.1.jar;C:\Users\naidu\.m2\repository\io\micrometer\micrometer-core\1.15.1\micrometer-core-1.15.1.jar;C:\Users\naidu\.m2\repository\org\hdrhistogram\HdrHistogram\2.2.2\HdrHistogram-2.2.2.jar;C:\Users\naidu\.m2\repository\org\latencyutils\LatencyUtils\2.0.3\LatencyUtils-2.0.3.jar;C:\Users\naidu\.m2\repository\org\springframework\boot\spring-boot-devtools\3.5.3\spring-boot-devtools-3.5.3.jar;C:\Users\naidu\.m2\repository\org\springframework\boot\spring-boot\3.5.3\spring-boot-3.5.3.jar;C:\Users\naidu\.m2\repository\org\springframework\boot\spring-boot-autoconfigure\3.5.3\spring-boot-autoconfigure-3.5.3.jar;C:\Users\naidu\.m2\repository\org\postgresql\postgresql\42.7.7\postgresql-42.7.7.jar;C:\Users\naidu\.m2\repository\org\checkerframework\checker-qual\3.49.3\checker-qual-3.49.3.jar;C:\Users\naidu\.m2\repository\org\projectlombok\lombok\1.18.38\lombok-1.18.38.jar;C:\Users\naidu\.m2\repository\org\springframework\boot\spring-boot-starter-test\3.5.3\spring-boot-starter-test-3.5.3.jar;C:\Users\naidu\.m2\repository\org\springframework\boot\spring-boot-test\3.5.3\spring-boot-test-3.5.3.jar;C:\Users\naidu\.m2\repository\org\springframework\boot\spring-boot-test-autoconfigure\3.5.3\spring-boot-test-autoconfigure-3.5.3.jar;C:\Users\naidu\.m2\repository\com\jayway\jsonpath\json-path\2.9.0\json-path-2.9.0.jar;C:\Users\naidu\.m2\repository\jakarta\xml\bind\jakarta.xml.bind-api\4.0.2\jakarta.xml.bind-api-4.0.2.jar;C:\Users\naidu\.m2\repository\jakarta\activation\jakarta.activation-api\2.1.3\jakarta.activation-api-2.1.3.jar;C:\Users\naidu\.m2\repository\net\minidev\json-smart\2.5.2\json-smart-2.5.2.jar;C:\Users\naidu\.m2\repository\net\minidev\accessors-smart\2.5.2\accessors-smart-2.5.2.jar;C:\Users\naidu\.m2\repository\org\ow2\asm\asm\9.7.1\asm-9.7.1.jar;C:\Users\naidu\.m2\repository\org\assertj\assertj-core\3.27.3\assertj-core-3.27.3.jar;C:\Users\naidu\.m2\repository\org\awaitility\awaitility\4.2.2\awaitility-4.2.2.jar;C:\Users\naidu\.m2\repository\org\hamcrest\hamcrest\3.0\hamcrest-3.0.jar;C:\Users\naidu\.m2\repository\org\junit\jupiter\junit-jupiter\5.12.2\junit-jupiter-5.12.2.jar;C:\Users\naidu\.m2\repository\org\junit\jupiter\junit-jupiter-api\5.12.2\junit-jupiter-api-5.12.2.jar;C:\Users\naidu\.m2\repository\org\opentest4j\opentest4j\1.3.0\opentest4j-1.3.0.jar;C:\Users\naidu\.m2\repository\org\junit\platform\junit-platform-commons\1.12.2\junit-platform-commons-1.12.2.jar;C:\Users\naidu\.m2\repository\org\apiguardian\apiguardian-api\1.1.2\apiguardian-api-1.1.2.jar;C:\Users\naidu\.m2\repository\org\junit\jupiter\junit-jupiter-params\5.12.2\junit-jupiter-params-5.12.2.jar;C:\Users\naidu\.m2\repository\org\junit\jupiter\junit-jupiter-engine\5.12.2\junit-jupiter-engine-5.12.2.jar;C:\Users\naidu\.m2\repository\org\junit\platform\junit-platform-engine\1.12.2\junit-platform-engine-1.12.2.jar;C:\Users\naidu\.m2\repository\org\mockito\mockito-core\5.17.0\mockito-core-5.17.0.jar;C:\Users\naidu\.m2\repository\net\bytebuddy\byte-buddy-agent\1.17.6\byte-buddy-agent-1.17.6.jar;C:\Users\naidu\.m2\repository\org\objenesis\objenesis\3.3\objenesis-3.3.jar;C:\Users\naidu\.m2\repository\org\mockito\mockito-junit-jupiter\5.17.0\mockito-junit-jupiter-5.17.0.jar;C:\Users\naidu\.m2\repository\org\skyscreamer\jsonassert\1.5.3\jsonassert-1.5.3.jar;C:\Users\naidu\.m2\repository\com\vaadin\external\google\android-json\0.0.20131108.vaadin1\android-json-0.0.20131108.vaadin1.jar;C:\Users\naidu\.m2\repository\org\springframework\spring-core\6.2.8\spring-core-6.2.8.jar;C:\Users\naidu\.m2\repository\org\springframework\spring-jcl\6.2.8\spring-jcl-6.2.8.jar;C:\Users\naidu\.m2\repository\org\springframework\spring-test\6.2.8\spring-test-6.2.8.jar;C:\Users\naidu\.m2\repository\org\xmlunit\xmlunit-core\2.10.2\xmlunit-core-2.10.2.jar;C:\Users\naidu\.m2\repository\org\springframework\boot\spring-boot-starter-validation\3.5.3\spring-boot-starter-validation-3.5.3.jar;C:\Users\naidu\.m2\repository\org\apache\tomcat\embed\tomcat-embed-el\10.1.42\tomcat-embed-el-10.1.42.jar;C:\Users\naidu\.m2\repository\org\hibernate\validator\hibernate-validator\8.0.2.Final\hibernate-validator-8.0.2.Final.jar;C:\Users\naidu\.m2\repository\jakarta\validation\jakarta.validation-api\3.0.2\jakarta.validation-api-3.0.2.jar;C:\Users\naidu\.m2\repository\org\mapstruct\mapstruct\1.5.3.Final\mapstruct-1.5.3.Final.jar;C:\Users\naidu\.m2\repository\org\mapstruct\mapstruct-processor\1.5.3.Final\mapstruct-processor-1.5.3.Final.jar;C:\Users\naidu\.m2\repository\org\flywaydb\flyway-core\11.7.2\flyway-core-11.7.2.jar;C:\Users\naidu\.m2\repository\com\fasterxml\jackson\dataformat\jackson-dataformat-toml\2.19.1\jackson-dataformat-toml-2.19.1.jar;C:\Users\naidu\.m2\repository\com\fasterxml\jackson\core\jackson-core\2.19.1\jackson-core-2.19.1.jar;C:\Users\naidu\.m2\repository\com\fasterxml\jackson\datatype\jackson-datatype-jsr310\2.19.1\jackson-datatype-jsr310-2.19.1.jar;C:\Users\naidu\.m2\repository\com\fasterxml\jackson\core\jackson-annotations\2.19.1\jackson-annotations-2.19.1.jar;C:\Users\naidu\.m2\repository\org\flywaydb\flyway-database-postgresql\11.7.2\flyway-database-postgresql-11.7.2.jar;C:\Users\naidu\.m2\repository\org\springdoc\springdoc-openapi-starter-webmvc-ui\2.8.5\springdoc-openapi-starter-webmvc-ui-2.8.5.jar;C:\Users\naidu\.m2\repository\org\springdoc\springdoc-openapi-starter-webmvc-api\2.8.5\springdoc-openapi-starter-webmvc-api-2.8.5.jar;C:\Users\naidu\.m2\repository\org\springdoc\springdoc-openapi-starter-common\2.8.5\springdoc-openapi-starter-common-2.8.5.jar;C:\Users\naidu\.m2\repository\io\swagger\core\v3\swagger-core-jakarta\2.2.28\swagger-core-jakarta-2.2.28.jar;C:\Users\naidu\.m2\repository\io\swagger\core\v3\swagger-annotations-jakarta\2.2.28\swagger-annotations-jakarta-2.2.28.jar;C:\Users\naidu\.m2\repository\io\swagger\core\v3\swagger-models-jakarta\2.2.28\swagger-models-jakarta-2.2.28.jar;C:\Users\naidu\.m2\repository\com\fasterxml\jackson\dataformat\jackson-dataformat-yaml\2.19.1\jackson-dataformat-yaml-2.19.1.jar;C:\Users\naidu\.m2\repository\org\webjars\swagger-ui\5.18.3\swagger-ui-5.18.3.jar;C:\Users\naidu\.m2\repository\org\webjars\webjars-locator-lite\1.1.0\webjars-locator-lite-1.1.0.jar;C:\Users\naidu\.m2\repository\org\jspecify\jspecify\1.0.0\jspecify-1.0.0.jar;C:\Users\naidu\.m2\repository\org\apache\commons\commons-lang3\3.12.0\commons-lang3-3.12.0.jar;C:\Users\naidu\.m2\repository\org\springframework\kafka\spring-kafka\3.3.7\spring-kafka-3.3.7.jar;C:\Users\naidu\.m2\repository\org\springframework\spring-context\6.2.8\spring-context-6.2.8.jar;C:\Users\naidu\.m2\repository\org\springframework\spring-messaging\6.2.8\spring-messaging-6.2.8.jar;C:\Users\naidu\.m2\repository\org\springframework\spring-tx\6.2.8\spring-tx-6.2.8.jar;C:\Users\naidu\.m2\repository\org\springframework\retry\spring-retry\2.0.12\spring-retry-2.0.12.jar;C:\Users\naidu\.m2\repository\org\apache\kafka\kafka-clients\3.9.1\kafka-clients-3.9.1.jar;C:\Users\naidu\.m2\repository\com\github\luben\zstd-jni\1.5.6-4\zstd-jni-1.5.6-4.jar;C:\Users\naidu\.m2\repository\org\lz4\lz4-java\1.8.0\lz4-java-1.8.0.jar;C:\Users\naidu\.m2\repository\org\xerial\snappy\snappy-java\1.1.10.5\snappy-java-1.1.10.5.jar;C:\Users\naidu\.m2\repository\org\springframework\boot\spring-boot-starter-cache\3.5.3\spring-boot-starter-cache-3.5.3.jar;C:\Users\naidu\.m2\repository\org\springframework\spring-context-support\6.2.8\spring-context-support-6.2.8.jar;C:\Users\naidu\.m2\repository\org\springframework\boot\spring-boot-starter-data-redis\3.5.3\spring-boot-starter-data-redis-3.5.3.jar;C:\Users\naidu\.m2\repository\io\lettuce\lettuce-core\6.6.0.RELEASE\lettuce-core-6.6.0.RELEASE.jar;C:\Users\naidu\.m2\repository\redis\clients\authentication\redis-authx-core\0.1.1-beta2\redis-authx-core-0.1.1-beta2.jar;C:\Users\naidu\.m2\repository\io\netty\netty-common\4.1.122.Final\netty-common-4.1.122.Final.jar;C:\Users\naidu\.m2\repository\io\netty\netty-handler\4.1.122.Final\netty-handler-4.1.122.Final.jar;C:\Users\naidu\.m2\repository\io\netty\netty-resolver\4.1.122.Final\netty-resolver-4.1.122.Final.jar;C:\Users\naidu\.m2\repository\io\netty\netty-buffer\4.1.122.Final\netty-buffer-4.1.122.Final.jar;C:\Users\naidu\.m2\repository\io\netty\netty-transport-native-unix-common\4.1.122.Final\netty-transport-native-unix-common-4.1.122.Final.jar;C:\Users\naidu\.m2\repository\io\netty\netty-codec\4.1.122.Final\netty-codec-4.1.122.Final.jar;C:\Users\naidu\.m2\repository\io\netty\netty-transport\4.1.122.Final\netty-transport-4.1.122.Final.jar;C:\Users\naidu\.m2\repository\io\projectreactor\reactor-core\3.7.7\reactor-core-3.7.7.jar;C:\Users\naidu\.m2\repository\org\reactivestreams\reactive-streams\1.0.4\reactive-streams-1.0.4.jar;C:\Users\naidu\.m2\repository\org\springframework\data\spring-data-redis\3.5.1\spring-data-redis-3.5.1.jar;C:\Users\naidu\.m2\repository\org\springframework\data\spring-data-keyvalue\3.5.1\spring-data-keyvalue-3.5.1.jar;C:\Users\naidu\.m2\repository\org\springframework\spring-oxm\6.2.8\spring-oxm-6.2.8.jar;C:\Users\naidu\.m2\repository\org\springframework\boot\spring-boot-starter-webflux\3.5.3\spring-boot-starter-webflux-3.5.3.jar;C:\Users\naidu\.m2\repository\org\springframework\boot\spring-boot-starter-reactor-netty\3.5.3\spring-boot-starter-reactor-netty-3.5.3.jar;C:\Users\naidu\.m2\repository\io\projectreactor\netty\reactor-netty-http\1.2.7\reactor-netty-http-1.2.7.jar;C:\Users\naidu\.m2\repository\io\netty\netty-codec-http\4.1.122.Final\netty-codec-http-4.1.122.Final.jar;C:\Users\naidu\.m2\repository\io\netty\netty-codec-http2\4.1.122.Final\netty-codec-http2-4.1.122.Final.jar;C:\Users\naidu\.m2\repository\io\netty\netty-resolver-dns\4.1.122.Final\netty-resolver-dns-4.1.122.Final.jar;C:\Users\naidu\.m2\repository\io\netty\netty-codec-dns\4.1.122.Final\netty-codec-dns-4.1.122.Final.jar;C:\Users\naidu\.m2\repository\io\netty\netty-resolver-dns-native-macos\4.1.122.Final\netty-resolver-dns-native-macos-4.1.122.Final-osx-x86_64.jar;C:\Users\naidu\.m2\repository\io\netty\netty-resolver-dns-classes-macos\4.1.122.Final\netty-resolver-dns-classes-macos-4.1.122.Final.jar;C:\Users\naidu\.m2\repository\io\netty\netty-transport-native-epoll\4.1.122.Final\netty-transport-native-epoll-4.1.122.Final-linux-x86_64.jar;C:\Users\naidu\.m2\repository\io\netty\netty-transport-classes-epoll\4.1.122.Final\netty-transport-classes-epoll-4.1.122.Final.jar;C:\Users\naidu\.m2\repository\io\projectreactor\netty\reactor-netty-core\1.2.7\reactor-netty-core-1.2.7.jar;C:\Users\naidu\.m2\repository\io\netty\netty-handler-proxy\4.1.122.Final\netty-handler-proxy-4.1.122.Final.jar;C:\Users\naidu\.m2\repository\io\netty\netty-codec-socks\4.1.122.Final\netty-codec-socks-4.1.122.Final.jar;C:\Users\naidu\.m2\repository\org\springframework\spring-webflux\6.2.8\spring-webflux-6.2.8.jar;C:\Users\naidu\.m2\repository\org\springframework\boot\spring-boot-starter-aop\3.5.3\spring-boot-starter-aop-3.5.3.jar;C:\Users\naidu\.m2\repository\org\springframework\spring-aop\6.2.8\spring-aop-6.2.8.jar;C:\Users\naidu\.m2\repository\org\aspectj\aspectjweaver\1.9.24\aspectjweaver-1.9.24.jar;C:\Users\naidu\.m2\repository\org\springframework\boot\spring-boot-starter-security\3.5.3\spring-boot-starter-security-3.5.3.jar;C:\Users\naidu\.m2\repository\org\springframework\security\spring-security-config\6.5.1\spring-security-config-6.5.1.jar;C:\Users\naidu\.m2\repository\org\springframework\security\spring-security-web\6.5.1\spring-security-web-6.5.1.jar;C:\Users\naidu\.m2\repository\io\jsonwebtoken\jjwt-api\0.11.5\jjwt-api-0.11.5.jar;C:\Users\naidu\.m2\repository\io\jsonwebtoken\jjwt-impl\0.11.5\jjwt-impl-0.11.5.jar;C:\Users\naidu\.m2\repository\io\jsonwebtoken\jjwt-jackson\0.11.5\jjwt-jackson-0.11.5.jar;C:\Users\naidu\.m2\repository\com\fasterxml\jackson\core\jackson-databind\2.19.1\jackson-databind-2.19.1.jar;C:\Users\naidu\.m2\repository\io\awspring\cloud\spring-cloud-aws-starter-s3\3.2.0\spring-cloud-aws-starter-s3-3.2.0.jar;C:\Users\naidu\.m2\repository\io\awspring\cloud\spring-cloud-aws-s3\3.2.0\spring-cloud-aws-s3-3.2.0.jar;C:\Users\naidu\.m2\repository\software\amazon\awssdk\s3\2.25.70\s3-2.25.70.jar;C:\Users\naidu\.m2\repository\software\amazon\awssdk\aws-xml-protocol\2.25.70\aws-xml-protocol-2.25.70.jar;C:\Users\naidu\.m2\repository\software\amazon\awssdk\aws-query-protocol\2.25.70\aws-query-protocol-2.25.70.jar;C:\Users\naidu\.m2\repository\software\amazon\awssdk\protocol-core\2.25.70\protocol-core-2.25.70.jar;C:\Users\naidu\.m2\repository\software\amazon\awssdk\arns\2.25.70\arns-2.25.70.jar;C:\Users\naidu\.m2\repository\software\amazon\awssdk\profiles\2.25.70\profiles-2.25.70.jar;C:\Users\naidu\.m2\repository\software\amazon\awssdk\crt-core\2.25.70\crt-core-2.25.70.jar;C:\Users\naidu\.m2\repository\software\amazon\awssdk\http-auth\2.25.70\http-auth-2.25.70.jar;C:\Users\naidu\.m2\repository\software\amazon\awssdk\identity-spi\2.25.70\identity-spi-2.25.70.jar;C:\Users\naidu\.m2\repository\software\amazon\awssdk\http-auth-spi\2.25.70\http-auth-spi-2.25.70.jar;C:\Users\naidu\.m2\repository\software\amazon\awssdk\http-auth-aws\2.25.70\http-auth-aws-2.25.70.jar;C:\Users\naidu\.m2\repository\software\amazon\awssdk\checksums\2.25.70\checksums-2.25.70.jar;C:\Users\naidu\.m2\repository\software\amazon\awssdk\checksums-spi\2.25.70\checksums-spi-2.25.70.jar;C:\Users\naidu\.m2\repository\software\amazon\awssdk\sdk-core\2.25.70\sdk-core-2.25.70.jar;C:\Users\naidu\.m2\repository\software\amazon\awssdk\auth\2.25.70\auth-2.25.70.jar;C:\Users\naidu\.m2\repository\software\amazon\eventstream\eventstream\1.0.1\eventstream-1.0.1.jar;C:\Users\naidu\.m2\repository\software\amazon\awssdk\http-client-spi\2.25.70\http-client-spi-2.25.70.jar;C:\Users\naidu\.m2\repository\software\amazon\awssdk\regions\2.25.70\regions-2.25.70.jar;C:\Users\naidu\.m2\repository\software\amazon\awssdk\annotations\2.25.70\annotations-2.25.70.jar;C:\Users\naidu\.m2\repository\software\amazon\awssdk\utils\2.25.70\utils-2.25.70.jar;C:\Users\naidu\.m2\repository\software\amazon\awssdk\aws-core\2.25.70\aws-core-2.25.70.jar;C:\Users\naidu\.m2\repository\software\amazon\awssdk\metrics-spi\2.25.70\metrics-spi-2.25.70.jar;C:\Users\naidu\.m2\repository\software\amazon\awssdk\json-utils\2.25.70\json-utils-2.25.70.jar;C:\Users\naidu\.m2\repository\software\amazon\awssdk\third-party-jackson-core\2.25.70\third-party-jackson-core-2.25.70.jar;C:\Users\naidu\.m2\repository\software\amazon\awssdk\endpoints-spi\2.25.70\endpoints-spi-2.25.70.jar;C:\Users\naidu\.m2\repository\software\amazon\awssdk\apache-client\2.25.70\apache-client-2.25.70.jar;C:\Users\naidu\.m2\repository\org\apache\httpcomponents\httpclient\4.5.13\httpclient-4.5.13.jar;C:\Users\naidu\.m2\repository\commons-logging\commons-logging\1.2\commons-logging-1.2.jar;C:\Users\naidu\.m2\repository\org\apache\httpcomponents\httpcore\4.4.16\httpcore-4.4.16.jar;C:\Users\naidu\.m2\repository\commons-codec\commons-codec\1.18.0\commons-codec-1.18.0.jar;C:\Users\naidu\.m2\repository\software\amazon\awssdk\netty-nio-client\2.25.70\netty-nio-client-2.25.70.jar;C:\Users\naidu\.m2\repository\io\awspring\cloud\spring-cloud-aws-starter\3.2.0\spring-cloud-aws-starter-3.2.0.jar;C:\Users\naidu\.m2\repository\io\awspring\cloud\spring-cloud-aws-autoconfigure\3.2.0\spring-cloud-aws-autoconfigure-3.2.0.jar;C:\Users\naidu\.m2\repository\io\awspring\cloud\spring-cloud-aws-core\3.2.0\spring-cloud-aws-core-3.2.0.jar;C:\Users\naidu\.m2\repository\org\slf4j\slf4j-api\2.0.17\slf4j-api-2.0.17.jar;C:\Users\naidu\.m2\repository\org\springframework\security\spring-security-test\6.5.1\spring-security-test-6.5.1.jar;C:\Users\naidu\.m2\repository\org\springframework\security\spring-security-core\6.5.1\spring-security-core-6.5.1.jar;C:\Users\naidu\.m2\repository\org\springframework\security\spring-security-crypto\6.5.1\spring-security-crypto-6.5.1.jar; -sourcepath C:\Users\naidu\Downloads\ecommerce-api-spring-kafka-main\ecommerce-api-spring-kafka-main\src\test\java;C:\Users\naidu\Downloads\ecommerce-api-spring-kafka-main\ecommerce-api-spring-kafka-main\target\generated-test-sources\test-annotations; -s C:\Users\naidu\Downloads\ecommerce-api-spring-kafka-main\ecommerce-api-spring-kafka-main\target\generated-test-sources\test-annotations -g -parameters --release 17 -encoding UTF-8 -XDuseUnsharedTable=true
[DEBUG] incrementalBuildHelper#beforeRebuildExecution
[INFO] Compiling 17 source files with javac [debug parameters release 17] to target\test-classes
[DEBUG] incrementalBuildHelper#afterRebuildExecution
[INFO] -------------------------------------------------------------
[ERROR] COMPILATION ERROR : 
[INFO] -------------------------------------------------------------
[ERROR] /C:/Users/naidu/Downloads/ecommerce-api-spring-kafka-main/ecommerce-api-spring-kafka-main/src/test/java/com/naidugudivada/ecommerce/utils/ProductTestUtils.java:[34,16] constructor ProductResponseDTO in record com.naidugudivada.ecommerce.domain.product.dto.ProductResponseDTO cannot be applied to given types;
  required: java.util.UUID,java.lang.String,java.lang.String,java.lang.String,java.lang.String,java.math.BigDecimal,java.math.BigDecimal,java.lang.Integer,java.lang.Integer,java.lang.Double,java.lang.Integer,java.lang.String,java.time.LocalDateTime,java.time.LocalDateTime
  found:    java.util.UUID,java.lang.String,java.lang.String,java.lang.String,java.lang.String,java.math.BigDecimal,java.math.BigDecimal,java.lang.Integer,java.lang.Integer,java.lang.Double,java.lang.Integer,java.time.LocalDateTime,java.time.LocalDateTime
  reason: actual and formal argument lists differ in length
[ERROR] /C:/Users/naidu/Downloads/ecommerce-api-spring-kafka-main/ecommerce-api-spring-kafka-main/src/test/java/com/naidugudivada/ecommerce/utils/ProductTestUtils.java:[52,16] constructor ProductRequestDTO in record com.naidugudivada.ecommerce.domain.product.dto.ProductRequestDTO cannot be applied to given types;
  required: java.lang.String,java.lang.String,java.lang.String,java.lang.String,java.math.BigDecimal,java.math.BigDecimal,java.lang.Integer,java.lang.Integer,java.lang.Boolean,java.lang.String
  found:    java.lang.String,java.lang.String,java.lang.String,java.lang.String,java.math.BigDecimal,java.math.BigDecimal,java.lang.Integer,java.lang.Integer,java.lang.Boolean
  reason: actual and formal argument lists differ in length
[ERROR] /C:/Users/naidu/Downloads/ecommerce-api-spring-kafka-main/ecommerce-api-spring-kafka-main/src/test/java/com/naidugudivada/ecommerce/utils/ProductTestUtils.java:[66,16] constructor ProductRequestDTO in record com.naidugudivada.ecommerce.domain.product.dto.ProductRequestDTO cannot be applied to given types;
  required: java.lang.String,java.lang.String,java.lang.String,java.lang.String,java.math.BigDecimal,java.math.BigDecimal,java.lang.Integer,java.lang.Integer,java.lang.Boolean,java.lang.String
  found:    java.lang.String,java.lang.String,java.lang.String,java.lang.String,java.math.BigDecimal,java.math.BigDecimal,java.lang.Integer,java.lang.Integer,java.lang.Boolean
  reason: actual and formal argument lists differ in length
[ERROR] /C:/Users/naidu/Downloads/ecommerce-api-spring-kafka-main/ecommerce-api-spring-kafka-main/src/test/java/com/naidugudivada/ecommerce/utils/ProductTestUtils.java:[80,16] constructor ProductRequestDTO in record com.naidugudivada.ecommerce.domain.product.dto.ProductRequestDTO cannot be applied to given types;
  required: java.lang.String,java.lang.String,java.lang.String,java.lang.String,java.math.BigDecimal,java.math.BigDecimal,java.lang.Integer,java.lang.Integer,java.lang.Boolean,java.lang.String
  found:    java.lang.String,java.lang.String,java.lang.String,java.lang.String,java.math.BigDecimal,java.math.BigDecimal,java.lang.Integer,java.lang.Integer,java.lang.Boolean
  reason: actual and formal argument lists differ in length
[INFO] 4 errors 
[INFO] -------------------------------------------------------------
[INFO] ------------------------------------------------------------------------
[INFO] BUILD FAILURE
[INFO] ------------------------------------------------------------------------
[INFO] Total time:  23.310 s
[INFO] Finished at: 2026-02-21T03:46:15-06:00
[INFO] ------------------------------------------------------------------------
[ERROR] Failed to execute goal org.apache.maven.plugins:maven-compiler-plugin:3.14.0:testCompile (default-testCompile) on project ecommerce-extension: Compilation failure: Compilation failure: 
[ERROR] /C:/Users/naidu/Downloads/ecommerce-api-spring-kafka-main/ecommerce-api-spring-kafka-main/src/test/java/com/naidugudivada/ecommerce/utils/ProductTestUtils.java:[34,16] constructor ProductResponseDTO in record com.naidugudivada.ecommerce.domain.product.dto.ProductResponseDTO cannot be applied to given types;
[ERROR]   required: java.util.UUID,java.lang.String,java.lang.String,java.lang.String,java.lang.String,java.math.BigDecimal,java.math.BigDecimal,java.lang.Integer,java.lang.Integer,java.lang.Double,java.lang.Integer,java.lang.String,java.time.LocalDateTime,java.time.LocalDateTime
[ERROR]   found:    java.util.UUID,java.lang.String,java.lang.String,java.lang.String,java.lang.String,java.math.BigDecimal,java.math.BigDecimal,java.lang.Integer,java.lang.Integer,java.lang.Double,java.lang.Integer,java.time.LocalDateTime,java.time.LocalDateTime
[ERROR]   reason: actual and formal argument lists differ in length
[ERROR] /C:/Users/naidu/Downloads/ecommerce-api-spring-kafka-main/ecommerce-api-spring-kafka-main/src/test/java/com/naidugudivada/ecommerce/utils/ProductTestUtils.java:[52,16] constructor ProductRequestDTO in record com.naidugudivada.ecommerce.domain.product.dto.ProductRequestDTO cannot be applied to given types;
[ERROR]   required: java.lang.String,java.lang.String,java.lang.String,java.lang.String,java.math.BigDecimal,java.math.BigDecimal,java.lang.Integer,java.lang.Integer,java.lang.Boolean,java.lang.String
[ERROR]   found:    java.lang.String,java.lang.String,java.lang.String,java.lang.String,java.math.BigDecimal,java.math.BigDecimal,java.lang.Integer,java.lang.Integer,java.lang.Boolean
[ERROR]   reason: actual and formal argument lists differ in length
[ERROR] /C:/Users/naidu/Downloads/ecommerce-api-spring-kafka-main/ecommerce-api-spring-kafka-main/src/test/java/com/naidugudivada/ecommerce/utils/ProductTestUtils.java:[66,16] constructor ProductRequestDTO in record com.naidugudivada.ecommerce.domain.product.dto.ProductRequestDTO cannot be applied to given types;
[ERROR]   required: java.lang.String,java.lang.String,java.lang.String,java.lang.String,java.math.BigDecimal,java.math.BigDecimal,java.lang.Integer,java.lang.Integer,java.lang.Boolean,java.lang.String
[ERROR]   found:    java.lang.String,java.lang.String,java.lang.String,java.lang.String,java.math.BigDecimal,java.math.BigDecimal,java.lang.Integer,java.lang.Integer,java.lang.Boolean
[ERROR]   reason: actual and formal argument lists differ in length
[ERROR] /C:/Users/naidu/Downloads/ecommerce-api-spring-kafka-main/ecommerce-api-spring-kafka-main/src/test/java/com/naidugudivada/ecommerce/utils/ProductTestUtils.java:[80,16] constructor ProductRequestDTO in record com.naidugudivada.ecommerce.domain.product.dto.ProductRequestDTO cannot be applied to given types;
[ERROR]   required: java.lang.String,java.lang.String,java.lang.String,java.lang.String,java.math.BigDecimal,java.math.BigDecimal,java.lang.Integer,java.lang.Integer,java.lang.Boolean,java.lang.String
[ERROR]   found:    java.lang.String,java.lang.String,java.lang.String,java.lang.String,java.math.BigDecimal,java.math.BigDecimal,java.lang.Integer,java.lang.Integer,java.lang.Boolean
[ERROR]   reason: actual and formal argument lists differ in length
[ERROR] -> [Help 1]
org.apache.maven.lifecycle.LifecycleExecutionException: Failed to execute goal org.apache.maven.plugins:maven-compiler-plugin:3.14.0:testCompile (default-testCompile) on project ecommerce-extension: Compilation failure
    at org.apache.maven.lifecycle.internal.MojoExecutor.doExecute2 (MojoExecutor.java:333)
    at org.apache.maven.lifecycle.internal.MojoExecutor.doExecute (MojoExecutor.java:316)
    at org.apache.maven.lifecycle.internal.MojoExecutor.execute (MojoExecutor.java:212)
    at org.apache.maven.lifecycle.internal.MojoExecutor.execute (MojoExecutor.java:174)
    at org.apache.maven.lifecycle.internal.MojoExecutor.access$000 (MojoExecutor.java:75)
    at org.apache.maven.lifecycle.internal.MojoExecutor$1.run (MojoExecutor.java:162)
    at org.apache.maven.plugin.DefaultMojosExecutionStrategy.execute (DefaultMojosExecutionStrategy.java:39)
    at org.apache.maven.lifecycle.internal.MojoExecutor.execute (MojoExecutor.java:159)
    at org.apache.maven.lifecycle.internal.LifecycleModuleBuilder.buildProject (LifecycleModuleBuilder.java:105)
    at org.apache.maven.lifecycle.internal.LifecycleModuleBuilder.buildProject (LifecycleModuleBuilder.java:73)
    at org.apache.maven.lifecycle.internal.builder.singlethreaded.SingleThreadedBuilder.build (SingleThreadedBuilder.java:53)
    at org.apache.maven.lifecycle.internal.LifecycleStarter.execute (LifecycleStarter.java:118)
    at org.apache.maven.DefaultMaven.doExecute (DefaultMaven.java:261)
    at org.apache.maven.DefaultMaven.doExecute (DefaultMaven.java:173)
    at org.apache.maven.DefaultMaven.execute (DefaultMaven.java:101)
    at org.apache.maven.cli.MavenCli.execute (MavenCli.java:906)
    at org.apache.maven.cli.MavenCli.doMain (MavenCli.java:283)
    at org.apache.maven.cli.MavenCli.main (MavenCli.java:206)
    at jdk.internal.reflect.NativeMethodAccessorImpl.invoke0 (Native Method)
    at jdk.internal.reflect.NativeMethodAccessorImpl.invoke (NativeMethodAccessorImpl.java:77)
    at jdk.internal.reflect.DelegatingMethodAccessorImpl.invoke (DelegatingMethodAccessorImpl.java:43)
    at java.lang.reflect.Method.invoke (Method.java:569)
    at org.codehaus.plexus.classworlds.launcher.Launcher.launchEnhanced (Launcher.java:283)
    at org.codehaus.plexus.classworlds.launcher.Launcher.launch (Launcher.java:226)
    at org.codehaus.plexus.classworlds.launcher.Launcher.mainWithExitCode (Launcher.java:407)
    at org.codehaus.plexus.classworlds.launcher.Launcher.main (Launcher.java:348)
    at jdk.internal.reflect.NativeMethodAccessorImpl.invoke0 (Native Method)
    at jdk.internal.reflect.NativeMethodAccessorImpl.invoke (NativeMethodAccessorImpl.java:77)
    at jdk.internal.reflect.DelegatingMethodAccessorImpl.invoke (DelegatingMethodAccessorImpl.java:43)
    at java.lang.reflect.Method.invoke (Method.java:569)
    at org.apache.maven.wrapper.BootstrapMainStarter.start (BootstrapMainStarter.java:52)
    at org.apache.maven.wrapper.WrapperExecutor.execute (WrapperExecutor.java:161)
    at org.apache.maven.wrapper.MavenWrapperMain.main (MavenWrapperMain.java:73)
Caused by: org.apache.maven.plugin.compiler.CompilationFailureException: Compilation failure
    at org.apache.maven.plugin.compiler.AbstractCompilerMojo.execute (AbstractCompilerMojo.java:1309)
    at org.apache.maven.plugin.compiler.TestCompilerMojo.execute (TestCompilerMojo.java:208)
    at org.apache.maven.plugin.DefaultBuildPluginManager.executeMojo (DefaultBuildPluginManager.java:126)
    at org.apache.maven.lifecycle.internal.MojoExecutor.doExecute2 (MojoExecutor.java:328)
    at org.apache.maven.lifecycle.internal.MojoExecutor.doExecute (MojoExecutor.java:316)
    at org.apache.maven.lifecycle.internal.MojoExecutor.execute (MojoExecutor.java:212)
    at org.apache.maven.lifecycle.internal.MojoExecutor.execute (MojoExecutor.java:174)
    at org.apache.maven.lifecycle.internal.MojoExecutor.access$000 (MojoExecutor.java:75)
    at org.apache.maven.lifecycle.internal.MojoExecutor$1.run (MojoExecutor.java:162)
    at org.apache.maven.plugin.DefaultMojosExecutionStrategy.execute (DefaultMojosExecutionStrategy.java:39)
    at org.apache.maven.lifecycle.internal.MojoExecutor.execute (MojoExecutor.java:159)
    at org.apache.maven.lifecycle.internal.LifecycleModuleBuilder.buildProject (LifecycleModuleBuilder.java:105)
    at org.apache.maven.lifecycle.internal.LifecycleModuleBuilder.buildProject (LifecycleModuleBuilder.java:73)
    at org.apache.maven.lifecycle.internal.builder.singlethreaded.SingleThreadedBuilder.build (SingleThreadedBuilder.java:53)
    at org.apache.maven.lifecycle.internal.LifecycleStarter.execute (LifecycleStarter.java:118)
    at org.apache.maven.DefaultMaven.doExecute (DefaultMaven.java:261)
    at org.apache.maven.DefaultMaven.doExecute (DefaultMaven.java:173)
    at org.apache.maven.DefaultMaven.execute (DefaultMaven.java:101)
    at org.apache.maven.cli.MavenCli.execute (MavenCli.java:906)
    at org.apache.maven.cli.MavenCli.doMain (MavenCli.java:283)
    at org.apache.maven.cli.MavenCli.main (MavenCli.java:206)
    at jdk.internal.reflect.NativeMethodAccessorImpl.invoke0 (Native Method)
    at jdk.internal.reflect.NativeMethodAccessorImpl.invoke (NativeMethodAccessorImpl.java:77)
    at jdk.internal.reflect.DelegatingMethodAccessorImpl.invoke (DelegatingMethodAccessorImpl.java:43)
    at java.lang.reflect.Method.invoke (Method.java:569)
    at org.codehaus.plexus.classworlds.launcher.Launcher.launchEnhanced (Launcher.java:283)
    at org.codehaus.plexus.classworlds.launcher.Launcher.launch (Launcher.java:226)
    at org.codehaus.plexus.classworlds.launcher.Launcher.mainWithExitCode (Launcher.java:407)
    at org.codehaus.plexus.classworlds.launcher.Launcher.main (Launcher.java:348)
    at jdk.internal.reflect.NativeMethodAccessorImpl.invoke0 (Native Method)
    at jdk.internal.reflect.NativeMethodAccessorImpl.invoke (NativeMethodAccessorImpl.java:77)
    at jdk.internal.reflect.DelegatingMethodAccessorImpl.invoke (DelegatingMethodAccessorImpl.java:43)
    at java.lang.reflect.Method.invoke (Method.java:569)
    at org.apache.maven.wrapper.BootstrapMainStarter.start (BootstrapMainStarter.java:52)
    at org.apache.maven.wrapper.WrapperExecutor.execute (WrapperExecutor.java:161)
    at org.apache.maven.wrapper.MavenWrapperMain.main (MavenWrapperMain.java:73)
[ERROR] 
[ERROR] 
[ERROR] For more information about the errors and possible solutions, please read the following articles:
[ERROR] [Help 1] http://cwiki.apache.org/confluence/display/MAVEN/MojoFailureException
[DEBUG] Shutting down adapter factory; available factories [file-lock, rwlock-local, semaphore-local, noop]; available name mappers [discriminating, file-gav, file-hgav, file-static, gav, static]
[DEBUG] Shutting down 'file-lock' factory
[DEBUG] Shutting down 'rwlock-local' factory
[DEBUG] Shutting down 'semaphore-local' factory
[DEBUG] Shutting down 'noop' factory
